../Core/Src/ili9341.c:40:6:LCD_Init	8	static
../Core/Src/ili9341.c:147:6:LCD_CMD	16	static
../Core/Src/ili9341.c:191:6:LCD_DATA	16	static
../Core/Src/ili9341.c:203:6:SetWindows	24	static
../Core/Src/ili9341.c:221:6:LCD_Clear	24	static
../Core/Src/ili9341.c:244:6:H_line	32	static
../Core/Src/ili9341.c:264:6:V_line	32	static
../Core/Src/ili9341.c:285:6:Rect	24	static
../Core/Src/ili9341.c:296:6:FillRect	40	static
../Core/Src/ili9341.c:343:6:LCD_Print	104	dynamic
../Core/Src/ili9341.c:409:6:LCD_Bitmap	40	static
../Core/Src/ili9341.c:449:6:LCD_BitmapTransparent	40	static
../Core/Src/ili9341.c:473:6:LCD_Sprite	64	static
