../Core/Src/main.c:118:5:presForFrequency	16	static
../Core/Src/main.c:127:6:playTone	40	static
../Core/Src/main.c:143:6:playTonePRE	40	static
../Core/Src/main.c:160:6:noTone	4	static
../Core/Src/main.c:165:6:PantallaInicio	16	static
../Core/Src/main.c:185:6:JogaBonito2	64	static
../Core/Src/main.c:217:6:InitEnemigos	24	static
../Core/Src/main.c:251:6:MoverAliens	56	static
../Core/Src/main.c:282:6:Marco	16	static
../Core/Src/main.c:290:6:Ganador_J1	16	static
../Core/Src/main.c:314:6:Ganador_J2	16	static
../Core/Src/main.c:338:6:transicion	24	static
../Core/Src/main.c:353:5:main	16	static
../Core/Src/main.c:506:6:SystemClock_Config	88	static
../Core/Src/main.c:554:13:MX_SPI1_Init	8	static
../Core/Src/main.c:592:13:MX_TIM1_Init	96	static
../Core/Src/main.c:666:13:MX_USART1_UART_Init	8	static
../Core/Src/main.c:699:13:MX_USART2_UART_Init	8	static
../Core/Src/main.c:732:13:MX_USART6_UART_Init	8	static
../Core/Src/main.c:765:13:MX_GPIO_Init	48	static
../Core/Src/main.c:820:6:HAL_UART_RxCpltCallback	16	static
../Core/Src/main.c:852:6:Error_Handler	4	static,ignoring_inline_asm
