../Core/Src/main.c:132:5:presForFrequency	16	static
../Core/Src/main.c:141:6:playTone	40	static
../Core/Src/main.c:157:6:playTonePRE	40	static
../Core/Src/main.c:174:6:noTone	4	static
../Core/Src/main.c:179:6:PantallaInicio	16	static
../Core/Src/main.c:199:6:JogaBonito2	64	static
../Core/Src/main.c:231:6:InitEnemigos	24	static
../Core/Src/main.c:275:6:MoverAliens	72	static
../Core/Src/main.c:336:6:Marco	16	static
../Core/Src/main.c:344:6:Ganador_J1	16	static
../Core/Src/main.c:368:6:Ganador_J2	16	static
../Core/Src/main.c:392:6:transicion	24	static
../Core/Src/main.c:407:5:main	16	static
../Core/Src/main.c:568:6:SystemClock_Config	88	static
../Core/Src/main.c:616:13:MX_SPI1_Init	8	static
../Core/Src/main.c:654:13:MX_TIM1_Init	96	static
../Core/Src/main.c:728:13:MX_USART1_UART_Init	8	static
../Core/Src/main.c:761:13:MX_USART2_UART_Init	8	static
../Core/Src/main.c:794:13:MX_USART6_UART_Init	8	static
../Core/Src/main.c:827:13:MX_GPIO_Init	48	static
../Core/Src/main.c:882:6:HAL_UART_RxCpltCallback	16	static
../Core/Src/main.c:914:6:Error_Handler	4	static,ignoring_inline_asm
