../Core/Src/main.c:246:6:Musica_Comando	16	static
../Core/Src/main.c:251:6:PantallaInicio	16	static
../Core/Src/main.c:271:6:MostrarStage	48	static
../Core/Src/main.c:284:6:Limpiar	16	static
../Core/Src/main.c:289:6:InitStage1	48	static
../Core/Src/main.c:327:6:InitStage2	32	static
../Core/Src/main.c:354:6:InitStage3	32	static
../Core/Src/main.c:377:6:Iniciar	24	static
../Core/Src/main.c:426:6:InitJuego1	16	static
../Core/Src/main.c:445:6:InitJuego2	16	static
../Core/Src/main.c:471:6:MoverAliens	104	static
../Core/Src/main.c:574:6:MoverNaves	64	static
../Core/Src/main.c:627:6:Marco	16	static
../Core/Src/main.c:635:6:Dibujar	16	static
../Core/Src/main.c:656:6:Disparar	32	static
../Core/Src/main.c:672:6:ActualizarBalas	48	static
../Core/Src/main.c:703:5:ChequearColision	40	static
../Core/Src/main.c:708:6:GuardarScoreSD	88	static
../Core/Src/main.c:719:6:Ganador_J1	96	static
../Core/Src/main.c:759:6:Ganador_J2	56	static
../Core/Src/main.c:794:6:transicion	24	static
../Core/Src/main.c:809:5:main	80	static
../Core/Src/main.c:1252:6:SystemClock_Config	88	static
../Core/Src/main.c:1300:13:MX_SPI1_Init	8	static
../Core/Src/main.c:1338:13:MX_SPI2_Init	8	static
../Core/Src/main.c:1376:13:MX_TIM1_Init	96	static
../Core/Src/main.c:1450:13:MX_USART1_UART_Init	8	static
../Core/Src/main.c:1483:13:MX_USART2_UART_Init	8	static
../Core/Src/main.c:1516:13:MX_USART3_UART_Init	8	static
../Core/Src/main.c:1549:13:MX_USART6_UART_Init	8	static
../Core/Src/main.c:1582:13:MX_GPIO_Init	48	static
../Core/Src/main.c:1640:6:HAL_UART_RxCpltCallback	16	static
../Core/Src/main.c:1732:6:Error_Handler	4	static,ignoring_inline_asm
