../Core/Src/main.c:110:5:presForFrequency	16	static
../Core/Src/main.c:119:6:playTone	40	static
../Core/Src/main.c:135:6:playTonePRE	40	static
../Core/Src/main.c:152:6:noTone	4	static
../Core/Src/main.c:162:5:main	16	static
../Core/Src/main.c:217:6:SystemClock_Config	88	static
../Core/Src/main.c:265:13:MX_SPI1_Init	8	static
../Core/Src/main.c:303:13:MX_TIM1_Init	96	static
../Core/Src/main.c:377:13:MX_USART2_UART_Init	8	static
../Core/Src/main.c:410:13:MX_GPIO_Init	48	static
../Core/Src/main.c:472:6:Error_Handler	4	static,ignoring_inline_asm
