../Core/Src/main.c:99:5:presForFrequency	16	static
../Core/Src/main.c:108:6:playTone	40	static
../Core/Src/main.c:124:6:playTonePRE	40	static
../Core/Src/main.c:141:6:noTone	4	static
../Core/Src/main.c:146:6:PantallaInicio	16	static
../Core/Src/main.c:166:6:JogaBonito	24	static
../Core/Src/main.c:174:6:Marco	16	static
../Core/Src/main.c:182:6:Ganador_J1	16	static
../Core/Src/main.c:206:6:Ganador_J2	16	static
../Core/Src/main.c:230:6:transicion	24	static
../Core/Src/main.c:245:5:main	8	static
../Core/Src/main.c:373:6:SystemClock_Config	88	static
../Core/Src/main.c:421:13:MX_SPI1_Init	8	static
../Core/Src/main.c:459:13:MX_TIM1_Init	96	static
../Core/Src/main.c:533:13:MX_USART1_UART_Init	8	static
../Core/Src/main.c:566:13:MX_USART2_UART_Init	8	static
../Core/Src/main.c:599:13:MX_USART6_UART_Init	8	static
../Core/Src/main.c:632:13:MX_GPIO_Init	48	static
../Core/Src/main.c:687:6:HAL_UART_RxCpltCallback	16	static
../Core/Src/main.c:719:6:Error_Handler	4	static,ignoring_inline_asm
