../Core/Src/main.c:182:5:presForFrequency	16	static
../Core/Src/main.c:191:6:playTone	40	static
../Core/Src/main.c:207:6:playTonePRE	40	static
../Core/Src/main.c:224:6:noTone	4	static
../Core/Src/main.c:229:6:PantallaInicio	16	static
../Core/Src/main.c:249:6:InitJuego1	8	static
../Core/Src/main.c:259:6:InitJuego2	24	static
../Core/Src/main.c:306:6:InitEnemigos	32	static
../Core/Src/main.c:349:6:MoverAliens	80	static
../Core/Src/main.c:412:6:MoverNaves	48	static
../Core/Src/main.c:443:6:Marco	16	static
../Core/Src/main.c:451:6:Ganador_J1	16	static
../Core/Src/main.c:475:6:Ganador_J2	16	static
../Core/Src/main.c:499:6:transicion	24	static
../Core/Src/main.c:514:5:main	24	static
../Core/Src/main.c:662:6:SystemClock_Config	88	static
../Core/Src/main.c:710:13:MX_SPI1_Init	8	static
../Core/Src/main.c:748:13:MX_TIM1_Init	96	static
../Core/Src/main.c:822:13:MX_USART1_UART_Init	8	static
../Core/Src/main.c:855:13:MX_USART2_UART_Init	8	static
../Core/Src/main.c:888:13:MX_USART6_UART_Init	8	static
../Core/Src/main.c:921:13:MX_GPIO_Init	48	static
../Core/Src/main.c:976:6:HAL_UART_RxCpltCallback	16	static
../Core/Src/main.c:1068:6:Error_Handler	4	static,ignoring_inline_asm
