../Core/Src/main.c:195:5:presForFrequency	16	static
../Core/Src/main.c:204:6:playTone	40	static
../Core/Src/main.c:220:6:playTonePRE	40	static
../Core/Src/main.c:237:6:noTone	4	static
../Core/Src/main.c:242:6:PantallaInicio	16	static
../Core/Src/main.c:262:6:InitJuego1	8	static
../Core/Src/main.c:272:6:InitJuego2	8	static
../Core/Src/main.c:294:6:InitEnemigos	32	static
../Core/Src/main.c:346:6:MoverAliens	80	static
../Core/Src/main.c:409:6:MoverNaves	48	static
../Core/Src/main.c:440:6:Marco	16	static
../Core/Src/main.c:448:6:Dibujar	16	static
../Core/Src/main.c:464:6:Disparar	32	static
../Core/Src/main.c:480:6:ActualizarBalas	48	static
../Core/Src/main.c:498:6:Ganador_J1	16	static
../Core/Src/main.c:522:6:Ganador_J2	16	static
../Core/Src/main.c:546:6:transicion	24	static
../Core/Src/main.c:561:5:main	24	static
../Core/Src/main.c:735:6:SystemClock_Config	88	static
../Core/Src/main.c:783:13:MX_SPI1_Init	8	static
../Core/Src/main.c:821:13:MX_TIM1_Init	96	static
../Core/Src/main.c:895:13:MX_USART1_UART_Init	8	static
../Core/Src/main.c:928:13:MX_USART2_UART_Init	8	static
../Core/Src/main.c:961:13:MX_USART6_UART_Init	8	static
../Core/Src/main.c:994:13:MX_GPIO_Init	48	static
../Core/Src/main.c:1049:6:HAL_UART_RxCpltCallback	16	static
../Core/Src/main.c:1141:6:Error_Handler	4	static,ignoring_inline_asm
