../Core/Src/main.c:237:6:Musica_Comando	16	static
../Core/Src/main.c:242:6:PantallaInicio	16	static
../Core/Src/main.c:262:6:InitJuego1	8	static
../Core/Src/main.c:274:6:InitJuego2	8	static
../Core/Src/main.c:300:6:InitEnemigos	32	static
../Core/Src/main.c:354:6:MoverAliens	80	static
../Core/Src/main.c:418:6:MoverNaves	64	static
../Core/Src/main.c:471:6:Marco	16	static
../Core/Src/main.c:479:6:Dibujar	16	static
../Core/Src/main.c:495:6:Disparar	32	static
../Core/Src/main.c:511:6:ActualizarBalas	48	static
../Core/Src/main.c:529:5:ChequearColision	40	static
../Core/Src/main.c:534:6:Ganador_J1	16	static
../Core/Src/main.c:558:6:Ganador_J2	16	static
../Core/Src/main.c:582:6:transicion	24	static
../Core/Src/main.c:597:5:main	72	static
../Core/Src/main.c:964:6:SystemClock_Config	88	static
../Core/Src/main.c:1012:13:MX_SPI1_Init	8	static
../Core/Src/main.c:1050:13:MX_SPI2_Init	8	static
../Core/Src/main.c:1088:13:MX_TIM1_Init	96	static
../Core/Src/main.c:1162:13:MX_USART1_UART_Init	8	static
../Core/Src/main.c:1195:13:MX_USART2_UART_Init	8	static
../Core/Src/main.c:1228:13:MX_USART3_UART_Init	8	static
../Core/Src/main.c:1261:13:MX_USART6_UART_Init	8	static
../Core/Src/main.c:1294:13:MX_GPIO_Init	48	static
../Core/Src/main.c:1352:6:HAL_UART_RxCpltCallback	16	static
../Core/Src/main.c:1444:6:Error_Handler	4	static,ignoring_inline_asm
