Archive member included to satisfy reference by file (symbol)

C:/ST/STM32CubeIDE_2.1.0/STM32CubeIDE/plugins/com.st.stm32cube.ide.mcu.externaltools.gnu-tools-for-stm32.14.3.rel1.win32_1.0.100.202602081740/tools/bin/../lib/gcc/arm-none-eabi/14.3.1/../../../../arm-none-eabi/lib/thumb/v7e-m+fp/hard\libc_nano.a(libc_a-exit.o)
                              C:/ST/STM32CubeIDE_2.1.0/STM32CubeIDE/plugins/com.st.stm32cube.ide.mcu.externaltools.gnu-tools-for-stm32.14.3.rel1.win32_1.0.100.202602081740/tools/bin/../lib/gcc/arm-none-eabi/14.3.1/../../../../arm-none-eabi/lib/thumb/v7e-m+fp/hard/crt0.o (exit)
C:/ST/STM32CubeIDE_2.1.0/STM32CubeIDE/plugins/com.st.stm32cube.ide.mcu.externaltools.gnu-tools-for-stm32.14.3.rel1.win32_1.0.100.202602081740/tools/bin/../lib/gcc/arm-none-eabi/14.3.1/../../../../arm-none-eabi/lib/thumb/v7e-m+fp/hard\libc_nano.a(libc_a-findfp.o)
                              C:/ST/STM32CubeIDE_2.1.0/STM32CubeIDE/plugins/com.st.stm32cube.ide.mcu.externaltools.gnu-tools-for-stm32.14.3.rel1.win32_1.0.100.202602081740/tools/bin/../lib/gcc/arm-none-eabi/14.3.1/../../../../arm-none-eabi/lib/thumb/v7e-m+fp/hard\libc_nano.a(libc_a-exit.o) (__stdio_exit_handler)
C:/ST/STM32CubeIDE_2.1.0/STM32CubeIDE/plugins/com.st.stm32cube.ide.mcu.externaltools.gnu-tools-for-stm32.14.3.rel1.win32_1.0.100.202602081740/tools/bin/../lib/gcc/arm-none-eabi/14.3.1/../../../../arm-none-eabi/lib/thumb/v7e-m+fp/hard\libc_nano.a(libc_a-fwalk.o)
                              C:/ST/STM32CubeIDE_2.1.0/STM32CubeIDE/plugins/com.st.stm32cube.ide.mcu.externaltools.gnu-tools-for-stm32.14.3.rel1.win32_1.0.100.202602081740/tools/bin/../lib/gcc/arm-none-eabi/14.3.1/../../../../arm-none-eabi/lib/thumb/v7e-m+fp/hard\libc_nano.a(libc_a-findfp.o) (_fwalk_sglue)
C:/ST/STM32CubeIDE_2.1.0/STM32CubeIDE/plugins/com.st.stm32cube.ide.mcu.externaltools.gnu-tools-for-stm32.14.3.rel1.win32_1.0.100.202602081740/tools/bin/../lib/gcc/arm-none-eabi/14.3.1/../../../../arm-none-eabi/lib/thumb/v7e-m+fp/hard\libc_nano.a(libc_a-sprintf.o)
                              ./Core/Src/main.o (sprintf)
C:/ST/STM32CubeIDE_2.1.0/STM32CubeIDE/plugins/com.st.stm32cube.ide.mcu.externaltools.gnu-tools-for-stm32.14.3.rel1.win32_1.0.100.202602081740/tools/bin/../lib/gcc/arm-none-eabi/14.3.1/../../../../arm-none-eabi/lib/thumb/v7e-m+fp/hard\libc_nano.a(libc_a-stdio.o)
                              C:/ST/STM32CubeIDE_2.1.0/STM32CubeIDE/plugins/com.st.stm32cube.ide.mcu.externaltools.gnu-tools-for-stm32.14.3.rel1.win32_1.0.100.202602081740/tools/bin/../lib/gcc/arm-none-eabi/14.3.1/../../../../arm-none-eabi/lib/thumb/v7e-m+fp/hard\libc_nano.a(libc_a-findfp.o) (__sread)
C:/ST/STM32CubeIDE_2.1.0/STM32CubeIDE/plugins/com.st.stm32cube.ide.mcu.externaltools.gnu-tools-for-stm32.14.3.rel1.win32_1.0.100.202602081740/tools/bin/../lib/gcc/arm-none-eabi/14.3.1/../../../../arm-none-eabi/lib/thumb/v7e-m+fp/hard\libc_nano.a(libc_a-memset.o)
                              C:/ST/STM32CubeIDE_2.1.0/STM32CubeIDE/plugins/com.st.stm32cube.ide.mcu.externaltools.gnu-tools-for-stm32.14.3.rel1.win32_1.0.100.202602081740/tools/bin/../lib/gcc/arm-none-eabi/14.3.1/../../../../arm-none-eabi/lib/thumb/v7e-m+fp/hard/crt0.o (memset)
C:/ST/STM32CubeIDE_2.1.0/STM32CubeIDE/plugins/com.st.stm32cube.ide.mcu.externaltools.gnu-tools-for-stm32.14.3.rel1.win32_1.0.100.202602081740/tools/bin/../lib/gcc/arm-none-eabi/14.3.1/../../../../arm-none-eabi/lib/thumb/v7e-m+fp/hard\libc_nano.a(libc_a-closer.o)
                              C:/ST/STM32CubeIDE_2.1.0/STM32CubeIDE/plugins/com.st.stm32cube.ide.mcu.externaltools.gnu-tools-for-stm32.14.3.rel1.win32_1.0.100.202602081740/tools/bin/../lib/gcc/arm-none-eabi/14.3.1/../../../../arm-none-eabi/lib/thumb/v7e-m+fp/hard\libc_nano.a(libc_a-stdio.o) (_close_r)
C:/ST/STM32CubeIDE_2.1.0/STM32CubeIDE/plugins/com.st.stm32cube.ide.mcu.externaltools.gnu-tools-for-stm32.14.3.rel1.win32_1.0.100.202602081740/tools/bin/../lib/gcc/arm-none-eabi/14.3.1/../../../../arm-none-eabi/lib/thumb/v7e-m+fp/hard\libc_nano.a(libc_a-reent.o)
                              C:/ST/STM32CubeIDE_2.1.0/STM32CubeIDE/plugins/com.st.stm32cube.ide.mcu.externaltools.gnu-tools-for-stm32.14.3.rel1.win32_1.0.100.202602081740/tools/bin/../lib/gcc/arm-none-eabi/14.3.1/../../../../arm-none-eabi/lib/thumb/v7e-m+fp/hard\libc_nano.a(libc_a-closer.o) (errno)
C:/ST/STM32CubeIDE_2.1.0/STM32CubeIDE/plugins/com.st.stm32cube.ide.mcu.externaltools.gnu-tools-for-stm32.14.3.rel1.win32_1.0.100.202602081740/tools/bin/../lib/gcc/arm-none-eabi/14.3.1/../../../../arm-none-eabi/lib/thumb/v7e-m+fp/hard\libc_nano.a(libc_a-impure.o)
                              C:/ST/STM32CubeIDE_2.1.0/STM32CubeIDE/plugins/com.st.stm32cube.ide.mcu.externaltools.gnu-tools-for-stm32.14.3.rel1.win32_1.0.100.202602081740/tools/bin/../lib/gcc/arm-none-eabi/14.3.1/../../../../arm-none-eabi/lib/thumb/v7e-m+fp/hard\libc_nano.a(libc_a-sprintf.o) (_impure_ptr)
[...]
Memory Configuration

Name             Origin             Length             Attributes
RAM              0x20000000         0x00020000         xrw
FLASH            0x08000000         0x00080000         xr
*default*        0x00000000         0xffffffff

Linker script and memory map

LOAD C:/ST/STM32CubeIDE_2.1.0/STM32CubeIDE/plugins/com.st.stm32cube.ide.mcu.externaltools.gnu-tools-for-stm32.14.3.rel1.win32_1.0.100.202602081740/tools/bin/../lib/gcc/arm-none-eabi/14.3.1/thumb/v7e-m+fp/hard/crti.o
LOAD C:/ST/STM32CubeIDE_2.1.0/STM32CubeIDE/plugins/com.st.stm32cube.ide.mcu.externaltools.gnu-tools-for-stm32.14.3.rel1.win32_1.0.100.202602081740/tools/bin/../lib/gcc/arm-none-eabi/14.3.1/thumb/v7e-m+fp/hard/crtbegin.o
LOAD C:/ST/STM32CubeIDE_2.1.0/STM32CubeIDE/plugins/com.st.stm32cube.ide.mcu.externaltools.gnu-tools-for-stm32.14.3.rel1.win32_1.0.100.202602081740/tools/bin/../lib/gcc/arm-none-eabi/14.3.1/../../../../arm-none-eabi/lib/thumb/v7e-m+fp/hard/crt0.o
LOAD ./Core/Src/fatfs_sd.o
LOAD ./Core/Src/font.o
LOAD ./Core/Src/graficos.o
LOAD ./Core/Src/ili9341.o
LOAD ./Core/Src/main.o
LOAD ./Core/Src/stm32f4xx_hal_msp.o
LOAD ./Core/Src/stm32f4xx_it.o
LOAD ./Core/Src/syscalls.o
LOAD ./Core/Src/sysmem.o
LOAD ./Core/Src/system_stm32f4xx.o
LOAD ./Core/Startup/startup_stm32f446retx.o
LOAD ./Drivers/STM32F4xx_HAL_Driver/Src/stm32f4xx_hal.o
LOAD ./Drivers/STM32F4xx_HAL_Driver/Src/stm32f4xx_hal_cortex.o
LOAD ./Drivers/STM32F4xx_HAL_Driver/Src/stm32f4xx_hal_dma.o
LOAD ./Drivers/STM32F4xx_HAL_Driver/Src/stm32f4xx_hal_dma_ex.o
LOAD ./Drivers/STM32F4xx_HAL_Driver/Src/stm32f4xx_hal_exti.o
LOAD ./Drivers/STM32F4xx_HAL_Driver/Src/stm32f4xx_hal_flash.o
LOAD ./Drivers/STM32F4xx_HAL_Driver/Src/stm32f4xx_hal_flash_ex.o
LOAD ./Drivers/STM32F4xx_HAL_Driver/Src/stm32f4xx_hal_flash_ramfunc.o
LOAD ./Drivers/STM32F4xx_HAL_Driver/Src/stm32f4xx_hal_gpio.o
LOAD ./Drivers/STM32F4xx_HAL_Driver/Src/stm32f4xx_hal_pwr.o
LOAD ./Drivers/STM32F4xx_HAL_Driver/Src/stm32f4xx_hal_pwr_ex.o
LOAD ./Drivers/STM32F4xx_HAL_Driver/Src/stm32f4xx_hal_rcc.o
LOAD ./Drivers/STM32F4xx_HAL_Driver/Src/stm32f4xx_hal_rcc_ex.o
LOAD ./Drivers/STM32F4xx_HAL_Driver/Src/stm32f4xx_hal_spi.o
LOAD ./Drivers/STM32F4xx_HAL_Driver/Src/stm32f4xx_hal_tim.o
LOAD ./Drivers/STM32F4xx_HAL_Driver/Src/stm32f4xx_hal_tim_ex.o
LOAD ./Drivers/STM32F4xx_HAL_Driver/Src/stm32f4xx_hal_uart.o
LOAD ./FATFS/App/fatfs.o
LOAD ./FATFS/Target/user_diskio.o
LOAD ./Middlewares/Third_Party/FatFs/src/diskio.o
LOAD ./Middlewares/Third_Party/FatFs/src/ff.o
LOAD ./Middlewares/Third_Party/FatFs/src/ff_gen_drv.o
LOAD ./Middlewares/Third_Party/FatFs/src/option/ccsbcs.o
LOAD ./Middlewares/Third_Party/FatFs/src/option/syscall.o
START GROUP
LOAD C:/ST/STM32CubeIDE_2.1.0/STM32CubeIDE/plugins/com.st.stm32cube.ide.mcu.externaltools.gnu-tools-for-stm32.14.3.rel1.win32_1.0.100.202602081740/tools/bin/../lib/gcc/arm-none-eabi/14.3.1/../../../../arm-none-eabi/lib/thumb/v7e-m+fp/hard\libc_nano.a
LOAD C:/ST/STM32CubeIDE_2.1.0/STM32CubeIDE/plugins/com.st.stm32cube.ide.mcu.externaltools.gnu-tools-for-stm32.14.3.rel1.win32_1.0.100.202602081740/tools/bin/../lib/gcc/arm-none-eabi/14.3.1/../../../../arm-none-eabi/lib/thumb/v7e-m+fp/hard\libm.a
END GROUP
START GROUP
LOAD C:/ST/STM32CubeIDE_2.1.0/STM32CubeIDE/plugins/com.st.stm32cube.ide.mcu.externaltools.gnu-tools-for-stm32.14.3.rel1.win32_1.0.100.202602081740/tools/bin/../lib/gcc/arm-none-eabi/14.3.1/thumb/v7e-m+fp/hard\libgcc.a
LOAD C:/ST/STM32CubeIDE_2.1.0/STM32CubeIDE/plugins/com.st.stm32cube.ide.mcu.externaltools.gnu-tools-for-stm32.14.3.rel1.win32_1.0.100.202602081740/tools/bin/../lib/gcc/arm-none-eabi/14.3.1/../../../../arm-none-eabi/lib/thumb/v7e-m+fp/hard\libc_nano.a
END GROUP
START GROUP
LOAD C:/ST/STM32CubeIDE_2.1.0/STM32CubeIDE/plugins/com.st.stm32cube.ide.mcu.externaltools.gnu-tools-for-stm32.14.3.rel1.win32_1.0.100.202602081740/tools/bin/../lib/gcc/arm-none-eabi/14.3.1/thumb/v7e-m+fp/hard\libgcc.a
LOAD C:/ST/STM32CubeIDE_2.1.0/STM32CubeIDE/plugins/com.st.stm32cube.ide.mcu.externaltools.gnu-tools-for-stm32.14.3.rel1.win32_1.0.100.202602081740/tools/bin/../lib/gcc/arm-none-eabi/14.3.1/../../../../arm-none-eabi/lib/thumb/v7e-m+fp/hard\libc_nano.a
LOAD C:/ST/STM32CubeIDE_2.1.0/STM32CubeIDE/plugins/com.st.stm32cube.ide.mcu.externaltools.gnu-tools-for-stm32.14.3.rel1.win32_1.0.100.202602081740/tools/bin/../lib/gcc/arm-none-eabi/14.3.1/../../../../arm-none-eabi/lib/thumb/v7e-m+fp/hard\libnosys.a
END GROUP
START GROUP
LOAD C:/ST/STM32CubeIDE_2.1.0/STM32CubeIDE/plugins/com.st.stm32cube.ide.mcu.externaltools.gnu-tools-for-stm32.14.3.rel1.win32_1.0.100.202602081740/tools/bin/../lib/gcc/arm-none-eabi/14.3.1/thumb/v7e-m+fp/hard\libgcc.a
LOAD C:/ST/STM32CubeIDE_2.1.0/STM32CubeIDE/plugins/com.st.stm32cube.ide.mcu.externaltools.gnu-tools-for-stm32.14.3.rel1.win32_1.0.100.202602081740/tools/bin/../lib/gcc/arm-none-eabi/14.3.1/../../../../arm-none-eabi/lib/thumb/v7e-m+fp/hard\libc_nano.a
LOAD C:/ST/STM32CubeIDE_2.1.0/STM32CubeIDE/plugins/com.st.stm32cube.ide.mcu.externaltools.gnu-tools-for-stm32.14.3.rel1.win32_1.0.100.202602081740/tools/bin/../lib/gcc/arm-none-eabi/14.3.1/../../../../arm-none-eabi/lib/thumb/v7e-m+fp/hard\libnosys.a
END GROUP
LOAD C:/ST/STM32CubeIDE_2.1.0/STM32CubeIDE/plugins/com.st.stm32cube.ide.mcu.externaltools.gnu-tools-for-stm32.14.3.rel1.win32_1.0.100.202602081740/tools/bin/../lib/gcc/arm-none-eabi/14.3.1/thumb/v7e-m+fp/hard/crtend.o
LOAD C:/ST/STM32CubeIDE_2.1.0/STM32CubeIDE/plugins/com.st.stm32cube.ide.mcu.externaltools.gnu-tools-for-stm32.14.3.rel1.win32_1.0.100.202602081740/tools/bin/../lib/gcc/arm-none-eabi/14.3.1/thumb/v7e-m+fp/hard/crtn.o
                0x20020000                        _estack = (ORIGIN (RAM) + LENGTH (RAM))
                0x00000200                        _Min_Heap_Size = 0x200
                0x00000400                        _Min_Stack_Size = 0x400

.isr_vector     0x08000000      0x1c4
                0x08000000                        . = ALIGN (0x4)
 *(.isr_vector)
 .isr_vector    0x08000000      0x1c4 ./Core/Startup/startup_stm32f446retx.o
                0x08000000                g_pfnVectors
                0x080001c4                        . = ALIGN (0x4)

.text           0x080001d0     0xdc38
                0x080001d0                        . = ALIGN (0x4)
 *(.text)
 .text          0x080001d0       0x40 C:/ST/STM32CubeIDE_2.1.0/STM32CubeIDE/plugins/com.st.stm32cube.ide.mcu.externaltools.gnu-tools-for-stm32.14.3.rel1.win32_1.0.100.202602081740/tools/bin/../lib/gcc/arm-none-eabi/14.3.1/thumb/v7e-m+fp/hard/crtbegin.o
 .text          0x08000210       0x10 C:/ST/STM32CubeIDE_2.1.0/STM32CubeIDE/plugins/com.st.stm32cube.ide.mcu.externaltools.gnu-tools-for-stm32.14.3.rel1.win32_1.0.100.202602081740/tools/bin/../lib/gcc/arm-none-eabi/14.3.1/../../../../arm-none-eabi/lib/thumb/v7e-m+fp/hard\libc_nano.a(libc_a-strlen.o)
                0x08000210                strlen
 .text          0x08000220       0xa0 C:/ST/STM32CubeIDE_2.1.0/STM32CubeIDE/plugins/com.st.stm32cube.ide.mcu.externaltools.gnu-tools-for-stm32.14.3.rel1.win32_1.0.100.202602081740/tools/bin/../lib/gcc/arm-none-eabi/14.3.1/../../../../arm-none-eabi/lib/thumb/v7e-m+fp/hard\libc_nano.a(libc_a-memchr.o)
                0x08000220                memchr
 .text          0x080002c0      0x378 C:/ST/STM32CubeIDE_2.1.0/STM32CubeIDE/plugins/com.st.stm32cube.ide.mcu.externaltools.gnu-tools-for-stm32.14.3.rel1.win32_1.0.100.202602081740/tools/bin/../lib/gcc/arm-none-eabi/14.3.1/thumb/v7e-m+fp/hard\libgcc.a(_arm_addsubdf3.o)
                0x080002c0                __aeabi_drsub
                0x080002c8                __aeabi_dsub
                0x080002c8                __subdf3
                0x080002cc                __aeabi_dadd
                0x080002cc                __adddf3
                0x08000544                __floatunsidf
                0x08000544                __aeabi_ui2d
                0x08000564                __floatsidf
                0x08000564                __aeabi_i2d
                0x08000588                __aeabi_f2d
                0x08000588                __extendsfdf2
                0x080005cc                __floatundidf
                0x080005cc                __aeabi_ul2d
                0x080005dc                __floatdidf
                0x080005dc                __aeabi_l2d
 .text          0x08000638      0x424 C:/ST/STM32CubeIDE_2.1.0/STM32CubeIDE/plugins/com.st.stm32cube.ide.mcu.externaltools.gnu-tools-for-stm32.14.3.rel1.win32_1.0.100.202602081740/tools/bin/../lib/gcc/arm-none-eabi/14.3.1/thumb/v7e-m+fp/hard\libgcc.a(_arm_muldivdf3.o)
                0x08000638                __aeabi_dmul
                0x08000638                __muldf3
                0x0800088c                __divdf3
                0x0800088c                __aeabi_ddiv
 .text          0x08000a5c      0x110 C:/ST/STM32CubeIDE_2.1.0/STM32CubeIDE/plugins/com.st.stm32cube.ide.mcu.externaltools.gnu-tools-for-stm32.14.3.rel1.win32_1.0.100.202602081740/tools/bin/../lib/gcc/arm-none-eabi/14.3.1/thumb/v7e-m+fp/hard\libgcc.a(_arm_cmpdf2.o)
                0x08000a5c                __gtdf2
                0x08000a5c                __gedf2
                0x08000a64                __ltdf2
                0x08000a64                __ledf2
                0x08000a6c                __nedf2
                0x08000a6c                __eqdf2
                0x08000a6c                __cmpdf2
                0x08000ae8                __aeabi_cdrcmple
                0x08000af8                __aeabi_cdcmpeq
                0x08000af8                __aeabi_cdcmple
                0x08000b08                __aeabi_dcmpeq
                0x08000b1c                __aeabi_dcmplt
                0x08000b30                __aeabi_dcmple
                0x08000b44                __aeabi_dcmpge
                0x08000b58                __aeabi_dcmpgt
 .text          0x08000b6c       0x50 C:/ST/STM32CubeIDE_2.1.0/STM32CubeIDE/plugins/com.st.stm32cube.ide.mcu.externaltools.gnu-tools-for-stm32.14.3.rel1.win32_1.0.100.202602081740/tools/bin/../lib/gcc/arm-none-eabi/14.3.1/thumb/v7e-m+fp/hard\libgcc.a(_arm_fixdfsi.o)
                0x08000b6c                __aeabi_d2iz
                0x08000b6c                __fixdfsi
 .text          0x08000bbc       0xa0 C:/ST/STM32CubeIDE_2.1.0/STM32CubeIDE/plugins/com.st.stm32cube.ide.mcu.externaltools.gnu-tools-for-stm32.14.3.rel1.win32_1.0.100.202602081740/tools/bin/../lib/gcc/arm-none-eabi/14.3.1/thumb/v7e-m+fp/hard\libgcc.a(_arm_truncdfsf2.o)
                0x08000bbc                __truncdfsf2
                0x08000bbc                __aeabi_d2f
 .text          0x08000c5c       0x30 C:/ST/STM32CubeIDE_2.1.0/STM32CubeIDE/plugins/com.st.stm32cube.ide.mcu.externaltools.gnu-tools-for-stm32.14.3.rel1.win32_1.0.100.202602081740/tools/bin/../lib/gcc/arm-none-eabi/14.3.1/thumb/v7e-m+fp/hard\libgcc.a(_aeabi_uldivmod.o)
                0x08000c5c                __aeabi_uldivmod
 .text          0x08000c8c      0x2f8 C:/ST/STM32CubeIDE_2.1.0/STM32CubeIDE/plugins/com.st.stm32cube.ide.mcu.externaltools.gnu-tools-for-stm32.14.3.rel1.win32_1.0.100.202602081740/tools/bin/../lib/gcc/arm-none-eabi/14.3.1/thumb/v7e-m+fp/hard\libgcc.a(_udivmoddi4.o)
                0x08000c8c                __udivmoddi4
 .text          0x08000f84        0x4 C:/ST/STM32CubeIDE_2.1.0/STM32CubeIDE/plugins/com.st.stm32cube.ide.mcu.externaltools.gnu-tools-for-stm32.14.3.rel1.win32_1.0.100.202602081740/tools/bin/../lib/gcc/arm-none-eabi/14.3.1/thumb/v7e-m+fp/hard\libgcc.a(_dvmd_tls.o)
                0x08000f84                __aeabi_idiv0
                0x08000f84                __aeabi_ldiv0
 *(.text*)
 .text.SELECT   0x08000f88       0x1c ./Core/Src/fatfs_sd.o
 .text.DESELECT
                0x08000fa4       0x1c ./Core/Src/fatfs_sd.o
 .text.SPI_TxByte
                0x08000fc0       0x34 ./Core/Src/fatfs_sd.o
 .text.SPI_TxBuffer
                0x08000ff4       0x34 ./Core/Src/fatfs_sd.o
 .text.SPI_RxByte
                0x08001028       0x38 ./Core/Src/fatfs_sd.o
 .text.SPI_RxBytePtr
                0x08001060       0x1c ./Core/Src/fatfs_sd.o
 .text.SD_ReadyWait
                0x0800107c       0x34 ./Core/Src/fatfs_sd.o
 .text.SD_PowerOn
                0x080010b0       0x84 ./Core/Src/fatfs_sd.o
 .text.SD_PowerOff
                0x08001134       0x18 ./Core/Src/fatfs_sd.o
 .text.SD_CheckPower
                0x0800114c       0x18 ./Core/Src/fatfs_sd.o
 .text.SD_RxDataBlock
                0x08001164       0x60 ./Core/Src/fatfs_sd.o
 .text.SD_TxDataBlock
                0x080011c4       0xa0 ./Core/Src/fatfs_sd.o
 .text.SD_SendCmd
                0x08001264       0xa8 ./Core/Src/fatfs_sd.o
 .text.SD_disk_initialize
                0x0800130c      0x1d8 ./Core/Src/fatfs_sd.o
                0x0800130c                SD_disk_initialize
 .text.SD_disk_status
                0x080014e4       0x2c ./Core/Src/fatfs_sd.o
                0x080014e4                SD_disk_status
 .text.SD_disk_read
                0x08001510       0xd4 ./Core/Src/fatfs_sd.o
                0x08001510                SD_disk_read
 .text.SD_disk_write
                0x080015e4      0x108 ./Core/Src/fatfs_sd.o
                0x080015e4                SD_disk_write
 .text.SD_disk_ioctl
                0x080016ec      0x25c ./Core/Src/fatfs_sd.o
                0x080016ec                SD_disk_ioctl
 .text.LCD_Init
                0x08001948      0x1f8 ./Core/Src/ili9341.o
                0x08001948                LCD_Init
 .text.LCD_CMD  0x08001b40       0x68 ./Core/Src/ili9341.o
                0x08001b40                LCD_CMD
 .text.LCD_DATA
                0x08001ba8       0x40 ./Core/Src/ili9341.o
                0x08001ba8                LCD_DATA
 .text.SetWindows
                0x08001be8       0x80 ./Core/Src/ili9341.o
                0x08001be8                SetWindows
 .text.LCD_Clear
                0x08001c68       0x78 ./Core/Src/ili9341.o
                0x08001c68                LCD_Clear
 .text.H_line   0x08001ce0       0x74 ./Core/Src/ili9341.o
                0x08001ce0                H_line
 .text.V_line   0x08001d54       0x78 ./Core/Src/ili9341.o
                0x08001d54                V_line
 .text.Rect     0x08001dcc       0x4e ./Core/Src/ili9341.o
                0x08001dcc                Rect
 *fill*         0x08001e1a        0x2 
 .text.FillRect
                0x08001e1c       0xa4 ./Core/Src/ili9341.o
                0x08001e1c                FillRect
 .text.LCD_Print
                0x08001ec0      0x1d0 ./Core/Src/ili9341.o
                0x08001ec0                LCD_Print
 .text.LCD_Bitmap
                0x08002090       0x90 ./Core/Src/ili9341.o
                0x08002090                LCD_Bitmap
 .text.LCD_Sprite
                0x08002120      0x168 ./Core/Src/ili9341.o
                0x08002120                LCD_Sprite
 .text.Musica_Comando
                0x08002288       0x24 ./Core/Src/main.o
                0x08002288                Musica_Comando
 .text.PantallaInicio
                0x080022ac      0x13c ./Core/Src/main.o
                0x080022ac                PantallaInicio
 .text.InitJuego1
                0x080023e8       0x44 ./Core/Src/main.o
                0x080023e8                InitJuego1
 .text.InitJuego2
                0x0800242c       0x78 ./Core/Src/main.o
                0x0800242c                InitJuego2
 .text.InitEnemigos
                0x080024a4      0x300 ./Core/Src/main.o
                0x080024a4                InitEnemigos
 *fill*         0x080027a4        0x4 
 .text.MoverAliens
                0x080027a8      0x56c ./Core/Src/main.o
                0x080027a8                MoverAliens
 .text.MoverNaves
                0x08002d14      0x430 ./Core/Src/main.o
                0x08002d14                MoverNaves
 .text.Marco    0x08003144       0x5c ./Core/Src/main.o
                0x08003144                Marco
 .text.Dibujar  0x080031a0       0xec ./Core/Src/main.o
                0x080031a0                Dibujar
 .text.Disparar
                0x0800328c       0xdc ./Core/Src/main.o
                0x0800328c                Disparar
 .text.ActualizarBalas
                0x08003368      0x170 ./Core/Src/main.o
                0x08003368                ActualizarBalas
 .text.ChequearColision
                0x080034d8       0xb0 ./Core/Src/main.o
                0x080034d8                ChequearColision
 .text.Ganador_J1
                0x08003588      0x12c ./Core/Src/main.o
                0x08003588                Ganador_J1
 .text.Ganador_J2
                0x080036b4      0x12c ./Core/Src/main.o
                0x080036b4                Ganador_J2
 .text.transicion
                0x080037e0       0x40 ./Core/Src/main.o
                0x080037e0                transicion
 .text.main     0x08003820      0xc04 ./Core/Src/main.o
                0x08003820                main
 .text.SystemClock_Config
                0x08004424       0xdc ./Core/Src/main.o
                0x08004424                SystemClock_Config
 .text.MX_SPI1_Init
                0x08004500       0x6c ./Core/Src/main.o
 .text.MX_SPI2_Init
                0x0800456c       0x6c ./Core/Src/main.o
 .text.MX_TIM1_Init
                0x080045d8      0x13c ./Core/Src/main.o
 .text.MX_USART1_UART_Init
                0x08004714       0x54 ./Core/Src/main.o
 .text.MX_USART2_UART_Init
                0x08004768       0x54 ./Core/Src/main.o
 .text.MX_USART3_UART_Init
                0x080047bc       0x54 ./Core/Src/main.o
 .text.MX_USART6_UART_Init
                0x08004810       0x54 ./Core/Src/main.o
 .text.MX_GPIO_Init
                0x08004864      0x138 ./Core/Src/main.o
 .text.HAL_UART_RxCpltCallback
                0x0800499c      0x1c4 ./Core/Src/main.o
                0x0800499c                HAL_UART_RxCpltCallback
 .text.Error_Handler
                0x08004b60        0xc ./Core/Src/main.o
                0x08004b60                Error_Handler
 .text.HAL_MspInit
                0x08004b6c       0x50 ./Core/Src/stm32f4xx_hal_msp.o
                0x08004b6c                HAL_MspInit
 .text.HAL_SPI_MspInit
                0x08004bbc      0x13c ./Core/Src/stm32f4xx_hal_msp.o
                0x08004bbc                HAL_SPI_MspInit
 .text.HAL_TIM_Base_MspInit
                0x08004cf8       0x44 ./Core/Src/stm32f4xx_hal_msp.o
                0x08004cf8                HAL_TIM_Base_MspInit
 .text.HAL_TIM_MspPostInit
                0x08004d3c       0x74 ./Core/Src/stm32f4xx_hal_msp.o
                0x08004d3c                HAL_TIM_MspPostInit
 .text.HAL_UART_MspInit
                0x08004db0      0x200 ./Core/Src/stm32f4xx_hal_msp.o
                0x08004db0                HAL_UART_MspInit
 .text.NMI_Handler
                0x08004fb0        0x8 ./Core/Src/stm32f4xx_it.o
                0x08004fb0                NMI_Handler
 .text.HardFault_Handler
                0x08004fb8        0x8 ./Core/Src/stm32f4xx_it.o
                0x08004fb8                HardFault_Handler
 .text.MemManage_Handler
                0x08004fc0        0x8 ./Core/Src/stm32f4xx_it.o
                0x08004fc0                MemManage_Handler
 .text.BusFault_Handler
                0x08004fc8        0x8 ./Core/Src/stm32f4xx_it.o
                0x08004fc8                BusFault_Handler
 .text.UsageFault_Handler
                0x08004fd0        0x8 ./Core/Src/stm32f4xx_it.o
                0x08004fd0                UsageFault_Handler
 .text.SVC_Handler
                0x08004fd8        0xe ./Core/Src/stm32f4xx_it.o
                0x08004fd8                SVC_Handler
 .text.DebugMon_Handler
                0x08004fe6        0xe ./Core/Src/stm32f4xx_it.o
                0x08004fe6                DebugMon_Handler
 .text.PendSV_Handler
                0x08004ff4        0xe ./Core/Src/stm32f4xx_it.o
                0x08004ff4                PendSV_Handler
 *fill*         0x08005002        0x2 
 .text.SysTick_Handler
                0x08005004       0x40 ./Core/Src/stm32f4xx_it.o
                0x08005004                SysTick_Handler
 .text.USART1_IRQHandler
                0x08005044       0x14 ./Core/Src/stm32f4xx_it.o
                0x08005044                USART1_IRQHandler
 .text.USART2_IRQHandler
                0x08005058       0x14 ./Core/Src/stm32f4xx_it.o
                0x08005058                USART2_IRQHandler
 .text.USART6_IRQHandler
                0x0800506c       0x14 ./Core/Src/stm32f4xx_it.o
                0x0800506c                USART6_IRQHandler
 .text._sbrk    0x08005080       0x6c ./Core/Src/sysmem.o
                0x08005080                _sbrk
 .text.SystemInit
                0x080050ec       0x24 ./Core/Src/system_stm32f4xx.o
                0x080050ec                SystemInit
 .text.Reset_Handler
                0x08005110       0x50 ./Core/Startup/startup_stm32f446retx.o
                0x08005110                Reset_Handler
 .text.Default_Handler
                0x08005160        0x2 ./Core/Startup/startup_stm32f446retx.o
                0x08005160                RTC_Alarm_IRQHandler
                0x08005160                EXTI2_IRQHandler
                0x08005160                TIM8_CC_IRQHandler
                0x08005160                FMPI2C1_EV_IRQHandler
                0x08005160                SPI4_IRQHandler
                0x08005160                TIM1_CC_IRQHandler
                0x08005160                DMA2_Stream5_IRQHandler
                0x08005160                DMA1_Stream5_IRQHandler
                0x08005160                PVD_IRQHandler
                0x08005160                SDIO_IRQHandler
                0x08005160                TAMP_STAMP_IRQHandler
                0x08005160                CAN2_RX1_IRQHandler
                0x08005160                EXTI3_IRQHandler
                0x08005160                TIM8_TRG_COM_TIM14_IRQHandler
                0x08005160                TIM1_UP_TIM10_IRQHandler
                0x08005160                TIM8_UP_TIM13_IRQHandler
                0x08005160                I2C3_ER_IRQHandler
                0x08005160                EXTI0_IRQHandler
                0x08005160                I2C2_EV_IRQHandler
                0x08005160                DMA1_Stream2_IRQHandler
                0x08005160                CAN1_RX0_IRQHandler
                0x08005160                FPU_IRQHandler
                0x08005160                OTG_HS_WKUP_IRQHandler
                0x08005160                CAN2_SCE_IRQHandler
                0x08005160                DMA2_Stream2_IRQHandler
                0x08005160                SPI1_IRQHandler
                0x08005160                TIM6_DAC_IRQHandler
                0x08005160                TIM1_BRK_TIM9_IRQHandler
                0x08005160                DCMI_IRQHandler
                0x08005160                CAN2_RX0_IRQHandler
                0x08005160                DMA2_Stream3_IRQHandler
                0x08005160                SAI2_IRQHandler
                0x08005160                USART3_IRQHandler
                0x08005160                CAN1_RX1_IRQHandler
                0x08005160                UART5_IRQHandler
                0x08005160                DMA2_Stream0_IRQHandler
                0x08005160                TIM4_IRQHandler
                0x08005160                QUADSPI_IRQHandler
                0x08005160                I2C1_EV_IRQHandler
                0x08005160                DMA1_Stream6_IRQHandler
                0x08005160                DMA1_Stream1_IRQHandler
                0x08005160                UART4_IRQHandler
                0x08005160                TIM3_IRQHandler
                0x08005160                RCC_IRQHandler
                0x08005160                TIM8_BRK_TIM12_IRQHandler
                0x08005160                Default_Handler
                0x08005160                CEC_IRQHandler
                0x08005160                EXTI15_10_IRQHandler
                0x08005160                ADC_IRQHandler
                0x08005160                DMA1_Stream7_IRQHandler
                0x08005160                TIM7_IRQHandler
                0x08005160                CAN2_TX_IRQHandler
                0x08005160                TIM5_IRQHandler
                0x08005160                DMA2_Stream7_IRQHandler
                0x08005160                I2C3_EV_IRQHandler
                0x08005160                EXTI9_5_IRQHandler
                0x08005160                RTC_WKUP_IRQHandler
                0x08005160                SPDIF_RX_IRQHandler
                0x08005160                SPI2_IRQHandler
                0x08005160                OTG_HS_EP1_IN_IRQHandler
                0x08005160                DMA1_Stream0_IRQHandler
                0x08005160                CAN1_TX_IRQHandler
                0x08005160                FMPI2C1_ER_IRQHandler
                0x08005160                EXTI4_IRQHandler
                0x08005160                OTG_HS_EP1_OUT_IRQHandler
                0x08005160                WWDG_IRQHandler
                0x08005160                TIM2_IRQHandler
                0x08005160                OTG_FS_WKUP_IRQHandler
                0x08005160                TIM1_TRG_COM_TIM11_IRQHandler
                0x08005160                OTG_HS_IRQHandler
                0x08005160                EXTI1_IRQHandler
                0x08005160                I2C2_ER_IRQHandler
                0x08005160                DMA2_Stream1_IRQHandler
                0x08005160                CAN1_SCE_IRQHandler
                0x08005160                FLASH_IRQHandler
                0x08005160                DMA2_Stream4_IRQHandler
                0x08005160                OTG_FS_IRQHandler
                0x08005160                SPI3_IRQHandler
                0x08005160                DMA1_Stream4_IRQHandler
                0x08005160                I2C1_ER_IRQHandler
                0x08005160                FMC_IRQHandler
                0x08005160                DMA2_Stream6_IRQHandler
                0x08005160                SAI1_IRQHandler
                0x08005160                DMA1_Stream3_IRQHandler
 *fill*         0x08005162        0x2 
 .text.HAL_Init
                0x08005164       0x44 ./Drivers/STM32F4xx_HAL_Driver/Src/stm32f4xx_hal.o
                0x08005164                HAL_Init
 .text.HAL_InitTick
                0x080051a8       0x60 ./Drivers/STM32F4xx_HAL_Driver/Src/stm32f4xx_hal.o
                0x080051a8                HAL_InitTick
 .text.HAL_IncTick
                0x08005208       0x28 ./Drivers/STM32F4xx_HAL_Driver/Src/stm32f4xx_hal.o
                0x08005208                HAL_IncTick
 .text.HAL_GetTick
                0x08005230       0x18 ./Drivers/STM32F4xx_HAL_Driver/Src/stm32f4xx_hal.o
                0x08005230                HAL_GetTick
 .text.HAL_Delay
                0x08005248       0x48 ./Drivers/STM32F4xx_HAL_Driver/Src/stm32f4xx_hal.o
                0x08005248                HAL_Delay
 .text.__NVIC_SetPriorityGrouping
                0x08005290       0x48 ./Drivers/STM32F4xx_HAL_Driver/Src/stm32f4xx_hal_cortex.o
 .text.__NVIC_GetPriorityGrouping
                0x080052d8       0x1c ./Drivers/STM32F4xx_HAL_Driver/Src/stm32f4xx_hal_cortex.o
 .text.__NVIC_EnableIRQ
                0x080052f4       0x3c ./Drivers/STM32F4xx_HAL_Driver/Src/stm32f4xx_hal_cortex.o
 .text.__NVIC_SetPriority
                0x08005330       0x54 ./Drivers/STM32F4xx_HAL_Driver/Src/stm32f4xx_hal_cortex.o
 .text.NVIC_EncodePriority
                0x08005384       0x66 ./Drivers/STM32F4xx_HAL_Driver/Src/stm32f4xx_hal_cortex.o
 *fill*         0x080053ea        0x2 
 .text.SysTick_Config
                0x080053ec       0x44 ./Drivers/STM32F4xx_HAL_Driver/Src/stm32f4xx_hal_cortex.o
 .text.HAL_NVIC_SetPriorityGrouping
                0x08005430       0x16 ./Drivers/STM32F4xx_HAL_Driver/Src/stm32f4xx_hal_cortex.o
                0x08005430                HAL_NVIC_SetPriorityGrouping
 .text.HAL_NVIC_SetPriority
                0x08005446       0x38 ./Drivers/STM32F4xx_HAL_Driver/Src/stm32f4xx_hal_cortex.o
                0x08005446                HAL_NVIC_SetPriority
 .text.HAL_NVIC_EnableIRQ
                0x0800547e       0x1c ./Drivers/STM32F4xx_HAL_Driver/Src/stm32f4xx_hal_cortex.o
                0x0800547e                HAL_NVIC_EnableIRQ
 .text.HAL_SYSTICK_Config
                0x0800549a       0x18 ./Drivers/STM32F4xx_HAL_Driver/Src/stm32f4xx_hal_cortex.o
                0x0800549a                HAL_SYSTICK_Config
 .text.HAL_SYSTICK_IRQHandler
                0x080054b2        0xc ./Drivers/STM32F4xx_HAL_Driver/Src/stm32f4xx_hal_cortex.o
                0x080054b2                HAL_SYSTICK_IRQHandler
 .text.HAL_SYSTICK_Callback
                0x080054be        0xe ./Drivers/STM32F4xx_HAL_Driver/Src/stm32f4xx_hal_cortex.o
                0x080054be                HAL_SYSTICK_Callback
 .text.HAL_DMA_Abort
                0x080054cc       0xe0 ./Drivers/STM32F4xx_HAL_Driver/Src/stm32f4xx_hal_dma.o
                0x080054cc                HAL_DMA_Abort
 .text.HAL_DMA_Abort_IT
                0x080055ac       0x44 ./Drivers/STM32F4xx_HAL_Driver/Src/stm32f4xx_hal_dma.o
                0x080055ac                HAL_DMA_Abort_IT
 .text.HAL_GPIO_Init
                0x080055f0      0x328 ./Drivers/STM32F4xx_HAL_Driver/Src/stm32f4xx_hal_gpio.o
                0x080055f0                HAL_GPIO_Init
 .text.HAL_GPIO_WritePin
                0x08005918       0x32 ./Drivers/STM32F4xx_HAL_Driver/Src/stm32f4xx_hal_gpio.o
                0x08005918                HAL_GPIO_WritePin
 *fill*         0x0800594a        0x2 
 .text.HAL_RCC_ClockConfig
                0x0800594c      0x1cc ./Drivers/STM32F4xx_HAL_Driver/Src/stm32f4xx_hal_rcc.o
                0x0800594c                HAL_RCC_ClockConfig
 .text.HAL_RCC_GetHCLKFreq
                0x08005b18       0x18 ./Drivers/STM32F4xx_HAL_Driver/Src/stm32f4xx_hal_rcc.o
                0x08005b18                HAL_RCC_GetHCLKFreq
 .text.HAL_RCC_GetPCLK1Freq
                0x08005b30       0x28 ./Drivers/STM32F4xx_HAL_Driver/Src/stm32f4xx_hal_rcc.o
                0x08005b30                HAL_RCC_GetPCLK1Freq
 .text.HAL_RCC_GetPCLK2Freq
                0x08005b58       0x28 ./Drivers/STM32F4xx_HAL_Driver/Src/stm32f4xx_hal_rcc.o
                0x08005b58                HAL_RCC_GetPCLK2Freq
 .text.HAL_RCC_GetSysClockFreq
                0x08005b80      0x460 ./Drivers/STM32F4xx_HAL_Driver/Src/stm32f4xx_hal_rcc_ex.o
                0x08005b80                HAL_RCC_GetSysClockFreq
 .text.HAL_RCC_OscConfig
                0x08005fe0      0x53c ./Drivers/STM32F4xx_HAL_Driver/Src/stm32f4xx_hal_rcc_ex.o
                0x08005fe0                HAL_RCC_OscConfig
 .text.HAL_SPI_Init
                0x0800651c      0x112 ./Drivers/STM32F4xx_HAL_Driver/Src/stm32f4xx_hal_spi.o
                0x0800651c                HAL_SPI_Init
 .text.HAL_SPI_Transmit
                0x0800662e      0x288 ./Drivers/STM32F4xx_HAL_Driver/Src/stm32f4xx_hal_spi.o
                0x0800662e                HAL_SPI_Transmit
 .text.HAL_SPI_TransmitReceive
                0x080068b6      0x352 ./Drivers/STM32F4xx_HAL_Driver/Src/stm32f4xx_hal_spi.o
                0x080068b6                HAL_SPI_TransmitReceive
 .text.SPI_WaitFlagStateUntilTimeout
                0x08006c08      0x110 ./Drivers/STM32F4xx_HAL_Driver/Src/stm32f4xx_hal_spi.o
 .text.SPI_EndRxTxTransaction
                0x08006d18       0xa8 ./Drivers/STM32F4xx_HAL_Driver/Src/stm32f4xx_hal_spi.o
 .text.HAL_TIM_Base_Init
                0x08006dc0       0x9e ./Drivers/STM32F4xx_HAL_Driver/Src/stm32f4xx_hal_tim.o
                0x08006dc0                HAL_TIM_Base_Init
 .text.HAL_TIM_PWM_Init
                0x08006e5e       0x9e ./Drivers/STM32F4xx_HAL_Driver/Src/stm32f4xx_hal_tim.o
                0x08006e5e                HAL_TIM_PWM_Init
 .text.HAL_TIM_PWM_MspInit
                0x08006efc       0x14 ./Drivers/STM32F4xx_HAL_Driver/Src/stm32f4xx_hal_tim.o
                0x08006efc                HAL_TIM_PWM_MspInit
 .text.HAL_TIM_PWM_Start
                0x08006f10      0x190 ./Drivers/STM32F4xx_HAL_Driver/Src/stm32f4xx_hal_tim.o
                0x08006f10                HAL_TIM_PWM_Start
 .text.HAL_TIM_PWM_ConfigChannel
                0x080070a0      0x184 ./Drivers/STM32F4xx_HAL_Driver/Src/stm32f4xx_hal_tim.o
                0x080070a0                HAL_TIM_PWM_ConfigChannel
 .text.HAL_TIM_ConfigClockSource
                0x08007224      0x18e ./Drivers/STM32F4xx_HAL_Driver/Src/stm32f4xx_hal_tim.o
                0x08007224                HAL_TIM_ConfigClockSource
 *fill*         0x080073b2        0x2 
 .text.TIM_Base_SetConfig
                0x080073b4      0x14c ./Drivers/STM32F4xx_HAL_Driver/Src/stm32f4xx_hal_tim.o
                0x080073b4                TIM_Base_SetConfig
 .text.TIM_OC1_SetConfig
                0x08007500       0xe0 ./Drivers/STM32F4xx_HAL_Driver/Src/stm32f4xx_hal_tim.o
 .text.TIM_OC2_SetConfig
                0x080075e0       0xec ./Drivers/STM32F4xx_HAL_Driver/Src/stm32f4xx_hal_tim.o
                0x080075e0                TIM_OC2_SetConfig
 .text.TIM_OC3_SetConfig
                0x080076cc       0xe8 ./Drivers/STM32F4xx_HAL_Driver/Src/stm32f4xx_hal_tim.o
 .text.TIM_OC4_SetConfig
                0x080077b4       0xac ./Drivers/STM32F4xx_HAL_Driver/Src/stm32f4xx_hal_tim.o
 .text.TIM_TI1_ConfigInputStage
                0x08007860       0x5e ./Drivers/STM32F4xx_HAL_Driver/Src/stm32f4xx_hal_tim.o
 .text.TIM_TI2_ConfigInputStage
                0x080078be       0x60 ./Drivers/STM32F4xx_HAL_Driver/Src/stm32f4xx_hal_tim.o
 .text.TIM_ITRx_SetConfig
                0x0800791e       0x36 ./Drivers/STM32F4xx_HAL_Driver/Src/stm32f4xx_hal_tim.o
 .text.TIM_ETR_SetConfig
                0x08007954       0x40 ./Drivers/STM32F4xx_HAL_Driver/Src/stm32f4xx_hal_tim.o
                0x08007954                TIM_ETR_SetConfig
 .text.TIM_CCxChannelCmd
                0x08007994       0x4a ./Drivers/STM32F4xx_HAL_Driver/Src/stm32f4xx_hal_tim.o
                0x08007994                TIM_CCxChannelCmd
 *fill*         0x080079de        0x2 
 .text.HAL_TIMEx_MasterConfigSynchronization
                0x080079e0       0xf8 ./Drivers/STM32F4xx_HAL_Driver/Src/stm32f4xx_hal_tim_ex.o
                0x080079e0                HAL_TIMEx_MasterConfigSynchronization
 .text.HAL_TIMEx_ConfigBreakDeadTime
                0x08007ad8       0xa4 ./Drivers/STM32F4xx_HAL_Driver/Src/stm32f4xx_hal_tim_ex.o
                0x08007ad8                HAL_TIMEx_ConfigBreakDeadTime
 .text.HAL_UART_Init
                0x08007b7c       0xa0 ./Drivers/STM32F4xx_HAL_Driver/Src/stm32f4xx_hal_uart.o
                0x08007b7c                HAL_UART_Init
 .text.HAL_UART_Transmit
                0x08007c1c      0x116 ./Drivers/STM32F4xx_HAL_Driver/Src/stm32f4xx_hal_uart.o
                0x08007c1c                HAL_UART_Transmit
 .text.HAL_UART_Receive_IT
                0x08007d32       0x4a ./Drivers/STM32F4xx_HAL_Driver/Src/stm32f4xx_hal_uart.o
                0x08007d32                HAL_UART_Receive_IT
 .text.HAL_UART_IRQHandler
                0x08007d7c      0x554 ./Drivers/STM32F4xx_HAL_Driver/Src/stm32f4xx_hal_uart.o
                0x08007d7c                HAL_UART_IRQHandler
 .text.HAL_UART_TxCpltCallback
                0x080082d0       0x14 ./Drivers/STM32F4xx_HAL_Driver/Src/stm32f4xx_hal_uart.o
                0x080082d0                HAL_UART_TxCpltCallback
 .text.HAL_UART_ErrorCallback
                0x080082e4       0x14 ./Drivers/STM32F4xx_HAL_Driver/Src/stm32f4xx_hal_uart.o
                0x080082e4                HAL_UART_ErrorCallback
 .text.HAL_UARTEx_RxEventCallback
                0x080082f8       0x18 ./Drivers/STM32F4xx_HAL_Driver/Src/stm32f4xx_hal_uart.o
                0x080082f8                HAL_UARTEx_RxEventCallback
 .text.UART_WaitOnFlagUntilTimeout
                0x08008310       0xb2 ./Drivers/STM32F4xx_HAL_Driver/Src/stm32f4xx_hal_uart.o
 .text.UART_Start_Receive_IT
                0x080083c2       0x74 ./Drivers/STM32F4xx_HAL_Driver/Src/stm32f4xx_hal_uart.o
                0x080083c2                UART_Start_Receive_IT
 .text.UART_EndRxTransfer
                0x08008436       0xc6 ./Drivers/STM32F4xx_HAL_Driver/Src/stm32f4xx_hal_uart.o
 .text.UART_DMAAbortOnError
                0x080084fc       0x22 ./Drivers/STM32F4xx_HAL_Driver/Src/stm32f4xx_hal_uart.o
 .text.UART_Transmit_IT
                0x0800851e       0xa0 ./Drivers/STM32F4xx_HAL_Driver/Src/stm32f4xx_hal_uart.o
 .text.UART_EndTransmit_IT
                0x080085be       0x30 ./Drivers/STM32F4xx_HAL_Driver/Src/stm32f4xx_hal_uart.o
 .text.UART_Receive_IT
                0x080085ee      0x17c ./Drivers/STM32F4xx_HAL_Driver/Src/stm32f4xx_hal_uart.o
 *fill*         0x0800876a        0x2 
 .text.UART_SetConfig
                0x0800876c      0x4e8 ./Drivers/STM32F4xx_HAL_Driver/Src/stm32f4xx_hal_uart.o
 .text.MX_FATFS_Init
                0x08008c54       0x24 ./FATFS/App/fatfs.o
                0x08008c54                MX_FATFS_Init
 .text.get_fattime
                0x08008c78       0x10 ./FATFS/App/fatfs.o
                0x08008c78                get_fattime
 .text.USER_initialize
                0x08008c88       0x1c ./FATFS/Target/user_diskio.o
                0x08008c88                USER_initialize
 .text.USER_status
                0x08008ca4       0x1c ./FATFS/Target/user_diskio.o
                0x08008ca4                USER_status
 .text.USER_read
                0x08008cc0       0x26 ./FATFS/Target/user_diskio.o
                0x08008cc0                USER_read
 .text.USER_write
                0x08008ce6       0x26 ./FATFS/Target/user_diskio.o
                0x08008ce6                USER_write
 .text.USER_ioctl
                0x08008d0c       0x26 ./FATFS/Target/user_diskio.o
                0x08008d0c                USER_ioctl
 *fill*         0x08008d32        0x2 
 .text.disk_status
                0x08008d34       0x34 ./Middlewares/Third_Party/FatFs/src/diskio.o
                0x08008d34                disk_status
 .text.disk_initialize
                0x08008d68       0x50 ./Middlewares/Third_Party/FatFs/src/diskio.o
                0x08008d68                disk_initialize
 .text.disk_read
                0x08008db8       0x40 ./Middlewares/Third_Party/FatFs/src/diskio.o
                0x08008db8                disk_read
 .text.disk_write
                0x08008df8       0x40 ./Middlewares/Third_Party/FatFs/src/diskio.o
                0x08008df8                disk_write
 .text.disk_ioctl
                0x08008e38       0x3c ./Middlewares/Third_Party/FatFs/src/diskio.o
                0x08008e38                disk_ioctl
 .text.ld_word  0x08008e74       0x32 ./Middlewares/Third_Party/FatFs/src/ff.o
 .text.ld_dword
                0x08008ea6       0x46 ./Middlewares/Third_Party/FatFs/src/ff.o
 .text.st_word  0x08008eec       0x36 ./Middlewares/Third_Party/FatFs/src/ff.o
 .text.st_dword
                0x08008f22       0x58 ./Middlewares/Third_Party/FatFs/src/ff.o
 .text.mem_cpy  0x08008f7a       0x42 ./Middlewares/Third_Party/FatFs/src/ff.o
 .text.mem_set  0x08008fbc       0x36 ./Middlewares/Third_Party/FatFs/src/ff.o
 .text.mem_cmp  0x08008ff2       0x4e ./Middlewares/Third_Party/FatFs/src/ff.o
 .text.chk_chr  0x08009040       0x36 ./Middlewares/Third_Party/FatFs/src/ff.o
 *fill*         0x08009076        0x2 
 .text.chk_lock
                0x08009078       0xb8 ./Middlewares/Third_Party/FatFs/src/ff.o
 .text.enq_lock
                0x08009130       0x44 ./Middlewares/Third_Party/FatFs/src/ff.o
 .text.inc_lock
                0x08009174      0x11c ./Middlewares/Third_Party/FatFs/src/ff.o
 .text.dec_lock
                0x08009290       0x78 ./Middlewares/Third_Party/FatFs/src/ff.o
 .text.clear_lock
                0x08009308       0x48 ./Middlewares/Third_Party/FatFs/src/ff.o
 .text.sync_window
                0x08009350       0x88 ./Middlewares/Third_Party/FatFs/src/ff.o
 .text.move_window
                0x080093d8       0x5a ./Middlewares/Third_Party/FatFs/src/ff.o
 *fill*         0x08009432        0x2 
 .text.sync_fs  0x08009434       0xe0 ./Middlewares/Third_Party/FatFs/src/ff.o
 .text.clust2sect
                0x08009514       0x3e ./Middlewares/Third_Party/FatFs/src/ff.o
 .text.get_fat  0x08009552      0x1a6 ./Middlewares/Third_Party/FatFs/src/ff.o
 .text.put_fat  0x080096f8      0x234 ./Middlewares/Third_Party/FatFs/src/ff.o
 .text.remove_chain
                0x0800992c       0xca ./Middlewares/Third_Party/FatFs/src/ff.o
 .text.create_chain
                0x080099f6      0x130 ./Middlewares/Third_Party/FatFs/src/ff.o
 .text.clmt_clust
                0x08009b26       0x70 ./Middlewares/Third_Party/FatFs/src/ff.o
 .text.dir_sdi  0x08009b96      0x112 ./Middlewares/Third_Party/FatFs/src/ff.o
 .text.dir_next
                0x08009ca8      0x1ac ./Middlewares/Third_Party/FatFs/src/ff.o
 .text.dir_alloc
                0x08009e54       0x8e ./Middlewares/Third_Party/FatFs/src/ff.o
 .text.ld_clust
                0x08009ee2       0x3e ./Middlewares/Third_Party/FatFs/src/ff.o
 .text.st_clust
                0x08009f20       0x40 ./Middlewares/Third_Party/FatFs/src/ff.o
 .text.cmp_lfn  0x08009f60       0xe0 ./Middlewares/Third_Party/FatFs/src/ff.o
 .text.put_lfn  0x0800a040       0xd0 ./Middlewares/Third_Party/FatFs/src/ff.o
 .text.gen_numname
                0x0800a110      0x11c ./Middlewares/Third_Party/FatFs/src/ff.o
 .text.sum_sfn  0x0800a22c       0x42 ./Middlewares/Third_Party/FatFs/src/ff.o
 .text.dir_find
                0x0800a26e      0x180 ./Middlewares/Third_Party/FatFs/src/ff.o
 *fill*         0x0800a3ee        0x2 
 .text.dir_register
                0x0800a3f0      0x1f0 ./Middlewares/Third_Party/FatFs/src/ff.o
 .text.create_name
                0x0800a5e0      0x370 ./Middlewares/Third_Party/FatFs/src/ff.o
 .text.follow_path
                0x0800a950       0xec ./Middlewares/Third_Party/FatFs/src/ff.o
 .text.get_ldnumber
                0x0800aa3c       0x88 ./Middlewares/Third_Party/FatFs/src/ff.o
 .text.check_fs
                0x0800aac4       0xac ./Middlewares/Third_Party/FatFs/src/ff.o
 .text.find_volume
                0x0800ab70      0x50c ./Middlewares/Third_Party/FatFs/src/ff.o
 .text.validate
                0x0800b07c       0x6a ./Middlewares/Third_Party/FatFs/src/ff.o
 *fill*         0x0800b0e6        0x2 
 .text.f_mount  0x0800b0e8       0x8c ./Middlewares/Third_Party/FatFs/src/ff.o
                0x0800b0e8                f_mount
 .text.f_open   0x0800b174      0x390 ./Middlewares/Third_Party/FatFs/src/ff.o
                0x0800b174                f_open
 .text.f_write  0x0800b504      0x328 ./Middlewares/Third_Party/FatFs/src/ff.o
                0x0800b504                f_write
 .text.f_sync   0x0800b82c       0xfc ./Middlewares/Third_Party/FatFs/src/ff.o
                0x0800b82c                f_sync
 .text.f_close  0x0800b928       0x54 ./Middlewares/Third_Party/FatFs/src/ff.o
                0x0800b928                f_close
 .text.f_lseek  0x0800b97c      0x448 ./Middlewares/Third_Party/FatFs/src/ff.o
                0x0800b97c                f_lseek
 .text.putc_bfd
                0x0800bdc4       0x7a ./Middlewares/Third_Party/FatFs/src/ff.o
 .text.putc_flush
                0x0800be3e       0x4a ./Middlewares/Third_Party/FatFs/src/ff.o
 .text.putc_init
                0x0800be88       0x2a ./Middlewares/Third_Party/FatFs/src/ff.o
 .text.f_puts   0x0800beb2       0x48 ./Middlewares/Third_Party/FatFs/src/ff.o
                0x0800beb2                f_puts
 *fill*         0x0800befa        0x2 
 .text.FATFS_LinkDriverEx
                0x0800befc       0x98 ./Middlewares/Third_Party/FatFs/src/ff_gen_drv.o
                0x0800befc                FATFS_LinkDriverEx
 .text.FATFS_LinkDriver
                0x0800bf94       0x1e ./Middlewares/Third_Party/FatFs/src/ff_gen_drv.o
                0x0800bf94                FATFS_LinkDriver
 *fill*         0x0800bfb2        0x2 
 .text.ff_convert
                0x0800bfb4       0x78 ./Middlewares/Third_Party/FatFs/src/option/ccsbcs.o
                0x0800bfb4                ff_convert
 .text.ff_wtoupper
                0x0800c02c      0x114 ./Middlewares/Third_Party/FatFs/src/option/ccsbcs.o
                0x0800c02c                ff_wtoupper
 .text.sprintf  0x0800c140       0x44 C:/ST/STM32CubeIDE_2.1.0/STM32CubeIDE/plugins/com.st.stm32cube.ide.mcu.externaltools.gnu-tools-for-stm32.14.3.rel1.win32_1.0.100.202602081740/tools/bin/../lib/gcc/arm-none-eabi/14.3.1/../../../../arm-none-eabi/lib/thumb/v7e-m+fp/hard\libc_nano.a(libc_a-sprintf.o)
                0x0800c140                siprintf
                0x0800c140                sprintf
 .text.memset   0x0800c184       0x10 C:/ST/STM32CubeIDE_2.1.0/STM32CubeIDE/plugins/com.st.stm32cube.ide.mcu.externaltools.gnu-tools-for-stm32.14.3.rel1.win32_1.0.100.202602081740/tools/bin/../lib/gcc/arm-none-eabi/14.3.1/../../../../arm-none-eabi/lib/thumb/v7e-m+fp/hard\libc_nano.a(libc_a-memset.o)
                0x0800c184                memset
 .text.__errno  0x0800c194        0xc C:/ST/STM32CubeIDE_2.1.0/STM32CubeIDE/plugins/com.st.stm32cube.ide.mcu.externaltools.gnu-tools-for-stm32.14.3.rel1.win32_1.0.100.202602081740/tools/bin/../lib/gcc/arm-none-eabi/14.3.1/../../../../arm-none-eabi/lib/thumb/v7e-m+fp/hard\libc_nano.a(libc_a-errno.o)
                0x0800c194                __errno
 .text.__libc_init_array
                0x0800c1a0       0x48 C:/ST/STM32CubeIDE_2.1.0/STM32CubeIDE/plugins/com.st.stm32cube.ide.mcu.externaltools.gnu-tools-for-stm32.14.3.rel1.win32_1.0.100.202602081740/tools/bin/../lib/gcc/arm-none-eabi/14.3.1/../../../../arm-none-eabi/lib/thumb/v7e-m+fp/hard\libc_nano.a(libc_a-init.o)
                0x0800c1a0                __libc_init_array
 .text.__retarget_lock_acquire_recursive
                0x0800c1e8        0x2 C:/ST/STM32CubeIDE_2.1.0/STM32CubeIDE/plugins/com.st.stm32cube.ide.mcu.externaltools.gnu-tools-for-stm32.14.3.rel1.win32_1.0.100.202602081740/tools/bin/../lib/gcc/arm-none-eabi/14.3.1/../../../../arm-none-eabi/lib/thumb/v7e-m+fp/hard\libc_nano.a(libc_a-lock.o)
                0x0800c1e8                __retarget_lock_acquire_recursive
 .text.__retarget_lock_release_recursive
                0x0800c1ea        0x2 C:/ST/STM32CubeIDE_2.1.0/STM32CubeIDE/plugins/com.st.stm32cube.ide.mcu.externaltools.gnu-tools-for-stm32.14.3.rel1.win32_1.0.100.202602081740/tools/bin/../lib/gcc/arm-none-eabi/14.3.1/../../../../arm-none-eabi/lib/thumb/v7e-m+fp/hard\libc_nano.a(libc_a-lock.o)
                0x0800c1ea                __retarget_lock_release_recursive
 .text._free_r  0x0800c1ec       0x94 C:/ST/STM32CubeIDE_2.1.0/STM32CubeIDE/plugins/com.st.stm32cube.ide.mcu.externaltools.gnu-tools-for-stm32.14.3.rel1.win32_1.0.100.202602081740/tools/bin/../lib/gcc/arm-none-eabi/14.3.1/../../../../arm-none-eabi/lib/thumb/v7e-m+fp/hard\libc_nano.a(libc_a-freer.o)
                0x0800c1ec                _free_r
 .text.sbrk_aligned
                0x0800c280       0x44 C:/ST/STM32CubeIDE_2.1.0/STM32CubeIDE/plugins/com.st.stm32cube.ide.mcu.externaltools.gnu-tools-for-stm32.14.3.rel1.win32_1.0.100.202602081740/tools/bin/../lib/gcc/arm-none-eabi/14.3.1/../../../../arm-none-eabi/lib/thumb/v7e-m+fp/hard\libc_nano.a(libc_a-mallocr.o)
 .text._malloc_r
                0x0800c2c4      0x100 C:/ST/STM32CubeIDE_2.1.0/STM32CubeIDE/plugins/com.st.stm32cube.ide.mcu.externaltools.gnu-tools-for-stm32.14.3.rel1.win32_1.0.100.202602081740/tools/bin/../lib/gcc/arm-none-eabi/14.3.1/../../../../arm-none-eabi/lib/thumb/v7e-m+fp/hard\libc_nano.a(libc_a-mallocr.o)
                0x0800c2c4                _malloc_r
 .text.__malloc_lock
                0x0800c3c4        0xc C:/ST/STM32CubeIDE_2.1.0/STM32CubeIDE/plugins/com.st.stm32cube.ide.mcu.externaltools.gnu-tools-for-stm32.14.3.rel1.win32_1.0.100.202602081740/tools/bin/../lib/gcc/arm-none-eabi/14.3.1/../../../../arm-none-eabi/lib/thumb/v7e-m+fp/hard\libc_nano.a(libc_a-mlock.o)
                0x0800c3c4                __malloc_lock
 .text.__malloc_unlock
                0x0800c3d0        0xc C:/ST/STM32CubeIDE_2.1.0/STM32CubeIDE/plugins/com.st.stm32cube.ide.mcu.externaltools.gnu-tools-for-stm32.14.3.rel1.win32_1.0.100.202602081740/tools/bin/../lib/gcc/arm-none-eabi/14.3.1/../../../../arm-none-eabi/lib/thumb/v7e-m+fp/hard\libc_nano.a(libc_a-mlock.o)
                0x0800c3d0                __malloc_unlock
 .text.__ssputs_r
                0x0800c3dc       0xc0 C:/ST/STM32CubeIDE_2.1.0/STM32CubeIDE/plugins/com.st.stm32cube.ide.mcu.externaltools.gnu-tools-for-stm32.14.3.rel1.win32_1.0.100.202602081740/tools/bin/../lib/gcc/arm-none-eabi/14.3.1/../../../../arm-none-eabi/lib/thumb/v7e-m+fp/hard\libc_nano.a(libc_a-nano-svfprintf.o)
                0x0800c3dc                __ssputs_r
 .text._svfprintf_r
                0x0800c49c      0x1f0 C:/ST/STM32CubeIDE_2.1.0/STM32CubeIDE/plugins/com.st.stm32cube.ide.mcu.externaltools.gnu-tools-for-stm32.14.3.rel1.win32_1.0.100.202602081740/tools/bin/../lib/gcc/arm-none-eabi/14.3.1/../../../../arm-none-eabi/lib/thumb/v7e-m+fp/hard\libc_nano.a(libc_a-nano-svfprintf.o)
                0x0800c49c                _svfiprintf_r
                0x0800c49c                _svfprintf_r
 .text._printf_common
                0x0800c68c       0xda C:/ST/STM32CubeIDE_2.1.0/STM32CubeIDE/plugins/com.st.stm32cube.ide.mcu.externaltools.gnu-tools-for-stm32.14.3.rel1.win32_1.0.100.202602081740/tools/bin/../lib/gcc/arm-none-eabi/14.3.1/../../../../arm-none-eabi/lib/thumb/v7e-m+fp/hard\libc_nano.a(libc_a-nano-vfprintf_i.o)
                0x0800c68c                _printf_common
 *fill*         0x0800c766        0x2 
 .text._printf_i
                0x0800c768      0x24c C:/ST/STM32CubeIDE_2.1.0/STM32CubeIDE/plugins/com.st.stm32cube.ide.mcu.externaltools.gnu-tools-for-stm32.14.3.rel1.win32_1.0.100.202602081740/tools/bin/../lib/gcc/arm-none-eabi/14.3.1/../../../../arm-none-eabi/lib/thumb/v7e-m+fp/hard\libc_nano.a(libc_a-nano-vfprintf_i.o)
                0x0800c768                _printf_i
 .text.memmove  0x0800c9b4       0x32 C:/ST/STM32CubeIDE_2.1.0/STM32CubeIDE/plugins/com.st.stm32cube.ide.mcu.externaltools.gnu-tools-for-stm32.14.3.rel1.win32_1.0.100.202602081740/tools/bin/../lib/gcc/arm-none-eabi/14.3.1/../../../../arm-none-eabi/lib/thumb/v7e-m+fp/hard\libc_nano.a(libc_a-memmove.o)
                0x0800c9b4                memmove
 *fill*         0x0800c9e6        0x2 
 .text._sbrk_r  0x0800c9e8       0x20 C:/ST/STM32CubeIDE_2.1.0/STM32CubeIDE/plugins/com.st.stm32cube.ide.mcu.externaltools.gnu-tools-for-stm32.14.3.rel1.win32_1.0.100.202602081740/tools/bin/../lib/gcc/arm-none-eabi/14.3.1/../../../../arm-none-eabi/lib/thumb/v7e-m+fp/hard\libc_nano.a(libc_a-sbrkr.o)
                0x0800c9e8                _sbrk_r
 .text.memcpy   0x0800ca08       0x1c C:/ST/STM32CubeIDE_2.1.0/STM32CubeIDE/plugins/com.st.stm32cube.ide.mcu.externaltools.gnu-tools-for-stm32.14.3.rel1.win32_1.0.100.202602081740/tools/bin/../lib/gcc/arm-none-eabi/14.3.1/../../../../arm-none-eabi/lib/thumb/v7e-m+fp/hard\libc_nano.a(libc_a-memcpy-stub.o)
                0x0800ca08                memcpy
 .text._realloc_r
                0x0800ca24       0x5c C:/ST/STM32CubeIDE_2.1.0/STM32CubeIDE/plugins/com.st.stm32cube.ide.mcu.externaltools.gnu-tools-for-stm32.14.3.rel1.win32_1.0.100.202602081740/tools/bin/../lib/gcc/arm-none-eabi/14.3.1/../../../../arm-none-eabi/lib/thumb/v7e-m+fp/hard\libc_nano.a(libc_a-reallocr.o)
                0x0800ca24                _realloc_r
 .text._malloc_usable_size_r
                0x0800ca80       0x10 C:/ST/STM32CubeIDE_2.1.0/STM32CubeIDE/plugins/com.st.stm32cube.ide.mcu.externaltools.gnu-tools-for-stm32.14.3.rel1.win32_1.0.100.202602081740/tools/bin/../lib/gcc/arm-none-eabi/14.3.1/../../../../arm-none-eabi/lib/thumb/v7e-m+fp/hard\libc_nano.a(libc_a-msizer.o)
                0x0800ca80                _malloc_usable_size_r
 .text.sin      0x0800ca90       0x88 C:/ST/STM32CubeIDE_2.1.0/STM32CubeIDE/plugins/com.st.stm32cube.ide.mcu.externaltools.gnu-tools-for-stm32.14.3.rel1.win32_1.0.100.202602081740/tools/bin/../lib/gcc/arm-none-eabi/14.3.1/../../../../arm-none-eabi/lib/thumb/v7e-m+fp/hard\libm.a(libm_a-s_sin.o)
                0x0800ca90                sin
 .text.__kernel_cos
                0x0800cb18      0x26c C:/ST/STM32CubeIDE_2.1.0/STM32CubeIDE/plugins/com.st.stm32cube.ide.mcu.externaltools.gnu-tools-for-stm32.14.3.rel1.win32_1.0.100.202602081740/tools/bin/../lib/gcc/arm-none-eabi/14.3.1/../../../../arm-none-eabi/lib/thumb/v7e-m+fp/hard\libm.a(libm_a-k_cos.o)
                0x0800cb18                __kernel_cos
 *fill*         0x0800cd84        0x4 
 .text.__kernel_sin
                0x0800cd88      0x184 C:/ST/STM32CubeIDE_2.1.0/STM32CubeIDE/plugins/com.st.stm32cube.ide.mcu.externaltools.gnu-tools-for-stm32.14.3.rel1.win32_1.0.100.202602081740/tools/bin/../lib/gcc/arm-none-eabi/14.3.1/../../../../arm-none-eabi/lib/thumb/v7e-m+fp/hard\libm.a(libm_a-k_sin.o)
                0x0800cd88                __kernel_sin
 *fill*         0x0800cf0c        0x4 
 .text.__ieee754_rem_pio2
                0x0800cf10      0x424 C:/ST/STM32CubeIDE_2.1.0/STM32CubeIDE/plugins/com.st.stm32cube.ide.mcu.externaltools.gnu-tools-for-stm32.14.3.rel1.win32_1.0.100.202602081740/tools/bin/../lib/gcc/arm-none-eabi/14.3.1/../../../../arm-none-eabi/lib/thumb/v7e-m+fp/hard\libm.a(libm_a-e_rem_pio2.o)
                0x0800cf10                __ieee754_rem_pio2
 .text.fabs     0x0800d334       0x10 C:/ST/STM32CubeIDE_2.1.0/STM32CubeIDE/plugins/com.st.stm32cube.ide.mcu.externaltools.gnu-tools-for-stm32.14.3.rel1.win32_1.0.100.202602081740/tools/bin/../lib/gcc/arm-none-eabi/14.3.1/../../../../arm-none-eabi/lib/thumb/v7e-m+fp/hard\libm.a(libm_a-s_fabs.o)
                0x0800d334                fabs
 *fill*         0x0800d344        0x4 
 .text.__kernel_rem_pio2
                0x0800d348      0x888 C:/ST/STM32CubeIDE_2.1.0/STM32CubeIDE/plugins/com.st.stm32cube.ide.mcu.externaltools.gnu-tools-for-stm32.14.3.rel1.win32_1.0.100.202602081740/tools/bin/../lib/gcc/arm-none-eabi/14.3.1/../../../../arm-none-eabi/lib/thumb/v7e-m+fp/hard\libm.a(libm_a-k_rem_pio2.o)
                0x0800d348                __kernel_rem_pio2
 .text.scalbn   0x0800dbd0      0x114 C:/ST/STM32CubeIDE_2.1.0/STM32CubeIDE/plugins/com.st.stm32cube.ide.mcu.externaltools.gnu-tools-for-stm32.14.3.rel1.win32_1.0.100.202602081740/tools/bin/../lib/gcc/arm-none-eabi/14.3.1/../../../../arm-none-eabi/lib/thumb/v7e-m+fp/hard\libm.a(libm_a-s_scalbn.o)
                0x0800dbd0                scalbn
 *fill*         0x0800dce4        0x4 
 .text.floor    0x0800dce8      0x108 C:/ST/STM32CubeIDE_2.1.0/STM32CubeIDE/plugins/com.st.stm32cube.ide.mcu.externaltools.gnu-tools-for-stm32.14.3.rel1.win32_1.0.100.202602081740/tools/bin/../lib/gcc/arm-none-eabi/14.3.1/../../../../arm-none-eabi/lib/thumb/v7e-m+fp/hard\libm.a(libm_a-s_floor.o)
                0x0800dce8                floor
 *(.glue_7)
 .glue_7        0x0800ddf0        0x0 linker stubs
 *(.glue_7t)
 .glue_7t       0x0800ddf0        0x0 linker stubs
 *(.eh_frame)
 .eh_frame      0x0800ddf0        0x0 C:/ST/STM32CubeIDE_2.1.0/STM32CubeIDE/plugins/com.st.stm32cube.ide.mcu.externaltools.gnu-tools-for-stm32.14.3.rel1.win32_1.0.100.202602081740/tools/bin/../lib/gcc/arm-none-eabi/14.3.1/thumb/v7e-m+fp/hard/crtbegin.o
 *(.init)
 .init          0x0800ddf0        0x4 C:/ST/STM32CubeIDE_2.1.0/STM32CubeIDE/plugins/com.st.stm32cube.ide.mcu.externaltools.gnu-tools-for-stm32.14.3.rel1.win32_1.0.100.202602081740/tools/bin/../lib/gcc/arm-none-eabi/14.3.1/thumb/v7e-m+fp/hard/crti.o
                0x0800ddf0                _init
 .init          0x0800ddf4        0x8 C:/ST/STM32CubeIDE_2.1.0/STM32CubeIDE/plugins/com.st.stm32cube.ide.mcu.externaltools.gnu-tools-for-stm32.14.3.rel1.win32_1.0.100.202602081740/tools/bin/../lib/gcc/arm-none-eabi/14.3.1/thumb/v7e-m+fp/hard/crtn.o
 *(.fini)
 .fini          0x0800ddfc        0x4 C:/ST/STM32CubeIDE_2.1.0/STM32CubeIDE/plugins/com.st.stm32cube.ide.mcu.externaltools.gnu-tools-for-stm32.14.3.rel1.win32_1.0.100.202602081740/tools/bin/../lib/gcc/arm-none-eabi/14.3.1/thumb/v7e-m+fp/hard/crti.o
                0x0800ddfc                _fini
 .fini          0x0800de00        0x8 C:/ST/STM32CubeIDE_2.1.0/STM32CubeIDE/plugins/com.st.stm32cube.ide.mcu.externaltools.gnu-tools-for-stm32.14.3.rel1.win32_1.0.100.202602081740/tools/bin/../lib/gcc/arm-none-eabi/14.3.1/thumb/v7e-m+fp/hard/crtn.o
                0x0800de08                        . = ALIGN (0x4)
                0x0800de08                        _etext = .

.vfp11_veneer   0x0800de08        0x0
 .vfp11_veneer  0x0800de08        0x0 linker stubs

.v4_bx          0x0800de08        0x0
 .v4_bx         0x0800de08        0x0 linker stubs

.iplt           0x0800de08        0x0
 .iplt          0x0800de08        0x0 C:/ST/STM32CubeIDE_2.1.0/STM32CubeIDE/plugins/com.st.stm32cube.ide.mcu.externaltools.gnu-tools-for-stm32.14.3.rel1.win32_1.0.100.202602081740/tools/bin/../lib/gcc/arm-none-eabi/14.3.1/thumb/v7e-m+fp/hard/crtbegin.o

.rodata         0x0800de08    0x5c8b8
                0x0800de08                        . = ALIGN (0x4)
 *(.rodata)
 .rodata        0x0800de08      0x1d4 ./Core/Src/main.o
 .rodata        0x0800dfdc       0x48 ./Middlewares/Third_Party/FatFs/src/ff.o
 *(.rodata*)
 .rodata.smallFont
                0x0800e024      0x474 ./Core/Src/font.o
                0x0800e024                smallFont
 .rodata.bigFont
                0x0800e498      0xbe0 ./Core/Src/font.o
                0x0800e498                bigFont
 .rodata.inicio
                0x0800f078    0x4b000 ./Core/Src/graficos.o
                0x0800f078                inicio
 .rodata.mosca  0x0805a078      0xee0 ./Core/Src/main.o
                0x0805a078                mosca
 .rodata.alien_rojo
                0x0805af58     0x1100 ./Core/Src/main.o
                0x0805af58                alien_rojo
 .rodata.alien_azul
                0x0805c058     0x1430 ./Core/Src/main.o
                0x0805c058                alien_azul
 .rodata.alien_verde
                0x0805d488     0x1430 ./Core/Src/main.o
                0x0805d488                alien_verde
 .rodata.galagazo
                0x0805e8b8     0x76c0 ./Core/Src/main.o
                0x0805e8b8                galagazo
 .rodata.disparo_nave
                0x08065f78       0xc8 ./Core/Src/main.o
                0x08065f78                disparo_nave
 .rodata.navesita
                0x08066040      0x5fa ./Core/Src/main.o
                0x08066040                navesita
 *fill*         0x0806663a        0x2 
 .rodata.explosion_nave
                0x0806663c     0x1e00 ./Core/Src/main.o
                0x0806663c                explosion_nave
 .rodata.explosion_alien
                0x0806843c     0x1c20 ./Core/Src/main.o
                0x0806843c                explosion_alien
 .rodata.AHBPrescTable
                0x0806a05c       0x10 ./Core/Src/system_stm32f4xx.o
                0x0806a05c                AHBPrescTable
 .rodata.APBPrescTable
                0x0806a06c        0x8 ./Core/Src/system_stm32f4xx.o
                0x0806a06c                APBPrescTable
 .rodata.ExCvt  0x0806a074       0x80 ./Middlewares/Third_Party/FatFs/src/ff.o
 .rodata.LfnOfs
                0x0806a0f4        0xd ./Middlewares/Third_Party/FatFs/src/ff.o
 *fill*         0x0806a101        0x3 
 .rodata.Tbl    0x0806a104      0x100 ./Middlewares/Third_Party/FatFs/src/option/ccsbcs.o
 .rodata.cvt1.1
                0x0806a204      0x1f2 ./Middlewares/Third_Party/FatFs/src/option/ccsbcs.o
 *fill*         0x0806a3f6        0x2 
 .rodata.cvt2.0
                0x0806a3f8       0xbc ./Middlewares/Third_Party/FatFs/src/option/ccsbcs.o
 .rodata._svfprintf_r.str1.1
                0x0806a4b4       0x33 C:/ST/STM32CubeIDE_2.1.0/STM32CubeIDE/plugins/com.st.stm32cube.ide.mcu.externaltools.gnu-tools-for-stm32.14.3.rel1.win32_1.0.100.202602081740/tools/bin/../lib/gcc/arm-none-eabi/14.3.1/../../../../arm-none-eabi/lib/thumb/v7e-m+fp/hard\libc_nano.a(libc_a-nano-svfprintf.o)
                                 0x11 (size before relaxing)
 .rodata._printf_i.str1.1
                0x0806a4e7       0x22 C:/ST/STM32CubeIDE_2.1.0/STM32CubeIDE/plugins/com.st.stm32cube.ide.mcu.externaltools.gnu-tools-for-stm32.14.3.rel1.win32_1.0.100.202602081740/tools/bin/../lib/gcc/arm-none-eabi/14.3.1/../../../../arm-none-eabi/lib/thumb/v7e-m+fp/hard\libc_nano.a(libc_a-nano-vfprintf_i.o)
 *fill*         0x0806a4e7        0x1 
 .rodata.npio2_hw
                0x0806a4e8       0x80 C:/ST/STM32CubeIDE_2.1.0/STM32CubeIDE/plugins/com.st.stm32cube.ide.mcu.externaltools.gnu-tools-for-stm32.14.3.rel1.win32_1.0.100.202602081740/tools/bin/../lib/gcc/arm-none-eabi/14.3.1/../../../../arm-none-eabi/lib/thumb/v7e-m+fp/hard\libm.a(libm_a-e_rem_pio2.o)
 .rodata.two_over_pi
                0x0806a568      0x108 C:/ST/STM32CubeIDE_2.1.0/STM32CubeIDE/plugins/com.st.stm32cube.ide.mcu.externaltools.gnu-tools-for-stm32.14.3.rel1.win32_1.0.100.202602081740/tools/bin/../lib/gcc/arm-none-eabi/14.3.1/../../../../arm-none-eabi/lib/thumb/v7e-m+fp/hard\libm.a(libm_a-e_rem_pio2.o)
 .rodata.PIo2   0x0806a670       0x40 C:/ST/STM32CubeIDE_2.1.0/STM32CubeIDE/plugins/com.st.stm32cube.ide.mcu.externaltools.gnu-tools-for-stm32.14.3.rel1.win32_1.0.100.202602081740/tools/bin/../lib/gcc/arm-none-eabi/14.3.1/../../../../arm-none-eabi/lib/thumb/v7e-m+fp/hard\libm.a(libm_a-k_rem_pio2.o)
 .rodata.init_jk
                0x0806a6b0       0x10 C:/ST/STM32CubeIDE_2.1.0/STM32CubeIDE/plugins/com.st.stm32cube.ide.mcu.externaltools.gnu-tools-for-stm32.14.3.rel1.win32_1.0.100.202602081740/tools/bin/../lib/gcc/arm-none-eabi/14.3.1/../../../../arm-none-eabi/lib/thumb/v7e-m+fp/hard\libm.a(libm_a-k_rem_pio2.o)
                0x0806a6c0                        . = ALIGN (0x4)

.ARM.extab      0x0806a6c0        0x0
                0x0806a6c0                        . = ALIGN (0x4)
 *(.ARM.extab* .gnu.linkonce.armextab.*)
                0x0806a6c0                        . = ALIGN (0x4)

.ARM            0x0806a6c0        0x8
                0x0806a6c0                        . = ALIGN (0x4)
                0x0806a6c0                        __exidx_start = .
 *(.ARM.exidx*)
 .ARM.exidx     0x0806a6c0        0x8 C:/ST/STM32CubeIDE_2.1.0/STM32CubeIDE/plugins/com.st.stm32cube.ide.mcu.externaltools.gnu-tools-for-stm32.14.3.rel1.win32_1.0.100.202602081740/tools/bin/../lib/gcc/arm-none-eabi/14.3.1/../../../../arm-none-eabi/lib/thumb/v7e-m+fp/hard\libc_nano.a(libc_a-strlen.o)
 .ARM.exidx     0x0806a6c8        0x0 C:/ST/STM32CubeIDE_2.1.0/STM32CubeIDE/plugins/com.st.stm32cube.ide.mcu.externaltools.gnu-tools-for-stm32.14.3.rel1.win32_1.0.100.202602081740/tools/bin/../lib/gcc/arm-none-eabi/14.3.1/../../../../arm-none-eabi/lib/thumb/v7e-m+fp/hard\libc_nano.a(libc_a-memchr.o)
                                  0x8 (size before relaxing)
 .ARM.exidx     0x0806a6c8        0x0 C:/ST/STM32CubeIDE_2.1.0/STM32CubeIDE/plugins/com.st.stm32cube.ide.mcu.externaltools.gnu-tools-for-stm32.14.3.rel1.win32_1.0.100.202602081740/tools/bin/../lib/gcc/arm-none-eabi/14.3.1/thumb/v7e-m+fp/hard\libgcc.a(_udivmoddi4.o)
                                  0x8 (size before relaxing)
                0x0806a6c8                        __exidx_end = .
                0x0806a6c8                        . = ALIGN (0x4)

.preinit_array  0x0806a6c8        0x0
                0x0806a6c8                        . = ALIGN (0x4)
                0x0806a6c8                        PROVIDE (__preinit_array_start = .)
 *(.preinit_array*)
                0x0806a6c8                        PROVIDE (__preinit_array_end = .)
                0x0806a6c8                        . = ALIGN (0x4)

.init_array     0x0806a6c8        0x4
                0x0806a6c8                        . = ALIGN (0x4)
                0x0806a6c8                        PROVIDE (__init_array_start = .)
 *(SORT_BY_NAME(.init_array.*))
 *(.init_array*)
 .init_array    0x0806a6c8        0x4 C:/ST/STM32CubeIDE_2.1.0/STM32CubeIDE/plugins/com.st.stm32cube.ide.mcu.externaltools.gnu-tools-for-stm32.14.3.rel1.win32_1.0.100.202602081740/tools/bin/../lib/gcc/arm-none-eabi/14.3.1/thumb/v7e-m+fp/hard/crtbegin.o
                0x0806a6cc                        PROVIDE (__init_array_end = .)
                0x0806a6cc                        . = ALIGN (0x4)

.fini_array     0x0806a6cc        0x4
                0x0806a6cc                        . = ALIGN (0x4)
                [!provide]                        PROVIDE (__fini_array_start = .)
 *(SORT_BY_NAME(.fini_array.*))
 *(.fini_array*)
 .fini_array    0x0806a6cc        0x4 C:/ST/STM32CubeIDE_2.1.0/STM32CubeIDE/plugins/com.st.stm32cube.ide.mcu.externaltools.gnu-tools-for-stm32.14.3.rel1.win32_1.0.100.202602081740/tools/bin/../lib/gcc/arm-none-eabi/14.3.1/thumb/v7e-m+fp/hard/crtbegin.o
                [!provide]                        PROVIDE (__fini_array_end = .)
                0x0806a6d0                        . = ALIGN (0x4)
                0x0806a6d0                        _sidata = LOADADDR (.data)

.rel.dyn        0x0806a6d0        0x0
 .rel.iplt      0x0806a6d0        0x0 C:/ST/STM32CubeIDE_2.1.0/STM32CubeIDE/plugins/com.st.stm32cube.ide.mcu.externaltools.gnu-tools-for-stm32.14.3.rel1.win32_1.0.100.202602081740/tools/bin/../lib/gcc/arm-none-eabi/14.3.1/thumb/v7e-m+fp/hard/crtbegin.o

.data           0x20000000       0x78 load address 0x0806a6d0
                0x20000000                        . = ALIGN (0x4)
                0x20000000                        _sdata = .
 *(.data)
 *(.data*)
 .data.Stat     0x20000000        0x1 ./Core/Src/fatfs_sd.o
 *fill*         0x20000001        0x3 
 .data.seleccionPrevia
                0x20000004        0x4 ./Core/Src/main.o
 .data.SystemCoreClock
                0x20000008        0x4 ./Core/Src/system_stm32f4xx.o
                0x20000008                SystemCoreClock
 .data.uwTickPrio
                0x2000000c        0x4 ./Drivers/STM32F4xx_HAL_Driver/Src/stm32f4xx_hal.o
                0x2000000c                uwTickPrio
 .data.uwTickFreq
                0x20000010        0x1 ./Drivers/STM32F4xx_HAL_Driver/Src/stm32f4xx_hal.o
                0x20000010                uwTickFreq
 *fill*         0x20000011        0x3 
 .data.USER_Driver
                0x20000014       0x14 ./FATFS/Target/user_diskio.o
                0x20000014                USER_Driver
 .data._impure_ptr
                0x20000028        0x4 C:/ST/STM32CubeIDE_2.1.0/STM32CubeIDE/plugins/com.st.stm32cube.ide.mcu.externaltools.gnu-tools-for-stm32.14.3.rel1.win32_1.0.100.202602081740/tools/bin/../lib/gcc/arm-none-eabi/14.3.1/../../../../arm-none-eabi/lib/thumb/v7e-m+fp/hard\libc_nano.a(libc_a-impure.o)
                0x20000028                _impure_ptr
 .data._impure_data
                0x2000002c       0x4c C:/ST/STM32CubeIDE_2.1.0/STM32CubeIDE/plugins/com.st.stm32cube.ide.mcu.externaltools.gnu-tools-for-stm32.14.3.rel1.win32_1.0.100.202602081740/tools/bin/../lib/gcc/arm-none-eabi/14.3.1/../../../../arm-none-eabi/lib/thumb/v7e-m+fp/hard\libc_nano.a(libc_a-impure.o)
                0x2000002c                _impure_data
 *(.RamFunc)
 *(.RamFunc*)
                0x20000078                        . = ALIGN (0x4)
                0x20000078                        _edata = .

.igot.plt       0x20000078        0x0 load address 0x0806a748
 .igot.plt      0x20000078        0x0 C:/ST/STM32CubeIDE_2.1.0/STM32CubeIDE/plugins/com.st.stm32cube.ide.mcu.externaltools.gnu-tools-for-stm32.14.3.rel1.win32_1.0.100.202602081740/tools/bin/../lib/gcc/arm-none-eabi/14.3.1/thumb/v7e-m+fp/hard/crtbegin.o
                0x20000078                        . = ALIGN (0x4)

.bss            0x20000078     0x2994 load address 0x0806a748
                0x20000078                        _sbss = .
                0x20000078                        __bss_start__ = _sbss
 *(.bss)
 .bss           0x20000078       0x1c C:/ST/STM32CubeIDE_2.1.0/STM32CubeIDE/plugins/com.st.stm32cube.ide.mcu.externaltools.gnu-tools-for-stm32.14.3.rel1.win32_1.0.100.202602081740/tools/bin/../lib/gcc/arm-none-eabi/14.3.1/thumb/v7e-m+fp/hard/crtbegin.o
 *(.bss*)
 .bss.Timer1    0x20000094        0x2 ./Core/Src/fatfs_sd.o
                0x20000094                Timer1
 .bss.Timer2    0x20000096        0x2 ./Core/Src/fatfs_sd.o
                0x20000096                Timer2
 .bss.CardType  0x20000098        0x1 ./Core/Src/fatfs_sd.o
 .bss.PowerFlag
                0x20000099        0x1 ./Core/Src/fatfs_sd.o
 *fill*         0x2000009a        0x2 
 .bss.fs        0x2000009c     0x1038 ./Core/Src/main.o
                0x2000009c                fs
 .bss.fil       0x200010d4     0x1030 ./Core/Src/main.o
                0x200010d4                fil
 .bss.fres      0x20002104        0x1 ./Core/Src/main.o
                0x20002104                fres
 *fill*         0x20002105        0x3 
 .bss.buffer    0x20002108       0x64 ./Core/Src/main.o
                0x20002108                buffer
 .bss.hspi1     0x2000216c       0x58 ./Core/Src/main.o
                0x2000216c                hspi1
 .bss.hspi2     0x200021c4       0x58 ./Core/Src/main.o
                0x200021c4                hspi2
 .bss.htim1     0x2000221c       0x48 ./Core/Src/main.o
                0x2000221c                htim1
 .bss.huart1    0x20002264       0x48 ./Core/Src/main.o
                0x20002264                huart1
 .bss.huart2    0x200022ac       0x48 ./Core/Src/main.o
                0x200022ac                huart2
 .bss.huart3    0x200022f4       0x48 ./Core/Src/main.o
                0x200022f4                huart3
 .bss.huart6    0x2000233c       0x48 ./Core/Src/main.o
                0x2000233c                huart6
 .bss.modoActual
                0x20002384        0x1 ./Core/Src/main.o
                0x20002384                modoActual
 *fill*         0x20002385        0x3 
 .bss.SeleccionMenu
                0x20002388        0x4 ./Core/Src/main.o
                0x20002388                SeleccionMenu
 .bss.J1        0x2000238c       0x20 ./Core/Src/main.o
                0x2000238c                J1
 .bss.J2        0x200023ac       0x20 ./Core/Src/main.o
                0x200023ac                J2
 .bss.timerNaves
                0x200023cc        0x4 ./Core/Src/main.o
                0x200023cc                timerNaves
 .bss.musicaMenu
                0x200023d0        0x1 ./Core/Src/main.o
 .bss.musicaJuego
                0x200023d1        0x1 ./Core/Src/main.o
 .bss.rxByte1   0x200023d2        0x1 ./Core/Src/main.o
                0x200023d2                rxByte1
 .bss.rxByte2   0x200023d3        0x1 ./Core/Src/main.o
                0x200023d3                rxByte2
 .bss.nave1_izq
                0x200023d4        0x1 ./Core/Src/main.o
                0x200023d4                nave1_izq
 .bss.nave1_der
                0x200023d5        0x1 ./Core/Src/main.o
                0x200023d5                nave1_der
 .bss.nave1_dis
                0x200023d6        0x1 ./Core/Src/main.o
                0x200023d6                nave1_dis
 .bss.nave1_sel
                0x200023d7        0x1 ./Core/Src/main.o
                0x200023d7                nave1_sel
 .bss.nave1_arr
                0x200023d8        0x1 ./Core/Src/main.o
                0x200023d8                nave1_arr
 .bss.nave1_abj
                0x200023d9        0x1 ./Core/Src/main.o
                0x200023d9                nave1_abj
 .bss.nave2_izq
                0x200023da        0x1 ./Core/Src/main.o
                0x200023da                nave2_izq
 .bss.nave2_der
                0x200023db        0x1 ./Core/Src/main.o
                0x200023db                nave2_der
 .bss.nave2_dis
                0x200023dc        0x1 ./Core/Src/main.o
                0x200023dc                nave2_dis
 .bss.nave2_sel
                0x200023dd        0x1 ./Core/Src/main.o
                0x200023dd                nave2_sel
 .bss.nave2_arr
                0x200023de        0x1 ./Core/Src/main.o
                0x200023de                nave2_arr
 .bss.nave2_abj
                0x200023df        0x1 ./Core/Src/main.o
                0x200023df                nave2_abj
 .bss.Score     0x200023e0       0x14 ./Core/Src/main.o
                0x200023e0                Score
 .bss.Enemigos  0x200023f4      0x1e0 ./Core/Src/main.o
                0x200023f4                Enemigos
 .bss.frameActual
                0x200025d4        0x4 ./Core/Src/main.o
                0x200025d4                frameActual
 .bss.timerAliens
                0x200025d8        0x4 ./Core/Src/main.o
                0x200025d8                timerAliens
 .bss.timerAnimacionAliens
                0x200025dc        0x4 ./Core/Src/main.o
                0x200025dc                timerAnimacionAliens
 .bss.AlienActual
                0x200025e0        0x4 ./Core/Src/main.o
                0x200025e0                AlienActual
 .bss.tiempoSpawn
                0x200025e4        0x4 ./Core/Src/main.o
                0x200025e4                tiempoSpawn
 .bss.vaiven    0x200025e8        0x4 ./Core/Src/main.o
 .bss.aliensVivos
                0x200025ec        0x4 ./Core/Src/main.o
                0x200025ec                aliensVivos
 .bss.disparo_J1
                0x200025f0       0x3c ./Core/Src/main.o
                0x200025f0                disparo_J1
 .bss.disparo_J2
                0x2000262c       0x3c ./Core/Src/main.o
                0x2000262c                disparo_J2
 .bss.timerBalas
                0x20002668        0x4 ./Core/Src/main.o
                0x20002668                timerBalas
 .bss.scoreJ1   0x2000266c        0x4 ./Core/Src/main.o
                0x2000266c                scoreJ1
 .bss.scoreJ2   0x20002670        0x4 ./Core/Src/main.o
                0x20002670                scoreJ2
 .bss.CausaVictoria
                0x20002674        0x4 ./Core/Src/main.o
                0x20002674                CausaVictoria
 .bss.timerExplo
                0x20002678        0x4 ./Core/Src/main.o
                0x20002678                timerExplo
 .bss.pantallaGanador.0
                0x2000267c        0x1 ./Core/Src/main.o
 *fill*         0x2000267d        0x3 
 .bss.__sbrk_heap_end
                0x20002680        0x4 ./Core/Src/sysmem.o
 .bss.uwTick    0x20002684        0x4 ./Drivers/STM32F4xx_HAL_Driver/Src/stm32f4xx_hal.o
                0x20002684                uwTick
 .bss.retUSER   0x20002688        0x1 ./FATFS/App/fatfs.o
                0x20002688                retUSER
 *fill*         0x20002689        0x3 
 .bss.USERPath  0x2000268c        0x4 ./FATFS/App/fatfs.o
                0x2000268c                USERPath
 .bss.FatFs     0x20002690        0x4 ./Middlewares/Third_Party/FatFs/src/ff.o
 .bss.Fsid      0x20002694        0x2 ./Middlewares/Third_Party/FatFs/src/ff.o
 *fill*         0x20002696        0x2 
 .bss.Files     0x20002698       0x20 ./Middlewares/Third_Party/FatFs/src/ff.o
 .bss.LfnBuf    0x200026b8      0x200 ./Middlewares/Third_Party/FatFs/src/ff.o
 .bss.disk      0x200028b8        0xc ./Middlewares/Third_Party/FatFs/src/ff_gen_drv.o
                0x200028b8                disk
 .bss.__sf      0x200028c4      0x138 C:/ST/STM32CubeIDE_2.1.0/STM32CubeIDE/plugins/com.st.stm32cube.ide.mcu.externaltools.gnu-tools-for-stm32.14.3.rel1.win32_1.0.100.202602081740/tools/bin/../lib/gcc/arm-none-eabi/14.3.1/../../../../arm-none-eabi/lib/thumb/v7e-m+fp/hard\libc_nano.a(libc_a-findfp.o)
                0x200028c4                __sf
 .bss.errno     0x200029fc        0x4 C:/ST/STM32CubeIDE_2.1.0/STM32CubeIDE/plugins/com.st.stm32cube.ide.mcu.externaltools.gnu-tools-for-stm32.14.3.rel1.win32_1.0.100.202602081740/tools/bin/../lib/gcc/arm-none-eabi/14.3.1/../../../../arm-none-eabi/lib/thumb/v7e-m+fp/hard\libc_nano.a(libc_a-reent.o)
                0x200029fc                errno
 .bss.__lock___malloc_recursive_mutex
                0x20002a00        0x1 C:/ST/STM32CubeIDE_2.1.0/STM32CubeIDE/plugins/com.st.stm32cube.ide.mcu.externaltools.gnu-tools-for-stm32.14.3.rel1.win32_1.0.100.202602081740/tools/bin/../lib/gcc/arm-none-eabi/14.3.1/../../../../arm-none-eabi/lib/thumb/v7e-m+fp/hard\libc_nano.a(libc_a-lock.o)
                0x20002a00                __lock___malloc_recursive_mutex
 *fill*         0x20002a01        0x3 
 .bss.__malloc_sbrk_start
                0x20002a04        0x4 C:/ST/STM32CubeIDE_2.1.0/STM32CubeIDE/plugins/com.st.stm32cube.ide.mcu.externaltools.gnu-tools-for-stm32.14.3.rel1.win32_1.0.100.202602081740/tools/bin/../lib/gcc/arm-none-eabi/14.3.1/../../../../arm-none-eabi/lib/thumb/v7e-m+fp/hard\libc_nano.a(libc_a-mallocr.o)
                0x20002a04                __malloc_sbrk_start
 .bss.__malloc_free_list
                0x20002a08        0x4 C:/ST/STM32CubeIDE_2.1.0/STM32CubeIDE/plugins/com.st.stm32cube.ide.mcu.externaltools.gnu-tools-for-stm32.14.3.rel1.win32_1.0.100.202602081740/tools/bin/../lib/gcc/arm-none-eabi/14.3.1/../../../../arm-none-eabi/lib/thumb/v7e-m+fp/hard\libc_nano.a(libc_a-mallocr.o)
                0x20002a08                __malloc_free_list
 *(COMMON)
                0x20002a0c                        . = ALIGN (0x4)
                0x20002a0c                        _ebss = .
                0x20002a0c                        __bss_end__ = _ebss

._user_heap_stack
                0x20002a0c      0x604 load address 0x0806a748
                0x20002a10                        . = ALIGN (0x8)
 *fill*         0x20002a0c        0x4 
                [!provide]                        PROVIDE (end = .)
                0x20002a10                        PROVIDE (_end = .)
                0x20002c10                        . = (. + _Min_Heap_Size)
 *fill*         0x20002a10      0x200 
                0x20003010                        . = (. + _Min_Stack_Size)
 *fill*         0x20002c10      0x400 
                0x20003010                        . = ALIGN (0x8)

/DISCARD/
 libc.a(*)
 libm.a(*)
 libgcc.a(*)

.ARM.attributes
                0x00000000       0x30
 *(.ARM.attributes)
 .ARM.attributes
                0x00000000       0x22 C:/ST/STM32CubeIDE_2.1.0/STM32CubeIDE/plugins/com.st.stm32cube.ide.mcu.externaltools.gnu-tools-for-stm32.14.3.rel1.win32_1.0.100.202602081740/tools/bin/../lib/gcc/arm-none-eabi/14.3.1/thumb/v7e-m+fp/hard/crti.o
 .ARM.attributes
                0x00000022       0x34 C:/ST/STM32CubeIDE_2.1.0/STM32CubeIDE/plugins/com.st.stm32cube.ide.mcu.externaltools.gnu-tools-for-stm32.14.3.rel1.win32_1.0.100.202602081740/tools/bin/../lib/gcc/arm-none-eabi/14.3.1/thumb/v7e-m+fp/hard/crtbegin.o
 .ARM.attributes
                0x00000056       0x34 ./Core/Src/fatfs_sd.o
 .ARM.attributes
                0x0000008a       0x34 ./Core/Src/font.o
 .ARM.attributes
                0x000000be       0x34 ./Core/Src/graficos.o
 .ARM.attributes
                0x000000f2       0x34 ./Core/Src/ili9341.o
 .ARM.attributes
                0x00000126       0x34 ./Core/Src/main.o
 .ARM.attributes
                0x0000015a       0x34 ./Core/Src/stm32f4xx_hal_msp.o
 .ARM.attributes
                0x0000018e       0x34 ./Core/Src/stm32f4xx_it.o
 .ARM.attributes
                0x000001c2       0x34 ./Core/Src/sysmem.o
 .ARM.attributes
                0x000001f6       0x34 ./Core/Src/system_stm32f4xx.o
 .ARM.attributes
                0x0000022a       0x21 ./Core/Startup/startup_stm32f446retx.o
 .ARM.attributes
                0x0000024b       0x34 ./Drivers/STM32F4xx_HAL_Driver/Src/stm32f4xx_hal.o
 .ARM.attributes
                0x0000027f       0x34 ./Drivers/STM32F4xx_HAL_Driver/Src/stm32f4xx_hal_cortex.o
 .ARM.attributes
                0x000002b3       0x34 ./Drivers/STM32F4xx_HAL_Driver/Src/stm32f4xx_hal_dma.o
 .ARM.attributes
                0x000002e7       0x34 ./Drivers/STM32F4xx_HAL_Driver/Src/stm32f4xx_hal_gpio.o
 .ARM.attributes
                0x0000031b       0x34 ./Drivers/STM32F4xx_HAL_Driver/Src/stm32f4xx_hal_rcc.o
 .ARM.attributes
                0x0000034f       0x34 ./Drivers/STM32F4xx_HAL_Driver/Src/stm32f4xx_hal_rcc_ex.o
 .ARM.attributes
                0x00000383       0x34 ./Drivers/STM32F4xx_HAL_Driver/Src/stm32f4xx_hal_spi.o
 .ARM.attributes
                0x000003b7       0x34 ./Drivers/STM32F4xx_HAL_Driver/Src/stm32f4xx_hal_tim.o
 .ARM.attributes
                0x000003eb       0x34 ./Drivers/STM32F4xx_HAL_Driver/Src/stm32f4xx_hal_tim_ex.o
 .ARM.attributes
                0x0000041f       0x34 ./Drivers/STM32F4xx_HAL_Driver/Src/stm32f4xx_hal_uart.o
 .ARM.attributes
                0x00000453       0x34 ./FATFS/App/fatfs.o
 .ARM.attributes
                0x00000487       0x34 ./FATFS/Target/user_diskio.o
 .ARM.attributes
                0x000004bb       0x34 ./Middlewares/Third_Party/FatFs/src/diskio.o
 .ARM.attributes
                0x000004ef       0x34 ./Middlewares/Third_Party/FatFs/src/ff.o
 .ARM.attributes
                0x00000523       0x34 ./Middlewares/Third_Party/FatFs/src/ff_gen_drv.o
 .ARM.attributes
                0x00000557       0x34 ./Middlewares/Third_Party/FatFs/src/option/ccsbcs.o
 .ARM.attributes
                0x0000058b       0x34 C:/ST/STM32CubeIDE_2.1.0/STM32CubeIDE/plugins/com.st.stm32cube.ide.mcu.externaltools.gnu-tools-for-stm32.14.3.rel1.win32_1.0.100.202602081740/tools/bin/../lib/gcc/arm-none-eabi/14.3.1/../../../../arm-none-eabi/lib/thumb/v7e-m+fp/hard\libc_nano.a(libc_a-findfp.o)
 .ARM.attributes
                0x000005bf       0x34 C:/ST/STM32CubeIDE_2.1.0/STM32CubeIDE/plugins/com.st.stm32cube.ide.mcu.externaltools.gnu-tools-for-stm32.14.3.rel1.win32_1.0.100.202602081740/tools/bin/../lib/gcc/arm-none-eabi/14.3.1/../../../../arm-none-eabi/lib/thumb/v7e-m+fp/hard\libc_nano.a(libc_a-sprintf.o)
 .ARM.attributes
                0x000005f3       0x34 C:/ST/STM32CubeIDE_2.1.0/STM32CubeIDE/plugins/com.st.stm32cube.ide.mcu.externaltools.gnu-tools-for-stm32.14.3.rel1.win32_1.0.100.202602081740/tools/bin/../lib/gcc/arm-none-eabi/14.3.1/../../../../arm-none-eabi/lib/thumb/v7e-m+fp/hard\libc_nano.a(libc_a-memset.o)
 .ARM.attributes
                0x00000627       0x34 C:/ST/STM32CubeIDE_2.1.0/STM32CubeIDE/plugins/com.st.stm32cube.ide.mcu.externaltools.gnu-tools-for-stm32.14.3.rel1.win32_1.0.100.202602081740/tools/bin/../lib/gcc/arm-none-eabi/14.3.1/../../../../arm-none-eabi/lib/thumb/v7e-m+fp/hard\libc_nano.a(libc_a-reent.o)
 .ARM.attributes
                0x0000065b       0x34 C:/ST/STM32CubeIDE_2.1.0/STM32CubeIDE/plugins/com.st.stm32cube.ide.mcu.externaltools.gnu-tools-for-stm32.14.3.rel1.win32_1.0.100.202602081740/tools/bin/../lib/gcc/arm-none-eabi/14.3.1/../../../../arm-none-eabi/lib/thumb/v7e-m+fp/hard\libc_nano.a(libc_a-impure.o)
 .ARM.attributes
                0x0000068f       0x34 C:/ST/STM32CubeIDE_2.1.0/STM32CubeIDE/plugins/com.st.stm32cube.ide.mcu.externaltools.gnu-tools-for-stm32.14.3.rel1.win32_1.0.100.202602081740/tools/bin/../lib/gcc/arm-none-eabi/14.3.1/../../../../arm-none-eabi/lib/thumb/v7e-m+fp/hard\libc_nano.a(libc_a-errno.o)
 .ARM.attributes
                0x000006c3       0x34 C:/ST/STM32CubeIDE_2.1.0/STM32CubeIDE/plugins/com.st.stm32cube.ide.mcu.externaltools.gnu-tools-for-stm32.14.3.rel1.win32_1.0.100.202602081740/tools/bin/../lib/gcc/arm-none-eabi/14.3.1/../../../../arm-none-eabi/lib/thumb/v7e-m+fp/hard\libc_nano.a(libc_a-init.o)
 .ARM.attributes
                0x000006f7       0x34 C:/ST/STM32CubeIDE_2.1.0/STM32CubeIDE/plugins/com.st.stm32cube.ide.mcu.externaltools.gnu-tools-for-stm32.14.3.rel1.win32_1.0.100.202602081740/tools/bin/../lib/gcc/arm-none-eabi/14.3.1/../../../../arm-none-eabi/lib/thumb/v7e-m+fp/hard\libc_nano.a(libc_a-lock.o)
 .ARM.attributes
                0x0000072b       0x17 C:/ST/STM32CubeIDE_2.1.0/STM32CubeIDE/plugins/com.st.stm32cube.ide.mcu.externaltools.gnu-tools-for-stm32.14.3.rel1.win32_1.0.100.202602081740/tools/bin/../lib/gcc/arm-none-eabi/14.3.1/../../../../arm-none-eabi/lib/thumb/v7e-m+fp/hard\libc_nano.a(libc_a-strlen.o)
 .ARM.attributes
                0x00000742       0x34 C:/ST/STM32CubeIDE_2.1.0/STM32CubeIDE/plugins/com.st.stm32cube.ide.mcu.externaltools.gnu-tools-for-stm32.14.3.rel1.win32_1.0.100.202602081740/tools/bin/../lib/gcc/arm-none-eabi/14.3.1/../../../../arm-none-eabi/lib/thumb/v7e-m+fp/hard\libc_nano.a(libc_a-freer.o)
 .ARM.attributes
                0x00000776       0x34 C:/ST/STM32CubeIDE_2.1.0/STM32CubeIDE/plugins/com.st.stm32cube.ide.mcu.externaltools.gnu-tools-for-stm32.14.3.rel1.win32_1.0.100.202602081740/tools/bin/../lib/gcc/arm-none-eabi/14.3.1/../../../../arm-none-eabi/lib/thumb/v7e-m+fp/hard\libc_nano.a(libc_a-mallocr.o)
 .ARM.attributes
                0x000007aa       0x34 C:/ST/STM32CubeIDE_2.1.0/STM32CubeIDE/plugins/com.st.stm32cube.ide.mcu.externaltools.gnu-tools-for-stm32.14.3.rel1.win32_1.0.100.202602081740/tools/bin/../lib/gcc/arm-none-eabi/14.3.1/../../../../arm-none-eabi/lib/thumb/v7e-m+fp/hard\libc_nano.a(libc_a-mlock.o)
 .ARM.attributes
                0x000007de       0x34 C:/ST/STM32CubeIDE_2.1.0/STM32CubeIDE/plugins/com.st.stm32cube.ide.mcu.externaltools.gnu-tools-for-stm32.14.3.rel1.win32_1.0.100.202602081740/tools/bin/../lib/gcc/arm-none-eabi/14.3.1/../../../../arm-none-eabi/lib/thumb/v7e-m+fp/hard\libc_nano.a(libc_a-nano-svfprintf.o)
 .ARM.attributes
                0x00000812       0x34 C:/ST/STM32CubeIDE_2.1.0/STM32CubeIDE/plugins/com.st.stm32cube.ide.mcu.externaltools.gnu-tools-for-stm32.14.3.rel1.win32_1.0.100.202602081740/tools/bin/../lib/gcc/arm-none-eabi/14.3.1/../../../../arm-none-eabi/lib/thumb/v7e-m+fp/hard\libc_nano.a(libc_a-nano-vfprintf_i.o)
 .ARM.attributes
                0x00000846       0x34 C:/ST/STM32CubeIDE_2.1.0/STM32CubeIDE/plugins/com.st.stm32cube.ide.mcu.externaltools.gnu-tools-for-stm32.14.3.rel1.win32_1.0.100.202602081740/tools/bin/../lib/gcc/arm-none-eabi/14.3.1/../../../../arm-none-eabi/lib/thumb/v7e-m+fp/hard\libc_nano.a(libc_a-memmove.o)
 .ARM.attributes
                0x0000087a       0x34 C:/ST/STM32CubeIDE_2.1.0/STM32CubeIDE/plugins/com.st.stm32cube.ide.mcu.externaltools.gnu-tools-for-stm32.14.3.rel1.win32_1.0.100.202602081740/tools/bin/../lib/gcc/arm-none-eabi/14.3.1/../../../../arm-none-eabi/lib/thumb/v7e-m+fp/hard\libc_nano.a(libc_a-sbrkr.o)
 .ARM.attributes
                0x000008ae       0x1c C:/ST/STM32CubeIDE_2.1.0/STM32CubeIDE/plugins/com.st.stm32cube.ide.mcu.externaltools.gnu-tools-for-stm32.14.3.rel1.win32_1.0.100.202602081740/tools/bin/../lib/gcc/arm-none-eabi/14.3.1/../../../../arm-none-eabi/lib/thumb/v7e-m+fp/hard\libc_nano.a(libc_a-memchr.o)
 .ARM.attributes
                0x000008ca       0x34 C:/ST/STM32CubeIDE_2.1.0/STM32CubeIDE/plugins/com.st.stm32cube.ide.mcu.externaltools.gnu-tools-for-stm32.14.3.rel1.win32_1.0.100.202602081740/tools/bin/../lib/gcc/arm-none-eabi/14.3.1/../../../../arm-none-eabi/lib/thumb/v7e-m+fp/hard\libc_nano.a(libc_a-memcpy-stub.o)
 .ARM.attributes
                0x000008fe       0x34 C:/ST/STM32CubeIDE_2.1.0/STM32CubeIDE/plugins/com.st.stm32cube.ide.mcu.externaltools.gnu-tools-for-stm32.14.3.rel1.win32_1.0.100.202602081740/tools/bin/../lib/gcc/arm-none-eabi/14.3.1/../../../../arm-none-eabi/lib/thumb/v7e-m+fp/hard\libc_nano.a(libc_a-reallocr.o)
 .ARM.attributes
                0x00000932       0x34 C:/ST/STM32CubeIDE_2.1.0/STM32CubeIDE/plugins/com.st.stm32cube.ide.mcu.externaltools.gnu-tools-for-stm32.14.3.rel1.win32_1.0.100.202602081740/tools/bin/../lib/gcc/arm-none-eabi/14.3.1/../../../../arm-none-eabi/lib/thumb/v7e-m+fp/hard\libc_nano.a(libc_a-msizer.o)
 .ARM.attributes
                0x00000966       0x34 C:/ST/STM32CubeIDE_2.1.0/STM32CubeIDE/plugins/com.st.stm32cube.ide.mcu.externaltools.gnu-tools-for-stm32.14.3.rel1.win32_1.0.100.202602081740/tools/bin/../lib/gcc/arm-none-eabi/14.3.1/../../../../arm-none-eabi/lib/thumb/v7e-m+fp/hard\libm.a(libm_a-s_sin.o)
 .ARM.attributes
                0x0000099a       0x34 C:/ST/STM32CubeIDE_2.1.0/STM32CubeIDE/plugins/com.st.stm32cube.ide.mcu.externaltools.gnu-tools-for-stm32.14.3.rel1.win32_1.0.100.202602081740/tools/bin/../lib/gcc/arm-none-eabi/14.3.1/../../../../arm-none-eabi/lib/thumb/v7e-m+fp/hard\libm.a(libm_a-k_cos.o)
 .ARM.attributes
                0x000009ce       0x34 C:/ST/STM32CubeIDE_2.1.0/STM32CubeIDE/plugins/com.st.stm32cube.ide.mcu.externaltools.gnu-tools-for-stm32.14.3.rel1.win32_1.0.100.202602081740/tools/bin/../lib/gcc/arm-none-eabi/14.3.1/../../../../arm-none-eabi/lib/thumb/v7e-m+fp/hard\libm.a(libm_a-k_sin.o)
 .ARM.attributes
                0x00000a02       0x34 C:/ST/STM32CubeIDE_2.1.0/STM32CubeIDE/plugins/com.st.stm32cube.ide.mcu.externaltools.gnu-tools-for-stm32.14.3.rel1.win32_1.0.100.202602081740/tools/bin/../lib/gcc/arm-none-eabi/14.3.1/../../../../arm-none-eabi/lib/thumb/v7e-m+fp/hard\libm.a(libm_a-e_rem_pio2.o)
 .ARM.attributes
                0x00000a36       0x34 C:/ST/STM32CubeIDE_2.1.0/STM32CubeIDE/plugins/com.st.stm32cube.ide.mcu.externaltools.gnu-tools-for-stm32.14.3.rel1.win32_1.0.100.202602081740/tools/bin/../lib/gcc/arm-none-eabi/14.3.1/../../../../arm-none-eabi/lib/thumb/v7e-m+fp/hard\libm.a(libm_a-s_fabs.o)
 .ARM.attributes
                0x00000a6a       0x34 C:/ST/STM32CubeIDE_2.1.0/STM32CubeIDE/plugins/com.st.stm32cube.ide.mcu.externaltools.gnu-tools-for-stm32.14.3.rel1.win32_1.0.100.202602081740/tools/bin/../lib/gcc/arm-none-eabi/14.3.1/../../../../arm-none-eabi/lib/thumb/v7e-m+fp/hard\libm.a(libm_a-k_rem_pio2.o)
 .ARM.attributes
                0x00000a9e       0x34 C:/ST/STM32CubeIDE_2.1.0/STM32CubeIDE/plugins/com.st.stm32cube.ide.mcu.externaltools.gnu-tools-for-stm32.14.3.rel1.win32_1.0.100.202602081740/tools/bin/../lib/gcc/arm-none-eabi/14.3.1/../../../../arm-none-eabi/lib/thumb/v7e-m+fp/hard\libm.a(libm_a-s_scalbn.o)
 .ARM.attributes
                0x00000ad2       0x34 C:/ST/STM32CubeIDE_2.1.0/STM32CubeIDE/plugins/com.st.stm32cube.ide.mcu.externaltools.gnu-tools-for-stm32.14.3.rel1.win32_1.0.100.202602081740/tools/bin/../lib/gcc/arm-none-eabi/14.3.1/../../../../arm-none-eabi/lib/thumb/v7e-m+fp/hard\libm.a(libm_a-s_floor.o)
 .ARM.attributes
                0x00000b06       0x22 C:/ST/STM32CubeIDE_2.1.0/STM32CubeIDE/plugins/com.st.stm32cube.ide.mcu.externaltools.gnu-tools-for-stm32.14.3.rel1.win32_1.0.100.202602081740/tools/bin/../lib/gcc/arm-none-eabi/14.3.1/thumb/v7e-m+fp/hard\libgcc.a(_arm_addsubdf3.o)
 .ARM.attributes
                0x00000b28       0x22 C:/ST/STM32CubeIDE_2.1.0/STM32CubeIDE/plugins/com.st.stm32cube.ide.mcu.externaltools.gnu-tools-for-stm32.14.3.rel1.win32_1.0.100.202602081740/tools/bin/../lib/gcc/arm-none-eabi/14.3.1/thumb/v7e-m+fp/hard\libgcc.a(_arm_muldivdf3.o)
 .ARM.attributes
                0x00000b4a       0x22 C:/ST/STM32CubeIDE_2.1.0/STM32CubeIDE/plugins/com.st.stm32cube.ide.mcu.externaltools.gnu-tools-for-stm32.14.3.rel1.win32_1.0.100.202602081740/tools/bin/../lib/gcc/arm-none-eabi/14.3.1/thumb/v7e-m+fp/hard\libgcc.a(_arm_cmpdf2.o)
 .ARM.attributes
                0x00000b6c       0x22 C:/ST/STM32CubeIDE_2.1.0/STM32CubeIDE/plugins/com.st.stm32cube.ide.mcu.externaltools.gnu-tools-for-stm32.14.3.rel1.win32_1.0.100.202602081740/tools/bin/../lib/gcc/arm-none-eabi/14.3.1/thumb/v7e-m+fp/hard\libgcc.a(_arm_fixdfsi.o)
 .ARM.attributes
                0x00000b8e       0x22 C:/ST/STM32CubeIDE_2.1.0/STM32CubeIDE/plugins/com.st.stm32cube.ide.mcu.externaltools.gnu-tools-for-stm32.14.3.rel1.win32_1.0.100.202602081740/tools/bin/../lib/gcc/arm-none-eabi/14.3.1/thumb/v7e-m+fp/hard\libgcc.a(_arm_truncdfsf2.o)
 .ARM.attributes
                0x00000bb0       0x22 C:/ST/STM32CubeIDE_2.1.0/STM32CubeIDE/plugins/com.st.stm32cube.ide.mcu.externaltools.gnu-tools-for-stm32.14.3.rel1.win32_1.0.100.202602081740/tools/bin/../lib/gcc/arm-none-eabi/14.3.1/thumb/v7e-m+fp/hard\libgcc.a(_aeabi_uldivmod.o)
 .ARM.attributes
                0x00000bd2       0x34 C:/ST/STM32CubeIDE_2.1.0/STM32CubeIDE/plugins/com.st.stm32cube.ide.mcu.externaltools.gnu-tools-for-stm32.14.3.rel1.win32_1.0.100.202602081740/tools/bin/../lib/gcc/arm-none-eabi/14.3.1/thumb/v7e-m+fp/hard\libgcc.a(_udivmoddi4.o)
 .ARM.attributes
                0x00000c06       0x22 C:/ST/STM32CubeIDE_2.1.0/STM32CubeIDE/plugins/com.st.stm32cube.ide.mcu.externaltools.gnu-tools-for-stm32.14.3.rel1.win32_1.0.100.202602081740/tools/bin/../lib/gcc/arm-none-eabi/14.3.1/thumb/v7e-m+fp/hard\libgcc.a(_dvmd_tls.o)
 .ARM.attributes
                0x00000c28       0x22 C:/ST/STM32CubeIDE_2.1.0/STM32CubeIDE/plugins/com.st.stm32cube.ide.mcu.externaltools.gnu-tools-for-stm32.14.3.rel1.win32_1.0.100.202602081740/tools/bin/../lib/gcc/arm-none-eabi/14.3.1/thumb/v7e-m+fp/hard/crtn.o
OUTPUT(proyecto2_erick_jose.elf elf32-littlearm)
LOAD linker stubs
LOAD C:/ST/STM32CubeIDE_2.1.0/STM32CubeIDE/plugins/com.st.stm32cube.ide.mcu.externaltools.gnu-tools-for-stm32.14.3.rel1.win32_1.0.100.202602081740/tools/bin/../lib/gcc/arm-none-eabi/14.3.1/../../../../arm-none-eabi/lib/thumb/v7e-m+fp/hard\libc.a
LOAD C:/ST/STM32CubeIDE_2.1.0/STM32CubeIDE/plugins/com.st.stm32cube.ide.mcu.externaltools.gnu-tools-for-stm32.14.3.rel1.win32_1.0.100.202602081740/tools/bin/../lib/gcc/arm-none-eabi/14.3.1/../../../../arm-none-eabi/lib/thumb/v7e-m+fp/hard\libm.a
LOAD C:/ST/STM32CubeIDE_2.1.0/STM32CubeIDE/plugins/com.st.stm32cube.ide.mcu.externaltools.gnu-tools-for-stm32.14.3.rel1.win32_1.0.100.202602081740/tools/bin/../lib/gcc/arm-none-eabi/14.3.1/thumb/v7e-m+fp/hard\libgcc.a

.debug_info     0x00000000    0x15a77
 .debug_info    0x00000000      0xc65 ./Core/Src/fatfs_sd.o
 .debug_info    0x00000c65       0xf1 ./Core/Src/font.o
 .debug_info    0x00000d56      0x11e ./Core/Src/graficos.o
 .debug_info    0x00000e74      0xeed ./Core/Src/ili9341.o
 .debug_info    0x00001d61     0x2791 ./Core/Src/main.o
 .debug_info    0x000044f2     0x13e2 ./Core/Src/stm32f4xx_hal_msp.o
 .debug_info    0x000058d4      0x68d ./Core/Src/stm32f4xx_it.o
 .debug_info    0x00005f61      0x168 ./Core/Src/sysmem.o
 .debug_info    0x000060c9      0x54a ./Core/Src/system_stm32f4xx.o
 .debug_info    0x00006613       0x30 ./Core/Startup/startup_stm32f446retx.o
 .debug_info    0x00006643      0x99a ./Drivers/STM32F4xx_HAL_Driver/Src/stm32f4xx_hal.o
 .debug_info    0x00006fdd      0xdaa ./Drivers/STM32F4xx_HAL_Driver/Src/stm32f4xx_hal_cortex.o
 .debug_info    0x00007d87      0x8e7 ./Drivers/STM32F4xx_HAL_Driver/Src/stm32f4xx_hal_dma.o
 .debug_info    0x0000866e      0x70b ./Drivers/STM32F4xx_HAL_Driver/Src/stm32f4xx_hal_gpio.o
 .debug_info    0x00008d79      0x8ff ./Drivers/STM32F4xx_HAL_Driver/Src/stm32f4xx_hal_rcc.o
 .debug_info    0x00009678      0x960 ./Drivers/STM32F4xx_HAL_Driver/Src/stm32f4xx_hal_rcc_ex.o
 .debug_info    0x00009fd8     0x1525 ./Drivers/STM32F4xx_HAL_Driver/Src/stm32f4xx_hal_spi.o
 .debug_info    0x0000b4fd     0x299d ./Drivers/STM32F4xx_HAL_Driver/Src/stm32f4xx_hal_tim.o
 .debug_info    0x0000de9a     0x14db ./Drivers/STM32F4xx_HAL_Driver/Src/stm32f4xx_hal_tim_ex.o
 .debug_info    0x0000f375     0x2f4f ./Drivers/STM32F4xx_HAL_Driver/Src/stm32f4xx_hal_uart.o