Archive member included to satisfy reference by file (symbol)

C:/ST/STM32CubeIDE_2.1.0/STM32CubeIDE/plugins/com.st.stm32cube.ide.mcu.externaltools.gnu-tools-for-stm32.14.3.rel1.win32_1.0.100.202602081740/tools/bin/../lib/gcc/arm-none-eabi/14.3.1/../../../../arm-none-eabi/lib/thumb/v7e-m+fp/hard\libc_nano.a(libc_a-exit.o)
                              C:/ST/STM32CubeIDE_2.1.0/STM32CubeIDE/plugins/com.st.stm32cube.ide.mcu.externaltools.gnu-tools-for-stm32.14.3.rel1.win32_1.0.100.202602081740/tools/bin/../lib/gcc/arm-none-eabi/14.3.1/../../../../arm-none-eabi/lib/thumb/v7e-m+fp/hard/crt0.o (exit)
C:/ST/STM32CubeIDE_2.1.0/STM32CubeIDE/plugins/com.st.stm32cube.ide.mcu.externaltools.gnu-tools-for-stm32.14.3.rel1.win32_1.0.100.202602081740/tools/bin/../lib/gcc/arm-none-eabi/14.3.1/../../../../arm-none-eabi/lib/thumb/v7e-m+fp/hard\libc_nano.a(libc_a-findfp.o)
                              C:/ST/STM32CubeIDE_2.1.0/STM32CubeIDE/plugins/com.st.stm32cube.ide.mcu.externaltools.gnu-tools-for-stm32.14.3.rel1.win32_1.0.100.202602081740/tools/bin/../lib/gcc/arm-none-eabi/14.3.1/../../../../arm-none-eabi/lib/thumb/v7e-m+fp/hard\libc_nano.a(libc_a-exit.o) (__stdio_exit_handler)
C:/ST/STM32CubeIDE_2.1.0/STM32CubeIDE/plugins/com.st.stm32cube.ide.mcu.externaltools.gnu-tools-for-stm32.14.3.rel1.win32_1.0.100.202602081740/tools/bin/../lib/gcc/arm-none-eabi/14.3.1/../../../../arm-none-eabi/lib/thumb/v7e-m+fp/hard\libc_nano.a(libc_a-fwalk.o)
                              C:/ST/STM32CubeIDE_2.1.0/STM32CubeIDE/plugins/com.st.stm32cube.ide.mcu.externaltools.gnu-tools-for-stm32.14.3.rel1.win32_1.0.100.202602081740/tools/bin/../lib/gcc/arm-none-eabi/14.3.1/../../../../arm-none-eabi/lib/thumb/v7e-m+fp/hard\libc_nano.a(libc_a-findfp.o) (_fwalk_sglue)
C:/ST/STM32CubeIDE_2.1.0/STM32CubeIDE/plugins/com.st.stm32cube.ide.mcu.externaltools.gnu-tools-for-stm32.14.3.rel1.win32_1.0.100.202602081740/tools/bin/../lib/gcc/arm-none-eabi/14.3.1/../../../../arm-none-eabi/lib/thumb/v7e-m+fp/hard\libc_nano.a(libc_a-sprintf.o)
                              ./Core/Src/main.o (sprintf)
C:/ST/STM32CubeIDE_2.1.0/STM32CubeIDE/plugins/com.st.stm32cube.ide.mcu.externaltools.gnu-tools-for-stm32.14.3.rel1.win32_1.0.100.202602081740/tools/bin/../lib/gcc/arm-none-eabi/14.3.1/../../../../arm-none-eabi/lib/thumb/v7e-m+fp/hard\libc_nano.a(libc_a-stdio.o)
                              C:/ST/STM32CubeIDE_2.1.0/STM32CubeIDE/plugins/com.st.stm32cube.ide.mcu.externaltools.gnu-tools-for-stm32.14.3.rel1.win32_1.0.100.202602081740/tools/bin/../lib/gcc/arm-none-eabi/14.3.1/../../../../arm-none-eabi/lib/thumb/v7e-m+fp/hard\libc_nano.a(libc_a-findfp.o) (__sread)
C:/ST/STM32CubeIDE_2.1.0/STM32CubeIDE/plugins/com.st.stm32cube.ide.mcu.externaltools.gnu-tools-for-stm32.14.3.rel1.win32_1.0.100.202602081740/tools/bin/../lib/gcc/arm-none-eabi/14.3.1/../../../../arm-none-eabi/lib/thumb/v7e-m+fp/hard\libc_nano.a(libc_a-memset.o)
                              C:/ST/STM32CubeIDE_2.1.0/STM32CubeIDE/plugins/com.st.stm32cube.ide.mcu.externaltools.gnu-tools-for-stm32.14.3.rel1.win32_1.0.100.202602081740/tools/bin/../lib/gcc/arm-none-eabi/14.3.1/../../../../arm-none-eabi/lib/thumb/v7e-m+fp/hard/crt0.o (memset)
C:/ST/STM32CubeIDE_2.1.0/STM32CubeIDE/plugins/com.st.stm32cube.ide.mcu.externaltools.gnu-tools-for-stm32.14.3.rel1.win32_1.0.100.202602081740/tools/bin/../lib/gcc/arm-none-eabi/14.3.1/../../../../arm-none-eabi/lib/thumb/v7e-m+fp/hard\libc_nano.a(libc_a-closer.o)
                              C:/ST/STM32CubeIDE_2.1.0/STM32CubeIDE/plugins/com.st.stm32cube.ide.mcu.externaltools.gnu-tools-for-stm32.14.3.rel1.win32_1.0.100.202602081740/tools/bin/../lib/gcc/arm-none-eabi/14.3.1/../../../../arm-none-eabi/lib/thumb/v7e-m+fp/hard\libc_nano.a(libc_a-stdio.o) (_close_r)
C:/ST/STM32CubeIDE_2.1.0/STM32CubeIDE/plugins/com.st.stm32cube.ide.mcu.externaltools.gnu-tools-for-stm32.14.3.rel1.win32_1.0.100.202602081740/tools/bin/../lib/gcc/arm-none-eabi/14.3.1/../../../../arm-none-eabi/lib/thumb/v7e-m+fp/hard\libc_nano.a(libc_a-reent.o)
                              C:/ST/STM32CubeIDE_2.1.0/STM32CubeIDE/plugins/com.st.stm32cube.ide.mcu.externaltools.gnu-tools-for-stm32.14.3.rel1.win32_1.0.100.202602081740/tools/bin/../lib/gcc/arm-none-eabi/14.3.1/../../../../arm-none-eabi/lib/thumb/v7e-m+fp/hard\libc_nano.a(libc_a-closer.o) (errno)
C:/ST/STM32CubeIDE_2.1.0/STM32CubeIDE/plugins/com.st.stm32cube.ide.mcu.externaltools.gnu-tools-for-stm32.14.3.rel1.win32_1.0.100.202602081740/tools/bin/../lib/gcc/arm-none-eabi/14.3.1/../../../../arm-none-eabi/lib/thumb/v7e-m+fp/hard\libc_nano.a(libc_a-impure.o)
                              C:/ST/STM32CubeIDE_2.1.0/STM32CubeIDE/plugins/com.st.stm32cube.ide.mcu.externaltools.gnu-tools-for-stm32.14.3.rel1.win32_1.0.100.202602081740/tools/bin/../lib/gcc/arm-none-eabi/14.3.1/../../../../arm-none-eabi/lib/thumb/v7e-m+fp/hard\libc_nano.a(libc_a-sprintf.o) (_impure_ptr)
[...]
Memory Configuration

Name             Origin             Length             Attributes
RAM              0x20000000         0x00020000         xrw
FLASH            0x08000000         0x00080000         xr
*default*        0x00000000         0xffffffff

Linker script and memory map

LOAD C:/ST/STM32CubeIDE_2.1.0/STM32CubeIDE/plugins/com.st.stm32cube.ide.mcu.externaltools.gnu-tools-for-stm32.14.3.rel1.win32_1.0.100.202602081740/tools/bin/../lib/gcc/arm-none-eabi/14.3.1/thumb/v7e-m+fp/hard/crti.o
LOAD C:/ST/STM32CubeIDE_2.1.0/STM32CubeIDE/plugins/com.st.stm32cube.ide.mcu.externaltools.gnu-tools-for-stm32.14.3.rel1.win32_1.0.100.202602081740/tools/bin/../lib/gcc/arm-none-eabi/14.3.1/thumb/v7e-m+fp/hard/crtbegin.o
LOAD C:/ST/STM32CubeIDE_2.1.0/STM32CubeIDE/plugins/com.st.stm32cube.ide.mcu.externaltools.gnu-tools-for-stm32.14.3.rel1.win32_1.0.100.202602081740/tools/bin/../lib/gcc/arm-none-eabi/14.3.1/../../../../arm-none-eabi/lib/thumb/v7e-m+fp/hard/crt0.o
LOAD ./Core/Src/font.o
LOAD ./Core/Src/graficos.o
LOAD ./Core/Src/ili9341.o
LOAD ./Core/Src/main.o
LOAD ./Core/Src/stm32f4xx_hal_msp.o
LOAD ./Core/Src/stm32f4xx_it.o
LOAD ./Core/Src/syscalls.o
LOAD ./Core/Src/sysmem.o
LOAD ./Core/Src/system_stm32f4xx.o
LOAD ./Core/Startup/startup_stm32f446retx.o
LOAD ./Drivers/STM32F4xx_HAL_Driver/Src/stm32f4xx_hal.o
LOAD ./Drivers/STM32F4xx_HAL_Driver/Src/stm32f4xx_hal_cortex.o
LOAD ./Drivers/STM32F4xx_HAL_Driver/Src/stm32f4xx_hal_dma.o
LOAD ./Drivers/STM32F4xx_HAL_Driver/Src/stm32f4xx_hal_dma_ex.o
LOAD ./Drivers/STM32F4xx_HAL_Driver/Src/stm32f4xx_hal_exti.o
LOAD ./Drivers/STM32F4xx_HAL_Driver/Src/stm32f4xx_hal_flash.o
LOAD ./Drivers/STM32F4xx_HAL_Driver/Src/stm32f4xx_hal_flash_ex.o
LOAD ./Drivers/STM32F4xx_HAL_Driver/Src/stm32f4xx_hal_flash_ramfunc.o
LOAD ./Drivers/STM32F4xx_HAL_Driver/Src/stm32f4xx_hal_gpio.o
LOAD ./Drivers/STM32F4xx_HAL_Driver/Src/stm32f4xx_hal_pwr.o
LOAD ./Drivers/STM32F4xx_HAL_Driver/Src/stm32f4xx_hal_pwr_ex.o
LOAD ./Drivers/STM32F4xx_HAL_Driver/Src/stm32f4xx_hal_rcc.o
LOAD ./Drivers/STM32F4xx_HAL_Driver/Src/stm32f4xx_hal_rcc_ex.o
LOAD ./Drivers/STM32F4xx_HAL_Driver/Src/stm32f4xx_hal_spi.o
LOAD ./Drivers/STM32F4xx_HAL_Driver/Src/stm32f4xx_hal_tim.o
LOAD ./Drivers/STM32F4xx_HAL_Driver/Src/stm32f4xx_hal_tim_ex.o
LOAD ./Drivers/STM32F4xx_HAL_Driver/Src/stm32f4xx_hal_uart.o
START GROUP
LOAD C:/ST/STM32CubeIDE_2.1.0/STM32CubeIDE/plugins/com.st.stm32cube.ide.mcu.externaltools.gnu-tools-for-stm32.14.3.rel1.win32_1.0.100.202602081740/tools/bin/../lib/gcc/arm-none-eabi/14.3.1/../../../../arm-none-eabi/lib/thumb/v7e-m+fp/hard\libc_nano.a
LOAD C:/ST/STM32CubeIDE_2.1.0/STM32CubeIDE/plugins/com.st.stm32cube.ide.mcu.externaltools.gnu-tools-for-stm32.14.3.rel1.win32_1.0.100.202602081740/tools/bin/../lib/gcc/arm-none-eabi/14.3.1/../../../../arm-none-eabi/lib/thumb/v7e-m+fp/hard\libm.a
END GROUP
START GROUP
LOAD C:/ST/STM32CubeIDE_2.1.0/STM32CubeIDE/plugins/com.st.stm32cube.ide.mcu.externaltools.gnu-tools-for-stm32.14.3.rel1.win32_1.0.100.202602081740/tools/bin/../lib/gcc/arm-none-eabi/14.3.1/thumb/v7e-m+fp/hard\libgcc.a
LOAD C:/ST/STM32CubeIDE_2.1.0/STM32CubeIDE/plugins/com.st.stm32cube.ide.mcu.externaltools.gnu-tools-for-stm32.14.3.rel1.win32_1.0.100.202602081740/tools/bin/../lib/gcc/arm-none-eabi/14.3.1/../../../../arm-none-eabi/lib/thumb/v7e-m+fp/hard\libc_nano.a
END GROUP
START GROUP
LOAD C:/ST/STM32CubeIDE_2.1.0/STM32CubeIDE/plugins/com.st.stm32cube.ide.mcu.externaltools.gnu-tools-for-stm32.14.3.rel1.win32_1.0.100.202602081740/tools/bin/../lib/gcc/arm-none-eabi/14.3.1/thumb/v7e-m+fp/hard\libgcc.a
LOAD C:/ST/STM32CubeIDE_2.1.0/STM32CubeIDE/plugins/com.st.stm32cube.ide.mcu.externaltools.gnu-tools-for-stm32.14.3.rel1.win32_1.0.100.202602081740/tools/bin/../lib/gcc/arm-none-eabi/14.3.1/../../../../arm-none-eabi/lib/thumb/v7e-m+fp/hard\libc_nano.a
LOAD C:/ST/STM32CubeIDE_2.1.0/STM32CubeIDE/plugins/com.st.stm32cube.ide.mcu.externaltools.gnu-tools-for-stm32.14.3.rel1.win32_1.0.100.202602081740/tools/bin/../lib/gcc/arm-none-eabi/14.3.1/../../../../arm-none-eabi/lib/thumb/v7e-m+fp/hard\libnosys.a
END GROUP
START GROUP
LOAD C:/ST/STM32CubeIDE_2.1.0/STM32CubeIDE/plugins/com.st.stm32cube.ide.mcu.externaltools.gnu-tools-for-stm32.14.3.rel1.win32_1.0.100.202602081740/tools/bin/../lib/gcc/arm-none-eabi/14.3.1/thumb/v7e-m+fp/hard\libgcc.a
LOAD C:/ST/STM32CubeIDE_2.1.0/STM32CubeIDE/plugins/com.st.stm32cube.ide.mcu.externaltools.gnu-tools-for-stm32.14.3.rel1.win32_1.0.100.202602081740/tools/bin/../lib/gcc/arm-none-eabi/14.3.1/../../../../arm-none-eabi/lib/thumb/v7e-m+fp/hard\libc_nano.a
LOAD C:/ST/STM32CubeIDE_2.1.0/STM32CubeIDE/plugins/com.st.stm32cube.ide.mcu.externaltools.gnu-tools-for-stm32.14.3.rel1.win32_1.0.100.202602081740/tools/bin/../lib/gcc/arm-none-eabi/14.3.1/../../../../arm-none-eabi/lib/thumb/v7e-m+fp/hard\libnosys.a
END GROUP
LOAD C:/ST/STM32CubeIDE_2.1.0/STM32CubeIDE/plugins/com.st.stm32cube.ide.mcu.externaltools.gnu-tools-for-stm32.14.3.rel1.win32_1.0.100.202602081740/tools/bin/../lib/gcc/arm-none-eabi/14.3.1/thumb/v7e-m+fp/hard/crtend.o
LOAD C:/ST/STM32CubeIDE_2.1.0/STM32CubeIDE/plugins/com.st.stm32cube.ide.mcu.externaltools.gnu-tools-for-stm32.14.3.rel1.win32_1.0.100.202602081740/tools/bin/../lib/gcc/arm-none-eabi/14.3.1/thumb/v7e-m+fp/hard/crtn.o
                0x20020000                        _estack = (ORIGIN (RAM) + LENGTH (RAM))
                0x00000200                        _Min_Heap_Size = 0x200
                0x00000400                        _Min_Stack_Size = 0x400

.isr_vector     0x08000000      0x1c4
                0x08000000                        . = ALIGN (0x4)
 *(.isr_vector)
 .isr_vector    0x08000000      0x1c4 ./Core/Startup/startup_stm32f446retx.o
                0x08000000                g_pfnVectors
                0x080001c4                        . = ALIGN (0x4)

.text           0x080001c8     0x7db0
                0x080001c8                        . = ALIGN (0x4)
 *(.text)
 .text          0x080001c8       0x40 C:/ST/STM32CubeIDE_2.1.0/STM32CubeIDE/plugins/com.st.stm32cube.ide.mcu.externaltools.gnu-tools-for-stm32.14.3.rel1.win32_1.0.100.202602081740/tools/bin/../lib/gcc/arm-none-eabi/14.3.1/thumb/v7e-m+fp/hard/crtbegin.o
 .text          0x08000208       0x10 C:/ST/STM32CubeIDE_2.1.0/STM32CubeIDE/plugins/com.st.stm32cube.ide.mcu.externaltools.gnu-tools-for-stm32.14.3.rel1.win32_1.0.100.202602081740/tools/bin/../lib/gcc/arm-none-eabi/14.3.1/../../../../arm-none-eabi/lib/thumb/v7e-m+fp/hard\libc_nano.a(libc_a-strlen.o)
                0x08000208                strlen
 .text          0x08000218      0x378 C:/ST/STM32CubeIDE_2.1.0/STM32CubeIDE/plugins/com.st.stm32cube.ide.mcu.externaltools.gnu-tools-for-stm32.14.3.rel1.win32_1.0.100.202602081740/tools/bin/../lib/gcc/arm-none-eabi/14.3.1/thumb/v7e-m+fp/hard\libgcc.a(_arm_addsubdf3.o)
                0x08000218                __aeabi_drsub
                0x08000220                __aeabi_dsub
                0x08000220                __subdf3
                0x08000224                __aeabi_dadd
                0x08000224                __adddf3
                0x0800049c                __floatunsidf
                0x0800049c                __aeabi_ui2d
                0x080004bc                __floatsidf
                0x080004bc                __aeabi_i2d
                0x080004e0                __aeabi_f2d
                0x080004e0                __extendsfdf2
                0x08000524                __floatundidf
                0x08000524                __aeabi_ul2d
                0x08000534                __floatdidf
                0x08000534                __aeabi_l2d
 .text          0x08000590      0x424 C:/ST/STM32CubeIDE_2.1.0/STM32CubeIDE/plugins/com.st.stm32cube.ide.mcu.externaltools.gnu-tools-for-stm32.14.3.rel1.win32_1.0.100.202602081740/tools/bin/../lib/gcc/arm-none-eabi/14.3.1/thumb/v7e-m+fp/hard\libgcc.a(_arm_muldivdf3.o)
                0x08000590                __aeabi_dmul
                0x08000590                __muldf3
                0x080007e4                __divdf3
                0x080007e4                __aeabi_ddiv
 .text          0x080009b4      0x110 C:/ST/STM32CubeIDE_2.1.0/STM32CubeIDE/plugins/com.st.stm32cube.ide.mcu.externaltools.gnu-tools-for-stm32.14.3.rel1.win32_1.0.100.202602081740/tools/bin/../lib/gcc/arm-none-eabi/14.3.1/thumb/v7e-m+fp/hard\libgcc.a(_arm_cmpdf2.o)
                0x080009b4                __gtdf2
                0x080009b4                __gedf2
                0x080009bc                __ltdf2
                0x080009bc                __ledf2
                0x080009c4                __nedf2
                0x080009c4                __eqdf2
                0x080009c4                __cmpdf2
                0x08000a40                __aeabi_cdrcmple
                0x08000a50                __aeabi_cdcmpeq
                0x08000a50                __aeabi_cdcmple
                0x08000a60                __aeabi_dcmpeq
                0x08000a74                __aeabi_dcmplt
                0x08000a88                __aeabi_dcmple
                0x08000a9c                __aeabi_dcmpge
                0x08000ab0                __aeabi_dcmpgt
 .text          0x08000ac4       0x50 C:/ST/STM32CubeIDE_2.1.0/STM32CubeIDE/plugins/com.st.stm32cube.ide.mcu.externaltools.gnu-tools-for-stm32.14.3.rel1.win32_1.0.100.202602081740/tools/bin/../lib/gcc/arm-none-eabi/14.3.1/thumb/v7e-m+fp/hard\libgcc.a(_arm_fixdfsi.o)
                0x08000ac4                __aeabi_d2iz
                0x08000ac4                __fixdfsi
 .text          0x08000b14       0xa0 C:/ST/STM32CubeIDE_2.1.0/STM32CubeIDE/plugins/com.st.stm32cube.ide.mcu.externaltools.gnu-tools-for-stm32.14.3.rel1.win32_1.0.100.202602081740/tools/bin/../lib/gcc/arm-none-eabi/14.3.1/thumb/v7e-m+fp/hard\libgcc.a(_arm_truncdfsf2.o)
                0x08000b14                __truncdfsf2
                0x08000b14                __aeabi_d2f
 .text          0x08000bb4       0x30 C:/ST/STM32CubeIDE_2.1.0/STM32CubeIDE/plugins/com.st.stm32cube.ide.mcu.externaltools.gnu-tools-for-stm32.14.3.rel1.win32_1.0.100.202602081740/tools/bin/../lib/gcc/arm-none-eabi/14.3.1/thumb/v7e-m+fp/hard\libgcc.a(_aeabi_uldivmod.o)
                0x08000bb4                __aeabi_uldivmod
 .text          0x08000be4      0x2f8 C:/ST/STM32CubeIDE_2.1.0/STM32CubeIDE/plugins/com.st.stm32cube.ide.mcu.externaltools.gnu-tools-for-stm32.14.3.rel1.win32_1.0.100.202602081740/tools/bin/../lib/gcc/arm-none-eabi/14.3.1/thumb/v7e-m+fp/hard\libgcc.a(_udivmoddi4.o)
                0x08000be4                __udivmoddi4
 .text          0x08000edc        0x4 C:/ST/STM32CubeIDE_2.1.0/STM32CubeIDE/plugins/com.st.stm32cube.ide.mcu.externaltools.gnu-tools-for-stm32.14.3.rel1.win32_1.0.100.202602081740/tools/bin/../lib/gcc/arm-none-eabi/14.3.1/thumb/v7e-m+fp/hard\libgcc.a(_dvmd_tls.o)
                0x08000edc                __aeabi_idiv0
                0x08000edc                __aeabi_ldiv0
 *(.text*)
 .text.LCD_Init
                0x08000ee0      0x1f8 ./Core/Src/ili9341.o
                0x08000ee0                LCD_Init
 .text.LCD_CMD  0x080010d8       0x68 ./Core/Src/ili9341.o
                0x080010d8                LCD_CMD
 .text.LCD_DATA
                0x08001140       0x40 ./Core/Src/ili9341.o
                0x08001140                LCD_DATA
 .text.SetWindows
                0x08001180       0x80 ./Core/Src/ili9341.o
                0x08001180                SetWindows
 .text.LCD_Clear
                0x08001200       0x78 ./Core/Src/ili9341.o
                0x08001200                LCD_Clear
 .text.FillRect
                0x08001278       0xa4 ./Core/Src/ili9341.o
                0x08001278                FillRect
 .text.LCD_Print
                0x0800131c      0x1d0 ./Core/Src/ili9341.o
                0x0800131c                LCD_Print
 .text.LCD_Bitmap
                0x080014ec       0x90 ./Core/Src/ili9341.o
                0x080014ec                LCD_Bitmap
 .text.LCD_Sprite
                0x0800157c      0x158 ./Core/Src/ili9341.o
                0x0800157c                LCD_Sprite
 .text.PantallaInicio
                0x080016d4      0x13c ./Core/Src/main.o
                0x080016d4                PantallaInicio
 .text.InitJuego1
                0x08001810       0x38 ./Core/Src/main.o
                0x08001810                InitJuego1
 .text.InitJuego2
                0x08001848       0x60 ./Core/Src/main.o
                0x08001848                InitJuego2
 .text.InitEnemigos
                0x080018a8      0x2a4 ./Core/Src/main.o
                0x080018a8                InitEnemigos
 *fill*         0x08001b4c        0x4 
 .text.MoverAliens
                0x08001b50      0x4b4 ./Core/Src/main.o
                0x08001b50                MoverAliens
 .text.MoverNaves
                0x08002004      0x248 ./Core/Src/main.o
                0x08002004                MoverNaves
 .text.Dibujar  0x0800224c       0xec ./Core/Src/main.o
                0x0800224c                Dibujar
 .text.Disparar
                0x08002338       0xdc ./Core/Src/main.o
                0x08002338                Disparar
 .text.ActualizarBalas
                0x08002414      0x170 ./Core/Src/main.o
                0x08002414                ActualizarBalas
 .text.transicion
                0x08002584       0x40 ./Core/Src/main.o
                0x08002584                transicion
 .text.main     0x080025c4      0x3c0 ./Core/Src/main.o
                0x080025c4                main
 .text.SystemClock_Config
                0x08002984       0xdc ./Core/Src/main.o
                0x08002984                SystemClock_Config
 .text.MX_SPI1_Init
                0x08002a60       0x6c ./Core/Src/main.o
 .text.MX_TIM1_Init
                0x08002acc      0x13c ./Core/Src/main.o
 .text.MX_USART1_UART_Init
                0x08002c08       0x54 ./Core/Src/main.o
 .text.MX_USART2_UART_Init
                0x08002c5c       0x54 ./Core/Src/main.o
 .text.MX_USART6_UART_Init
                0x08002cb0       0x54 ./Core/Src/main.o
 .text.MX_GPIO_Init
                0x08002d04      0x12c ./Core/Src/main.o
 .text.HAL_UART_RxCpltCallback
                0x08002e30      0x1c4 ./Core/Src/main.o
                0x08002e30                HAL_UART_RxCpltCallback
 .text.Error_Handler
                0x08002ff4        0xc ./Core/Src/main.o
                0x08002ff4                Error_Handler
 .text.HAL_MspInit
                0x08003000       0x50 ./Core/Src/stm32f4xx_hal_msp.o
                0x08003000                HAL_MspInit
 .text.HAL_SPI_MspInit
                0x08003050       0x90 ./Core/Src/stm32f4xx_hal_msp.o
                0x08003050                HAL_SPI_MspInit
 .text.HAL_TIM_Base_MspInit
                0x080030e0       0x44 ./Core/Src/stm32f4xx_hal_msp.o
                0x080030e0                HAL_TIM_Base_MspInit
 .text.HAL_TIM_MspPostInit
                0x08003124       0x74 ./Core/Src/stm32f4xx_hal_msp.o
                0x08003124                HAL_TIM_MspPostInit
 .text.HAL_UART_MspInit
                0x08003198      0x184 ./Core/Src/stm32f4xx_hal_msp.o
                0x08003198                HAL_UART_MspInit
 .text.NMI_Handler
                0x0800331c        0x8 ./Core/Src/stm32f4xx_it.o
                0x0800331c                NMI_Handler
 .text.HardFault_Handler
                0x08003324        0x8 ./Core/Src/stm32f4xx_it.o
                0x08003324                HardFault_Handler
 .text.MemManage_Handler
                0x0800332c        0x8 ./Core/Src/stm32f4xx_it.o
                0x0800332c                MemManage_Handler
 .text.BusFault_Handler
                0x08003334        0x8 ./Core/Src/stm32f4xx_it.o
                0x08003334                BusFault_Handler
 .text.UsageFault_Handler
                0x0800333c        0x8 ./Core/Src/stm32f4xx_it.o
                0x0800333c                UsageFault_Handler
 .text.SVC_Handler
                0x08003344        0xe ./Core/Src/stm32f4xx_it.o
                0x08003344                SVC_Handler
 .text.DebugMon_Handler
                0x08003352        0xe ./Core/Src/stm32f4xx_it.o
                0x08003352                DebugMon_Handler
 .text.PendSV_Handler
                0x08003360        0xe ./Core/Src/stm32f4xx_it.o
                0x08003360                PendSV_Handler
 .text.SysTick_Handler
                0x0800336e        0xc ./Core/Src/stm32f4xx_it.o
                0x0800336e                SysTick_Handler
 *fill*         0x0800337a        0x2 
 .text.USART1_IRQHandler
                0x0800337c       0x14 ./Core/Src/stm32f4xx_it.o
                0x0800337c                USART1_IRQHandler
 .text.USART6_IRQHandler
                0x08003390       0x14 ./Core/Src/stm32f4xx_it.o
                0x08003390                USART6_IRQHandler
 .text.SystemInit
                0x080033a4       0x24 ./Core/Src/system_stm32f4xx.o
                0x080033a4                SystemInit
 .text.Reset_Handler
                0x080033c8       0x50 ./Core/Startup/startup_stm32f446retx.o
                0x080033c8                Reset_Handler
 .text.Default_Handler
                0x08003418        0x2 ./Core/Startup/startup_stm32f446retx.o
                0x08003418                RTC_Alarm_IRQHandler
                0x08003418                EXTI2_IRQHandler
                0x08003418                TIM8_CC_IRQHandler
                0x08003418                FMPI2C1_EV_IRQHandler
                0x08003418                SPI4_IRQHandler
                0x08003418                TIM1_CC_IRQHandler
                0x08003418                DMA2_Stream5_IRQHandler
                0x08003418                DMA1_Stream5_IRQHandler
                0x08003418                PVD_IRQHandler
                0x08003418                SDIO_IRQHandler
                0x08003418                TAMP_STAMP_IRQHandler
                0x08003418                CAN2_RX1_IRQHandler
                0x08003418                EXTI3_IRQHandler
                0x08003418                TIM8_TRG_COM_TIM14_IRQHandler
                0x08003418                TIM1_UP_TIM10_IRQHandler
                0x08003418                TIM8_UP_TIM13_IRQHandler
                0x08003418                I2C3_ER_IRQHandler
                0x08003418                EXTI0_IRQHandler
                0x08003418                I2C2_EV_IRQHandler
                0x08003418                DMA1_Stream2_IRQHandler
                0x08003418                CAN1_RX0_IRQHandler
                0x08003418                FPU_IRQHandler
                0x08003418                OTG_HS_WKUP_IRQHandler
                0x08003418                CAN2_SCE_IRQHandler
                0x08003418                DMA2_Stream2_IRQHandler
                0x08003418                SPI1_IRQHandler
                0x08003418                TIM6_DAC_IRQHandler
                0x08003418                TIM1_BRK_TIM9_IRQHandler
                0x08003418                DCMI_IRQHandler
                0x08003418                CAN2_RX0_IRQHandler
                0x08003418                DMA2_Stream3_IRQHandler
                0x08003418                SAI2_IRQHandler
                0x08003418                USART3_IRQHandler
                0x08003418                CAN1_RX1_IRQHandler
                0x08003418                UART5_IRQHandler
                0x08003418                DMA2_Stream0_IRQHandler
                0x08003418                TIM4_IRQHandler
                0x08003418                QUADSPI_IRQHandler
                0x08003418                I2C1_EV_IRQHandler
                0x08003418                DMA1_Stream6_IRQHandler
                0x08003418                DMA1_Stream1_IRQHandler
                0x08003418                UART4_IRQHandler
                0x08003418                TIM3_IRQHandler
                0x08003418                RCC_IRQHandler
                0x08003418                TIM8_BRK_TIM12_IRQHandler
                0x08003418                Default_Handler
                0x08003418                CEC_IRQHandler
                0x08003418                EXTI15_10_IRQHandler
                0x08003418                ADC_IRQHandler
                0x08003418                DMA1_Stream7_IRQHandler
                0x08003418                TIM7_IRQHandler
                0x08003418                CAN2_TX_IRQHandler
                0x08003418                TIM5_IRQHandler
                0x08003418                DMA2_Stream7_IRQHandler
                0x08003418                I2C3_EV_IRQHandler
                0x08003418                EXTI9_5_IRQHandler
                0x08003418                RTC_WKUP_IRQHandler
                0x08003418                SPDIF_RX_IRQHandler
                0x08003418                SPI2_IRQHandler
                0x08003418                OTG_HS_EP1_IN_IRQHandler
                0x08003418                DMA1_Stream0_IRQHandler
                0x08003418                CAN1_TX_IRQHandler
                0x08003418                FMPI2C1_ER_IRQHandler
                0x08003418                EXTI4_IRQHandler
                0x08003418                OTG_HS_EP1_OUT_IRQHandler
                0x08003418                WWDG_IRQHandler
                0x08003418                TIM2_IRQHandler
                0x08003418                OTG_FS_WKUP_IRQHandler
                0x08003418                TIM1_TRG_COM_TIM11_IRQHandler
                0x08003418                OTG_HS_IRQHandler
                0x08003418                EXTI1_IRQHandler
                0x08003418                USART2_IRQHandler
                0x08003418                I2C2_ER_IRQHandler
                0x08003418                DMA2_Stream1_IRQHandler
                0x08003418                CAN1_SCE_IRQHandler
                0x08003418                FLASH_IRQHandler
                0x08003418                DMA2_Stream4_IRQHandler
                0x08003418                OTG_FS_IRQHandler
                0x08003418                SPI3_IRQHandler
                0x08003418                DMA1_Stream4_IRQHandler
                0x08003418                I2C1_ER_IRQHandler
                0x08003418                FMC_IRQHandler
                0x08003418                DMA2_Stream6_IRQHandler
                0x08003418                SAI1_IRQHandler
                0x08003418                DMA1_Stream3_IRQHandler
 *fill*         0x0800341a        0x2 
 .text.HAL_Init
                0x0800341c       0x44 ./Drivers/STM32F4xx_HAL_Driver/Src/stm32f4xx_hal.o
                0x0800341c                HAL_Init
 .text.HAL_InitTick
                0x08003460       0x60 ./Drivers/STM32F4xx_HAL_Driver/Src/stm32f4xx_hal.o
                0x08003460                HAL_InitTick
 .text.HAL_IncTick
                0x080034c0       0x28 ./Drivers/STM32F4xx_HAL_Driver/Src/stm32f4xx_hal.o
                0x080034c0                HAL_IncTick
 .text.HAL_GetTick
                0x080034e8       0x18 ./Drivers/STM32F4xx_HAL_Driver/Src/stm32f4xx_hal.o
                0x080034e8                HAL_GetTick
 .text.HAL_Delay
                0x08003500       0x48 ./Drivers/STM32F4xx_HAL_Driver/Src/stm32f4xx_hal.o
                0x08003500                HAL_Delay
 .text.__NVIC_SetPriorityGrouping
                0x08003548       0x48 ./Drivers/STM32F4xx_HAL_Driver/Src/stm32f4xx_hal_cortex.o
 .text.__NVIC_GetPriorityGrouping
                0x08003590       0x1c ./Drivers/STM32F4xx_HAL_Driver/Src/stm32f4xx_hal_cortex.o
 .text.__NVIC_EnableIRQ
                0x080035ac       0x3c ./Drivers/STM32F4xx_HAL_Driver/Src/stm32f4xx_hal_cortex.o
 .text.__NVIC_SetPriority
                0x080035e8       0x54 ./Drivers/STM32F4xx_HAL_Driver/Src/stm32f4xx_hal_cortex.o
 .text.NVIC_EncodePriority
                0x0800363c       0x66 ./Drivers/STM32F4xx_HAL_Driver/Src/stm32f4xx_hal_cortex.o
 *fill*         0x080036a2        0x2 
 .text.SysTick_Config
                0x080036a4       0x44 ./Drivers/STM32F4xx_HAL_Driver/Src/stm32f4xx_hal_cortex.o
 .text.HAL_NVIC_SetPriorityGrouping
                0x080036e8       0x16 ./Drivers/STM32F4xx_HAL_Driver/Src/stm32f4xx_hal_cortex.o
                0x080036e8                HAL_NVIC_SetPriorityGrouping
 .text.HAL_NVIC_SetPriority
                0x080036fe       0x38 ./Drivers/STM32F4xx_HAL_Driver/Src/stm32f4xx_hal_cortex.o
                0x080036fe                HAL_NVIC_SetPriority
 .text.HAL_NVIC_EnableIRQ
                0x08003736       0x1c ./Drivers/STM32F4xx_HAL_Driver/Src/stm32f4xx_hal_cortex.o
                0x08003736                HAL_NVIC_EnableIRQ
 .text.HAL_SYSTICK_Config
                0x08003752       0x18 ./Drivers/STM32F4xx_HAL_Driver/Src/stm32f4xx_hal_cortex.o
                0x08003752                HAL_SYSTICK_Config
 .text.HAL_DMA_Abort
                0x0800376a       0xe0 ./Drivers/STM32F4xx_HAL_Driver/Src/stm32f4xx_hal_dma.o
                0x0800376a                HAL_DMA_Abort
 .text.HAL_DMA_Abort_IT
                0x0800384a       0x44 ./Drivers/STM32F4xx_HAL_Driver/Src/stm32f4xx_hal_dma.o
                0x0800384a                HAL_DMA_Abort_IT
 *fill*         0x0800388e        0x2 
 .text.HAL_GPIO_Init
                0x08003890      0x328 ./Drivers/STM32F4xx_HAL_Driver/Src/stm32f4xx_hal_gpio.o
                0x08003890                HAL_GPIO_Init
 .text.HAL_GPIO_WritePin
                0x08003bb8       0x32 ./Drivers/STM32F4xx_HAL_Driver/Src/stm32f4xx_hal_gpio.o
                0x08003bb8                HAL_GPIO_WritePin
 *fill*         0x08003bea        0x2 
 .text.HAL_RCC_ClockConfig
                0x08003bec      0x1cc ./Drivers/STM32F4xx_HAL_Driver/Src/stm32f4xx_hal_rcc.o
                0x08003bec                HAL_RCC_ClockConfig
 .text.HAL_RCC_GetHCLKFreq
                0x08003db8       0x18 ./Drivers/STM32F4xx_HAL_Driver/Src/stm32f4xx_hal_rcc.o
                0x08003db8                HAL_RCC_GetHCLKFreq
 .text.HAL_RCC_GetPCLK1Freq
                0x08003dd0       0x28 ./Drivers/STM32F4xx_HAL_Driver/Src/stm32f4xx_hal_rcc.o
                0x08003dd0                HAL_RCC_GetPCLK1Freq
 .text.HAL_RCC_GetPCLK2Freq
                0x08003df8       0x28 ./Drivers/STM32F4xx_HAL_Driver/Src/stm32f4xx_hal_rcc.o
                0x08003df8                HAL_RCC_GetPCLK2Freq
 .text.HAL_RCC_GetSysClockFreq
                0x08003e20      0x460 ./Drivers/STM32F4xx_HAL_Driver/Src/stm32f4xx_hal_rcc_ex.o
                0x08003e20                HAL_RCC_GetSysClockFreq
 .text.HAL_RCC_OscConfig
                0x08004280      0x53c ./Drivers/STM32F4xx_HAL_Driver/Src/stm32f4xx_hal_rcc_ex.o
                0x08004280                HAL_RCC_OscConfig
 .text.HAL_SPI_Init
                0x080047bc      0x112 ./Drivers/STM32F4xx_HAL_Driver/Src/stm32f4xx_hal_spi.o
                0x080047bc                HAL_SPI_Init
 .text.HAL_SPI_Transmit
                0x080048ce      0x288 ./Drivers/STM32F4xx_HAL_Driver/Src/stm32f4xx_hal_spi.o
                0x080048ce                HAL_SPI_Transmit
 *fill*         0x08004b56        0x2 
 .text.SPI_WaitFlagStateUntilTimeout
                0x08004b58      0x110 ./Drivers/STM32F4xx_HAL_Driver/Src/stm32f4xx_hal_spi.o
 .text.SPI_EndRxTxTransaction
                0x08004c68       0xa8 ./Drivers/STM32F4xx_HAL_Driver/Src/stm32f4xx_hal_spi.o
 .text.HAL_TIM_Base_Init
                0x08004d10       0x9e ./Drivers/STM32F4xx_HAL_Driver/Src/stm32f4xx_hal_tim.o
                0x08004d10                HAL_TIM_Base_Init
 .text.HAL_TIM_PWM_Init
                0x08004dae       0x9e ./Drivers/STM32F4xx_HAL_Driver/Src/stm32f4xx_hal_tim.o
                0x08004dae                HAL_TIM_PWM_Init
 .text.HAL_TIM_PWM_MspInit
                0x08004e4c       0x14 ./Drivers/STM32F4xx_HAL_Driver/Src/stm32f4xx_hal_tim.o
                0x08004e4c                HAL_TIM_PWM_MspInit
 .text.HAL_TIM_PWM_Start
                0x08004e60      0x190 ./Drivers/STM32F4xx_HAL_Driver/Src/stm32f4xx_hal_tim.o
                0x08004e60                HAL_TIM_PWM_Start
 .text.HAL_TIM_PWM_ConfigChannel
                0x08004ff0      0x184 ./Drivers/STM32F4xx_HAL_Driver/Src/stm32f4xx_hal_tim.o
                0x08004ff0                HAL_TIM_PWM_ConfigChannel
 .text.HAL_TIM_ConfigClockSource
                0x08005174      0x18e ./Drivers/STM32F4xx_HAL_Driver/Src/stm32f4xx_hal_tim.o
                0x08005174                HAL_TIM_ConfigClockSource
 *fill*         0x08005302        0x2 
 .text.TIM_Base_SetConfig
                0x08005304      0x14c ./Drivers/STM32F4xx_HAL_Driver/Src/stm32f4xx_hal_tim.o
                0x08005304                TIM_Base_SetConfig
 .text.TIM_OC1_SetConfig
                0x08005450       0xe0 ./Drivers/STM32F4xx_HAL_Driver/Src/stm32f4xx_hal_tim.o
 .text.TIM_OC2_SetConfig
                0x08005530       0xec ./Drivers/STM32F4xx_HAL_Driver/Src/stm32f4xx_hal_tim.o
                0x08005530                TIM_OC2_SetConfig
 .text.TIM_OC3_SetConfig
                0x0800561c       0xe8 ./Drivers/STM32F4xx_HAL_Driver/Src/stm32f4xx_hal_tim.o
 .text.TIM_OC4_SetConfig
                0x08005704       0xac ./Drivers/STM32F4xx_HAL_Driver/Src/stm32f4xx_hal_tim.o
 .text.TIM_TI1_ConfigInputStage
                0x080057b0       0x5e ./Drivers/STM32F4xx_HAL_Driver/Src/stm32f4xx_hal_tim.o
 .text.TIM_TI2_ConfigInputStage
                0x0800580e       0x60 ./Drivers/STM32F4xx_HAL_Driver/Src/stm32f4xx_hal_tim.o
 .text.TIM_ITRx_SetConfig
                0x0800586e       0x36 ./Drivers/STM32F4xx_HAL_Driver/Src/stm32f4xx_hal_tim.o
 .text.TIM_ETR_SetConfig
                0x080058a4       0x40 ./Drivers/STM32F4xx_HAL_Driver/Src/stm32f4xx_hal_tim.o
                0x080058a4                TIM_ETR_SetConfig
 .text.TIM_CCxChannelCmd
                0x080058e4       0x4a ./Drivers/STM32F4xx_HAL_Driver/Src/stm32f4xx_hal_tim.o
                0x080058e4                TIM_CCxChannelCmd
 *fill*         0x0800592e        0x2 
 .text.HAL_TIMEx_MasterConfigSynchronization
                0x08005930       0xf8 ./Drivers/STM32F4xx_HAL_Driver/Src/stm32f4xx_hal_tim_ex.o
                0x08005930                HAL_TIMEx_MasterConfigSynchronization
 .text.HAL_TIMEx_ConfigBreakDeadTime
                0x08005a28       0xa4 ./Drivers/STM32F4xx_HAL_Driver/Src/stm32f4xx_hal_tim_ex.o
                0x08005a28                HAL_TIMEx_ConfigBreakDeadTime
 .text.HAL_UART_Init
                0x08005acc       0xa0 ./Drivers/STM32F4xx_HAL_Driver/Src/stm32f4xx_hal_uart.o
                0x08005acc                HAL_UART_Init
 .text.HAL_UART_Transmit
                0x08005b6c      0x116 ./Drivers/STM32F4xx_HAL_Driver/Src/stm32f4xx_hal_uart.o
                0x08005b6c                HAL_UART_Transmit
 .text.HAL_UART_Receive_IT
                0x08005c82       0x4a ./Drivers/STM32F4xx_HAL_Driver/Src/stm32f4xx_hal_uart.o
                0x08005c82                HAL_UART_Receive_IT
 .text.HAL_UART_IRQHandler
                0x08005ccc      0x554 ./Drivers/STM32F4xx_HAL_Driver/Src/stm32f4xx_hal_uart.o
                0x08005ccc                HAL_UART_IRQHandler
 .text.HAL_UART_TxCpltCallback
                0x08006220       0x14 ./Drivers/STM32F4xx_HAL_Driver/Src/stm32f4xx_hal_uart.o
                0x08006220                HAL_UART_TxCpltCallback
 .text.HAL_UART_ErrorCallback
                0x08006234       0x14 ./Drivers/STM32F4xx_HAL_Driver/Src/stm32f4xx_hal_uart.o
                0x08006234                HAL_UART_ErrorCallback
 .text.HAL_UARTEx_RxEventCallback
                0x08006248       0x18 ./Drivers/STM32F4xx_HAL_Driver/Src/stm32f4xx_hal_uart.o
                0x08006248                HAL_UARTEx_RxEventCallback
 .text.UART_WaitOnFlagUntilTimeout
                0x08006260       0xb2 ./Drivers/STM32F4xx_HAL_Driver/Src/stm32f4xx_hal_uart.o
 .text.UART_Start_Receive_IT
                0x08006312       0x74 ./Drivers/STM32F4xx_HAL_Driver/Src/stm32f4xx_hal_uart.o
                0x08006312                UART_Start_Receive_IT
 .text.UART_EndRxTransfer
                0x08006386       0xc6 ./Drivers/STM32F4xx_HAL_Driver/Src/stm32f4xx_hal_uart.o
 .text.UART_DMAAbortOnError
                0x0800644c       0x22 ./Drivers/STM32F4xx_HAL_Driver/Src/stm32f4xx_hal_uart.o
 .text.UART_Transmit_IT
                0x0800646e       0xa0 ./Drivers/STM32F4xx_HAL_Driver/Src/stm32f4xx_hal_uart.o
 .text.UART_EndTransmit_IT
                0x0800650e       0x30 ./Drivers/STM32F4xx_HAL_Driver/Src/stm32f4xx_hal_uart.o
 .text.UART_Receive_IT
                0x0800653e      0x17c ./Drivers/STM32F4xx_HAL_Driver/Src/stm32f4xx_hal_uart.o
 *fill*         0x080066ba        0x2 
 .text.UART_SetConfig
                0x080066bc      0x4e8 ./Drivers/STM32F4xx_HAL_Driver/Src/stm32f4xx_hal_uart.o
 .text.memset   0x08006ba4       0x10 C:/ST/STM32CubeIDE_2.1.0/STM32CubeIDE/plugins/com.st.stm32cube.ide.mcu.externaltools.gnu-tools-for-stm32.14.3.rel1.win32_1.0.100.202602081740/tools/bin/../lib/gcc/arm-none-eabi/14.3.1/../../../../arm-none-eabi/lib/thumb/v7e-m+fp/hard\libc_nano.a(libc_a-memset.o)
                0x08006ba4                memset
 .text.__libc_init_array
                0x08006bb4       0x48 C:/ST/STM32CubeIDE_2.1.0/STM32CubeIDE/plugins/com.st.stm32cube.ide.mcu.externaltools.gnu-tools-for-stm32.14.3.rel1.win32_1.0.100.202602081740/tools/bin/../lib/gcc/arm-none-eabi/14.3.1/../../../../arm-none-eabi/lib/thumb/v7e-m+fp/hard\libc_nano.a(libc_a-init.o)
                0x08006bb4                __libc_init_array
 *fill*         0x08006bfc        0x4 
 .text.sin      0x08006c00       0x88 C:/ST/STM32CubeIDE_2.1.0/STM32CubeIDE/plugins/com.st.stm32cube.ide.mcu.externaltools.gnu-tools-for-stm32.14.3.rel1.win32_1.0.100.202602081740/tools/bin/../lib/gcc/arm-none-eabi/14.3.1/../../../../arm-none-eabi/lib/thumb/v7e-m+fp/hard\libm.a(libm_a-s_sin.o)
                0x08006c00                sin
 .text.__kernel_cos
                0x08006c88      0x26c C:/ST/STM32CubeIDE_2.1.0/STM32CubeIDE/plugins/com.st.stm32cube.ide.mcu.externaltools.gnu-tools-for-stm32.14.3.rel1.win32_1.0.100.202602081740/tools/bin/../lib/gcc/arm-none-eabi/14.3.1/../../../../arm-none-eabi/lib/thumb/v7e-m+fp/hard\libm.a(libm_a-k_cos.o)
                0x08006c88                __kernel_cos
 *fill*         0x08006ef4        0x4 
 .text.__kernel_sin
                0x08006ef8      0x184 C:/ST/STM32CubeIDE_2.1.0/STM32CubeIDE/plugins/com.st.stm32cube.ide.mcu.externaltools.gnu-tools-for-stm32.14.3.rel1.win32_1.0.100.202602081740/tools/bin/../lib/gcc/arm-none-eabi/14.3.1/../../../../arm-none-eabi/lib/thumb/v7e-m+fp/hard\libm.a(libm_a-k_sin.o)
                0x08006ef8                __kernel_sin
 *fill*         0x0800707c        0x4 
 .text.__ieee754_rem_pio2
                0x08007080      0x424 C:/ST/STM32CubeIDE_2.1.0/STM32CubeIDE/plugins/com.st.stm32cube.ide.mcu.externaltools.gnu-tools-for-stm32.14.3.rel1.win32_1.0.100.202602081740/tools/bin/../lib/gcc/arm-none-eabi/14.3.1/../../../../arm-none-eabi/lib/thumb/v7e-m+fp/hard\libm.a(libm_a-e_rem_pio2.o)
                0x08007080                __ieee754_rem_pio2
 .text.fabs     0x080074a4       0x10 C:/ST/STM32CubeIDE_2.1.0/STM32CubeIDE/plugins/com.st.stm32cube.ide.mcu.externaltools.gnu-tools-for-stm32.14.3.rel1.win32_1.0.100.202602081740/tools/bin/../lib/gcc/arm-none-eabi/14.3.1/../../../../arm-none-eabi/lib/thumb/v7e-m+fp/hard\libm.a(libm_a-s_fabs.o)
                0x080074a4                fabs
 *fill*         0x080074b4        0x4 
 .text.__kernel_rem_pio2
                0x080074b8      0x888 C:/ST/STM32CubeIDE_2.1.0/STM32CubeIDE/plugins/com.st.stm32cube.ide.mcu.externaltools.gnu-tools-for-stm32.14.3.rel1.win32_1.0.100.202602081740/tools/bin/../lib/gcc/arm-none-eabi/14.3.1/../../../../arm-none-eabi/lib/thumb/v7e-m+fp/hard\libm.a(libm_a-k_rem_pio2.o)
                0x080074b8                __kernel_rem_pio2
 .text.scalbn   0x08007d40      0x114 C:/ST/STM32CubeIDE_2.1.0/STM32CubeIDE/plugins/com.st.stm32cube.ide.mcu.externaltools.gnu-tools-for-stm32.14.3.rel1.win32_1.0.100.202602081740/tools/bin/../lib/gcc/arm-none-eabi/14.3.1/../../../../arm-none-eabi/lib/thumb/v7e-m+fp/hard\libm.a(libm_a-s_scalbn.o)
                0x08007d40                scalbn
 *fill*         0x08007e54        0x4 
 .text.floor    0x08007e58      0x108 C:/ST/STM32CubeIDE_2.1.0/STM32CubeIDE/plugins/com.st.stm32cube.ide.mcu.externaltools.gnu-tools-for-stm32.14.3.rel1.win32_1.0.100.202602081740/tools/bin/../lib/gcc/arm-none-eabi/14.3.1/../../../../arm-none-eabi/lib/thumb/v7e-m+fp/hard\libm.a(libm_a-s_floor.o)
                0x08007e58                floor
 *(.glue_7)
 .glue_7        0x08007f60        0x0 linker stubs
 *(.glue_7t)
 .glue_7t       0x08007f60        0x0 linker stubs
 *(.eh_frame)
 .eh_frame      0x08007f60        0x0 C:/ST/STM32CubeIDE_2.1.0/STM32CubeIDE/plugins/com.st.stm32cube.ide.mcu.externaltools.gnu-tools-for-stm32.14.3.rel1.win32_1.0.100.202602081740/tools/bin/../lib/gcc/arm-none-eabi/14.3.1/thumb/v7e-m+fp/hard/crtbegin.o
 *(.init)
 .init          0x08007f60        0x4 C:/ST/STM32CubeIDE_2.1.0/STM32CubeIDE/plugins/com.st.stm32cube.ide.mcu.externaltools.gnu-tools-for-stm32.14.3.rel1.win32_1.0.100.202602081740/tools/bin/../lib/gcc/arm-none-eabi/14.3.1/thumb/v7e-m+fp/hard/crti.o
                0x08007f60                _init
 .init          0x08007f64        0x8 C:/ST/STM32CubeIDE_2.1.0/STM32CubeIDE/plugins/com.st.stm32cube.ide.mcu.externaltools.gnu-tools-for-stm32.14.3.rel1.win32_1.0.100.202602081740/tools/bin/../lib/gcc/arm-none-eabi/14.3.1/thumb/v7e-m+fp/hard/crtn.o
 *(.fini)
 .fini          0x08007f6c        0x4 C:/ST/STM32CubeIDE_2.1.0/STM32CubeIDE/plugins/com.st.stm32cube.ide.mcu.externaltools.gnu-tools-for-stm32.14.3.rel1.win32_1.0.100.202602081740/tools/bin/../lib/gcc/arm-none-eabi/14.3.1/thumb/v7e-m+fp/hard/crti.o
                0x08007f6c                _fini
 .fini          0x08007f70        0x8 C:/ST/STM32CubeIDE_2.1.0/STM32CubeIDE/plugins/com.st.stm32cube.ide.mcu.externaltools.gnu-tools-for-stm32.14.3.rel1.win32_1.0.100.202602081740/tools/bin/../lib/gcc/arm-none-eabi/14.3.1/thumb/v7e-m+fp/hard/crtn.o
                0x08007f78                        . = ALIGN (0x4)
                0x08007f78                        _etext = .

.vfp11_veneer   0x08007f78        0x0
 .vfp11_veneer  0x08007f78        0x0 linker stubs

.v4_bx          0x08007f78        0x0
 .v4_bx         0x08007f78        0x0 linker stubs

.iplt           0x08007f78        0x0
 .iplt          0x08007f78        0x0 C:/ST/STM32CubeIDE_2.1.0/STM32CubeIDE/plugins/com.st.stm32cube.ide.mcu.externaltools.gnu-tools-for-stm32.14.3.rel1.win32_1.0.100.202602081740/tools/bin/../lib/gcc/arm-none-eabi/14.3.1/thumb/v7e-m+fp/hard/crtbegin.o

.rodata         0x08007f78    0x58918
                0x08007f78                        . = ALIGN (0x4)
 *(.rodata)
 .rodata        0x08007f78      0x10a ./Core/Src/main.o
 *(.rodata*)
 *fill*         0x08008082        0x2 
 .rodata.smallFont
                0x08008084      0x474 ./Core/Src/font.o
                0x08008084                smallFont
 .rodata.bigFont
                0x080084f8      0xbe0 ./Core/Src/font.o
                0x080084f8                bigFont
 .rodata.inicio
                0x080090d8    0x4b000 ./Core/Src/graficos.o
                0x080090d8                inicio
 .rodata.mosca  0x080540d8      0xee0 ./Core/Src/main.o
                0x080540d8                mosca
 .rodata.alien_rojo
                0x08054fb8     0x1100 ./Core/Src/main.o
                0x08054fb8                alien_rojo
 .rodata.alien_azul
                0x080560b8     0x1430 ./Core/Src/main.o
                0x080560b8                alien_azul
 .rodata.alien_verde
                0x080574e8     0x1430 ./Core/Src/main.o
                0x080574e8                alien_verde
 .rodata.galagazo
                0x08058918     0x76c0 ./Core/Src/main.o
                0x08058918                galagazo
 .rodata.disparo_nave
                0x0805ffd8       0xc8 ./Core/Src/main.o
                0x0805ffd8                disparo_nave
 .rodata.navesita
                0x080600a0      0x5fa ./Core/Src/main.o
                0x080600a0                navesita
 *fill*         0x0806069a        0x2 
 .rodata.AHBPrescTable
                0x0806069c       0x10 ./Core/Src/system_stm32f4xx.o
                0x0806069c                AHBPrescTable
 .rodata.APBPrescTable
                0x080606ac        0x8 ./Core/Src/system_stm32f4xx.o
                0x080606ac                APBPrescTable
 .rodata.npio2_hw
                0x080606b4       0x80 C:/ST/STM32CubeIDE_2.1.0/STM32CubeIDE/plugins/com.st.stm32cube.ide.mcu.externaltools.gnu-tools-for-stm32.14.3.rel1.win32_1.0.100.202602081740/tools/bin/../lib/gcc/arm-none-eabi/14.3.1/../../../../arm-none-eabi/lib/thumb/v7e-m+fp/hard\libm.a(libm_a-e_rem_pio2.o)
 .rodata.two_over_pi
                0x08060734      0x108 C:/ST/STM32CubeIDE_2.1.0/STM32CubeIDE/plugins/com.st.stm32cube.ide.mcu.externaltools.gnu-tools-for-stm32.14.3.rel1.win32_1.0.100.202602081740/tools/bin/../lib/gcc/arm-none-eabi/14.3.1/../../../../arm-none-eabi/lib/thumb/v7e-m+fp/hard\libm.a(libm_a-e_rem_pio2.o)
 *fill*         0x0806083c        0x4 
 .rodata.PIo2   0x08060840       0x40 C:/ST/STM32CubeIDE_2.1.0/STM32CubeIDE/plugins/com.st.stm32cube.ide.mcu.externaltools.gnu-tools-for-stm32.14.3.rel1.win32_1.0.100.202602081740/tools/bin/../lib/gcc/arm-none-eabi/14.3.1/../../../../arm-none-eabi/lib/thumb/v7e-m+fp/hard\libm.a(libm_a-k_rem_pio2.o)
 .rodata.init_jk
                0x08060880       0x10 C:/ST/STM32CubeIDE_2.1.0/STM32CubeIDE/plugins/com.st.stm32cube.ide.mcu.externaltools.gnu-tools-for-stm32.14.3.rel1.win32_1.0.100.202602081740/tools/bin/../lib/gcc/arm-none-eabi/14.3.1/../../../../arm-none-eabi/lib/thumb/v7e-m+fp/hard\libm.a(libm_a-k_rem_pio2.o)
                0x08060890                        . = ALIGN (0x4)

.ARM.extab      0x08060890        0x0
                0x08060890                        . = ALIGN (0x4)
 *(.ARM.extab* .gnu.linkonce.armextab.*)
                0x08060890                        . = ALIGN (0x4)

.ARM            0x08060890        0x8
                0x08060890                        . = ALIGN (0x4)
                0x08060890                        __exidx_start = .
 *(.ARM.exidx*)
 .ARM.exidx     0x08060890        0x8 C:/ST/STM32CubeIDE_2.1.0/STM32CubeIDE/plugins/com.st.stm32cube.ide.mcu.externaltools.gnu-tools-for-stm32.14.3.rel1.win32_1.0.100.202602081740/tools/bin/../lib/gcc/arm-none-eabi/14.3.1/../../../../arm-none-eabi/lib/thumb/v7e-m+fp/hard\libc_nano.a(libc_a-strlen.o)
 .ARM.exidx     0x08060898        0x0 C:/ST/STM32CubeIDE_2.1.0/STM32CubeIDE/plugins/com.st.stm32cube.ide.mcu.externaltools.gnu-tools-for-stm32.14.3.rel1.win32_1.0.100.202602081740/tools/bin/../lib/gcc/arm-none-eabi/14.3.1/thumb/v7e-m+fp/hard\libgcc.a(_udivmoddi4.o)
                                  0x8 (size before relaxing)
                0x08060898                        __exidx_end = .
                0x08060898                        . = ALIGN (0x4)

.preinit_array  0x08060898        0x0
                0x08060898                        . = ALIGN (0x4)
                0x08060898                        PROVIDE (__preinit_array_start = .)
 *(.preinit_array*)
                0x08060898                        PROVIDE (__preinit_array_end = .)
                0x08060898                        . = ALIGN (0x4)

.init_array     0x08060898        0x4
                0x08060898                        . = ALIGN (0x4)
                0x08060898                        PROVIDE (__init_array_start = .)
 *(SORT_BY_NAME(.init_array.*))
 *(.init_array*)
 .init_array    0x08060898        0x4 C:/ST/STM32CubeIDE_2.1.0/STM32CubeIDE/plugins/com.st.stm32cube.ide.mcu.externaltools.gnu-tools-for-stm32.14.3.rel1.win32_1.0.100.202602081740/tools/bin/../lib/gcc/arm-none-eabi/14.3.1/thumb/v7e-m+fp/hard/crtbegin.o
                0x0806089c                        PROVIDE (__init_array_end = .)
                0x0806089c                        . = ALIGN (0x4)

.fini_array     0x0806089c        0x4
                0x0806089c                        . = ALIGN (0x4)
                [!provide]                        PROVIDE (__fini_array_start = .)
 *(SORT_BY_NAME(.fini_array.*))
 *(.fini_array*)
 .fini_array    0x0806089c        0x4 C:/ST/STM32CubeIDE_2.1.0/STM32CubeIDE/plugins/com.st.stm32cube.ide.mcu.externaltools.gnu-tools-for-stm32.14.3.rel1.win32_1.0.100.202602081740/tools/bin/../lib/gcc/arm-none-eabi/14.3.1/thumb/v7e-m+fp/hard/crtbegin.o
                [!provide]                        PROVIDE (__fini_array_end = .)
                0x080608a0                        . = ALIGN (0x4)
                0x080608a0                        _sidata = LOADADDR (.data)

.rel.dyn        0x080608a0        0x0
 .rel.iplt      0x080608a0        0x0 C:/ST/STM32CubeIDE_2.1.0/STM32CubeIDE/plugins/com.st.stm32cube.ide.mcu.externaltools.gnu-tools-for-stm32.14.3.rel1.win32_1.0.100.202602081740/tools/bin/../lib/gcc/arm-none-eabi/14.3.1/thumb/v7e-m+fp/hard/crtbegin.o

.data           0x20000000       0x10 load address 0x080608a0
                0x20000000                        . = ALIGN (0x4)
                0x20000000                        _sdata = .
 *(.data)
 *(.data*)
 .data.seleccionPrevia
                0x20000000        0x4 ./Core/Src/main.o
 .data.SystemCoreClock
                0x20000004        0x4 ./Core/Src/system_stm32f4xx.o
                0x20000004                SystemCoreClock
 .data.uwTickPrio
                0x20000008        0x4 ./Drivers/STM32F4xx_HAL_Driver/Src/stm32f4xx_hal.o
                0x20000008                uwTickPrio
 .data.uwTickFreq
                0x2000000c        0x1 ./Drivers/STM32F4xx_HAL_Driver/Src/stm32f4xx_hal.o
                0x2000000c                uwTickFreq
 *(.RamFunc)
 *(.RamFunc*)
                0x20000010                        . = ALIGN (0x4)
 *fill*         0x2000000d        0x3 
                0x20000010                        _edata = .

.igot.plt       0x20000010        0x0 load address 0x080608b0
 .igot.plt      0x20000010        0x0 C:/ST/STM32CubeIDE_2.1.0/STM32CubeIDE/plugins/com.st.stm32cube.ide.mcu.externaltools.gnu-tools-for-stm32.14.3.rel1.win32_1.0.100.202602081740/tools/bin/../lib/gcc/arm-none-eabi/14.3.1/thumb/v7e-m+fp/hard/crtbegin.o
                0x20000010                        . = ALIGN (0x4)

.bss            0x20000010      0x418 load address 0x080608b0
                0x20000010                        _sbss = .
                0x20000010                        __bss_start__ = _sbss
 *(.bss)
 .bss           0x20000010       0x1c C:/ST/STM32CubeIDE_2.1.0/STM32CubeIDE/plugins/com.st.stm32cube.ide.mcu.externaltools.gnu-tools-for-stm32.14.3.rel1.win32_1.0.100.202602081740/tools/bin/../lib/gcc/arm-none-eabi/14.3.1/thumb/v7e-m+fp/hard/crtbegin.o
 *(.bss*)
 .bss.hspi1     0x2000002c       0x58 ./Core/Src/main.o
                0x2000002c                hspi1
 .bss.htim1     0x20000084       0x48 ./Core/Src/main.o
                0x20000084                htim1
 .bss.huart1    0x200000cc       0x48 ./Core/Src/main.o
                0x200000cc                huart1
 .bss.huart2    0x20000114       0x48 ./Core/Src/main.o
                0x20000114                huart2
 .bss.huart6    0x2000015c       0x48 ./Core/Src/main.o
                0x2000015c                huart6
 .bss.modoActual
                0x200001a4        0x1 ./Core/Src/main.o
                0x200001a4                modoActual
 *fill*         0x200001a5        0x3 
 .bss.SeleccionMenu
                0x200001a8        0x4 ./Core/Src/main.o
                0x200001a8                SeleccionMenu
 .bss.J1        0x200001ac       0x18 ./Core/Src/main.o
                0x200001ac                J1
 .bss.J2        0x200001c4       0x18 ./Core/Src/main.o
                0x200001c4                J2
 .bss.timerNaves
                0x200001dc        0x4 ./Core/Src/main.o
                0x200001dc                timerNaves
 .bss.rxByte1   0x200001e0        0x1 ./Core/Src/main.o
                0x200001e0                rxByte1
 .bss.rxByte2   0x200001e1        0x1 ./Core/Src/main.o
                0x200001e1                rxByte2
 .bss.nave1_izq
                0x200001e2        0x1 ./Core/Src/main.o
                0x200001e2                nave1_izq
 .bss.nave1_der
                0x200001e3        0x1 ./Core/Src/main.o
                0x200001e3                nave1_der
 .bss.nave1_dis
                0x200001e4        0x1 ./Core/Src/main.o
                0x200001e4                nave1_dis
 .bss.nave1_sel
                0x200001e5        0x1 ./Core/Src/main.o
                0x200001e5                nave1_sel
 .bss.nave1_arr
                0x200001e6        0x1 ./Core/Src/main.o
                0x200001e6                nave1_arr
 .bss.nave1_abj
                0x200001e7        0x1 ./Core/Src/main.o
                0x200001e7                nave1_abj
 .bss.nave2_izq
                0x200001e8        0x1 ./Core/Src/main.o
                0x200001e8                nave2_izq
 .bss.nave2_der
                0x200001e9        0x1 ./Core/Src/main.o
                0x200001e9                nave2_der
 .bss.nave2_dis
                0x200001ea        0x1 ./Core/Src/main.o
                0x200001ea                nave2_dis
 .bss.nave2_sel
                0x200001eb        0x1 ./Core/Src/main.o
                0x200001eb                nave2_sel
 .bss.nave2_arr
                0x200001ec        0x1 ./Core/Src/main.o
                0x200001ec                nave2_arr
 .bss.nave2_abj
                0x200001ed        0x1 ./Core/Src/main.o
                0x200001ed                nave2_abj
 *fill*         0x200001ee        0x2 
 .bss.Enemigos  0x200001f0      0x1a0 ./Core/Src/main.o
                0x200001f0                Enemigos
 .bss.frameActual
                0x20000390        0x4 ./Core/Src/main.o
                0x20000390                frameActual
 .bss.timerAliens
                0x20000394        0x4 ./Core/Src/main.o
                0x20000394                timerAliens
 .bss.timerAnimacionAliens
                0x20000398        0x4 ./Core/Src/main.o
                0x20000398                timerAnimacionAliens
 .bss.AlienActual
                0x2000039c        0x4 ./Core/Src/main.o
                0x2000039c                AlienActual
 .bss.tiempoSpawn
                0x200003a0        0x4 ./Core/Src/main.o
                0x200003a0                tiempoSpawn
 .bss.vaiven    0x200003a4        0x4 ./Core/Src/main.o
 .bss.disparo_J1
                0x200003a8       0x3c ./Core/Src/main.o
                0x200003a8                disparo_J1
 .bss.disparo_J2
                0x200003e4       0x3c ./Core/Src/main.o
                0x200003e4                disparo_J2
 .bss.timerBalas
                0x20000420        0x4 ./Core/Src/main.o
                0x20000420                timerBalas
 .bss.uwTick    0x20000424        0x4 ./Drivers/STM32F4xx_HAL_Driver/Src/stm32f4xx_hal.o
                0x20000424                uwTick
 *(COMMON)
                0x20000428                        . = ALIGN (0x4)
                0x20000428                        _ebss = .
                0x20000428                        __bss_end__ = _ebss

._user_heap_stack
                0x20000428      0x600 load address 0x080608b0
                0x20000428                        . = ALIGN (0x8)
                [!provide]                        PROVIDE (end = .)
                0x20000428                        PROVIDE (_end = .)
                0x20000628                        . = (. + _Min_Heap_Size)
 *fill*         0x20000428      0x200 
                0x20000a28                        . = (. + _Min_Stack_Size)
 *fill*         0x20000628      0x400 
                0x20000a28                        . = ALIGN (0x8)

/DISCARD/
 libc.a(*)
 libm.a(*)
 libgcc.a(*)

.ARM.attributes
                0x00000000       0x30
 *(.ARM.attributes)
 .ARM.attributes
                0x00000000       0x22 C:/ST/STM32CubeIDE_2.1.0/STM32CubeIDE/plugins/com.st.stm32cube.ide.mcu.externaltools.gnu-tools-for-stm32.14.3.rel1.win32_1.0.100.202602081740/tools/bin/../lib/gcc/arm-none-eabi/14.3.1/thumb/v7e-m+fp/hard/crti.o
 .ARM.attributes
                0x00000022       0x34 C:/ST/STM32CubeIDE_2.1.0/STM32CubeIDE/plugins/com.st.stm32cube.ide.mcu.externaltools.gnu-tools-for-stm32.14.3.rel1.win32_1.0.100.202602081740/tools/bin/../lib/gcc/arm-none-eabi/14.3.1/thumb/v7e-m+fp/hard/crtbegin.o
 .ARM.attributes
                0x00000056       0x34 ./Core/Src/font.o
 .ARM.attributes
                0x0000008a       0x34 ./Core/Src/graficos.o
 .ARM.attributes
                0x000000be       0x34 ./Core/Src/ili9341.o
 .ARM.attributes
                0x000000f2       0x34 ./Core/Src/main.o
 .ARM.attributes
                0x00000126       0x34 ./Core/Src/stm32f4xx_hal_msp.o
 .ARM.attributes
                0x0000015a       0x34 ./Core/Src/stm32f4xx_it.o
 .ARM.attributes
                0x0000018e       0x34 ./Core/Src/system_stm32f4xx.o
 .ARM.attributes
                0x000001c2       0x21 ./Core/Startup/startup_stm32f446retx.o
 .ARM.attributes
                0x000001e3       0x34 ./Drivers/STM32F4xx_HAL_Driver/Src/stm32f4xx_hal.o
 .ARM.attributes
                0x00000217       0x34 ./Drivers/STM32F4xx_HAL_Driver/Src/stm32f4xx_hal_cortex.o
 .ARM.attributes
                0x0000024b       0x34 ./Drivers/STM32F4xx_HAL_Driver/Src/stm32f4xx_hal_dma.o
 .ARM.attributes
                0x0000027f       0x34 ./Drivers/STM32F4xx_HAL_Driver/Src/stm32f4xx_hal_gpio.o
 .ARM.attributes
                0x000002b3       0x34 ./Drivers/STM32F4xx_HAL_Driver/Src/stm32f4xx_hal_rcc.o
 .ARM.attributes
                0x000002e7       0x34 ./Drivers/STM32F4xx_HAL_Driver/Src/stm32f4xx_hal_rcc_ex.o
 .ARM.attributes
                0x0000031b       0x34 ./Drivers/STM32F4xx_HAL_Driver/Src/stm32f4xx_hal_spi.o
 .ARM.attributes
                0x0000034f       0x34 ./Drivers/STM32F4xx_HAL_Driver/Src/stm32f4xx_hal_tim.o
 .ARM.attributes
                0x00000383       0x34 ./Drivers/STM32F4xx_HAL_Driver/Src/stm32f4xx_hal_tim_ex.o
 .ARM.attributes
                0x000003b7       0x34 ./Drivers/STM32F4xx_HAL_Driver/Src/stm32f4xx_hal_uart.o
 .ARM.attributes
                0x000003eb       0x34 C:/ST/STM32CubeIDE_2.1.0/STM32CubeIDE/plugins/com.st.stm32cube.ide.mcu.externaltools.gnu-tools-for-stm32.14.3.rel1.win32_1.0.100.202602081740/tools/bin/../lib/gcc/arm-none-eabi/14.3.1/../../../../arm-none-eabi/lib/thumb/v7e-m+fp/hard\libc_nano.a(libc_a-memset.o)
 .ARM.attributes
                0x0000041f       0x34 C:/ST/STM32CubeIDE_2.1.0/STM32CubeIDE/plugins/com.st.stm32cube.ide.mcu.externaltools.gnu-tools-for-stm32.14.3.rel1.win32_1.0.100.202602081740/tools/bin/../lib/gcc/arm-none-eabi/14.3.1/../../../../arm-none-eabi/lib/thumb/v7e-m+fp/hard\libc_nano.a(libc_a-init.o)
 .ARM.attributes
                0x00000453       0x17 C:/ST/STM32CubeIDE_2.1.0/STM32CubeIDE/plugins/com.st.stm32cube.ide.mcu.externaltools.gnu-tools-for-stm32.14.3.rel1.win32_1.0.100.202602081740/tools/bin/../lib/gcc/arm-none-eabi/14.3.1/../../../../arm-none-eabi/lib/thumb/v7e-m+fp/hard\libc_nano.a(libc_a-strlen.o)
 .ARM.attributes
                0x0000046a       0x34 C:/ST/STM32CubeIDE_2.1.0/STM32CubeIDE/plugins/com.st.stm32cube.ide.mcu.externaltools.gnu-tools-for-stm32.14.3.rel1.win32_1.0.100.202602081740/tools/bin/../lib/gcc/arm-none-eabi/14.3.1/../../../../arm-none-eabi/lib/thumb/v7e-m+fp/hard\libm.a(libm_a-s_sin.o)
 .ARM.attributes
                0x0000049e       0x34 C:/ST/STM32CubeIDE_2.1.0/STM32CubeIDE/plugins/com.st.stm32cube.ide.mcu.externaltools.gnu-tools-for-stm32.14.3.rel1.win32_1.0.100.202602081740/tools/bin/../lib/gcc/arm-none-eabi/14.3.1/../../../../arm-none-eabi/lib/thumb/v7e-m+fp/hard\libm.a(libm_a-k_cos.o)
 .ARM.attributes
                0x000004d2       0x34 C:/ST/STM32CubeIDE_2.1.0/STM32CubeIDE/plugins/com.st.stm32cube.ide.mcu.externaltools.gnu-tools-for-stm32.14.3.rel1.win32_1.0.100.202602081740/tools/bin/../lib/gcc/arm-none-eabi/14.3.1/../../../../arm-none-eabi/lib/thumb/v7e-m+fp/hard\libm.a(libm_a-k_sin.o)
 .ARM.attributes
                0x00000506       0x34 C:/ST/STM32CubeIDE_2.1.0/STM32CubeIDE/plugins/com.st.stm32cube.ide.mcu.externaltools.gnu-tools-for-stm32.14.3.rel1.win32_1.0.100.202602081740/tools/bin/../lib/gcc/arm-none-eabi/14.3.1/../../../../arm-none-eabi/lib/thumb/v7e-m+fp/hard\libm.a(libm_a-e_rem_pio2.o)
 .ARM.attributes
                0x0000053a       0x34 C:/ST/STM32CubeIDE_2.1.0/STM32CubeIDE/plugins/com.st.stm32cube.ide.mcu.externaltools.gnu-tools-for-stm32.14.3.rel1.win32_1.0.100.202602081740/tools/bin/../lib/gcc/arm-none-eabi/14.3.1/../../../../arm-none-eabi/lib/thumb/v7e-m+fp/hard\libm.a(libm_a-s_fabs.o)
 .ARM.attributes
                0x0000056e       0x34 C:/ST/STM32CubeIDE_2.1.0/STM32CubeIDE/plugins/com.st.stm32cube.ide.mcu.externaltools.gnu-tools-for-stm32.14.3.rel1.win32_1.0.100.202602081740/tools/bin/../lib/gcc/arm-none-eabi/14.3.1/../../../../arm-none-eabi/lib/thumb/v7e-m+fp/hard\libm.a(libm_a-k_rem_pio2.o)
 .ARM.attributes
                0x000005a2       0x34 C:/ST/STM32CubeIDE_2.1.0/STM32CubeIDE/plugins/com.st.stm32cube.ide.mcu.externaltools.gnu-tools-for-stm32.14.3.rel1.win32_1.0.100.202602081740/tools/bin/../lib/gcc/arm-none-eabi/14.3.1/../../../../arm-none-eabi/lib/thumb/v7e-m+fp/hard\libm.a(libm_a-s_scalbn.o)
 .ARM.attributes
                0x000005d6       0x34 C:/ST/STM32CubeIDE_2.1.0/STM32CubeIDE/plugins/com.st.stm32cube.ide.mcu.externaltools.gnu-tools-for-stm32.14.3.rel1.win32_1.0.100.202602081740/tools/bin/../lib/gcc/arm-none-eabi/14.3.1/../../../../arm-none-eabi/lib/thumb/v7e-m+fp/hard\libm.a(libm_a-s_floor.o)
 .ARM.attributes
                0x0000060a       0x22 C:/ST/STM32CubeIDE_2.1.0/STM32CubeIDE/plugins/com.st.stm32cube.ide.mcu.externaltools.gnu-tools-for-stm32.14.3.rel1.win32_1.0.100.202602081740/tools/bin/../lib/gcc/arm-none-eabi/14.3.1/thumb/v7e-m+fp/hard\libgcc.a(_arm_addsubdf3.o)
 .ARM.attributes
                0x0000062c       0x22 C:/ST/STM32CubeIDE_2.1.0/STM32CubeIDE/plugins/com.st.stm32cube.ide.mcu.externaltools.gnu-tools-for-stm32.14.3.rel1.win32_1.0.100.202602081740/tools/bin/../lib/gcc/arm-none-eabi/14.3.1/thumb/v7e-m+fp/hard\libgcc.a(_arm_muldivdf3.o)
 .ARM.attributes
                0x0000064e       0x22 C:/ST/STM32CubeIDE_2.1.0/STM32CubeIDE/plugins/com.st.stm32cube.ide.mcu.externaltools.gnu-tools-for-stm32.14.3.rel1.win32_1.0.100.202602081740/tools/bin/../lib/gcc/arm-none-eabi/14.3.1/thumb/v7e-m+fp/hard\libgcc.a(_arm_cmpdf2.o)
 .ARM.attributes
                0x00000670       0x22 C:/ST/STM32CubeIDE_2.1.0/STM32CubeIDE/plugins/com.st.stm32cube.ide.mcu.externaltools.gnu-tools-for-stm32.14.3.rel1.win32_1.0.100.202602081740/tools/bin/../lib/gcc/arm-none-eabi/14.3.1/thumb/v7e-m+fp/hard\libgcc.a(_arm_fixdfsi.o)
 .ARM.attributes
                0x00000692       0x22 C:/ST/STM32CubeIDE_2.1.0/STM32CubeIDE/plugins/com.st.stm32cube.ide.mcu.externaltools.gnu-tools-for-stm32.14.3.rel1.win32_1.0.100.202602081740/tools/bin/../lib/gcc/arm-none-eabi/14.3.1/thumb/v7e-m+fp/hard\libgcc.a(_arm_truncdfsf2.o)
 .ARM.attributes
                0x000006b4       0x22 C:/ST/STM32CubeIDE_2.1.0/STM32CubeIDE/plugins/com.st.stm32cube.ide.mcu.externaltools.gnu-tools-for-stm32.14.3.rel1.win32_1.0.100.202602081740/tools/bin/../lib/gcc/arm-none-eabi/14.3.1/thumb/v7e-m+fp/hard\libgcc.a(_aeabi_uldivmod.o)
 .ARM.attributes
                0x000006d6       0x34 C:/ST/STM32CubeIDE_2.1.0/STM32CubeIDE/plugins/com.st.stm32cube.ide.mcu.externaltools.gnu-tools-for-stm32.14.3.rel1.win32_1.0.100.202602081740/tools/bin/../lib/gcc/arm-none-eabi/14.3.1/thumb/v7e-m+fp/hard\libgcc.a(_udivmoddi4.o)
 .ARM.attributes
                0x0000070a       0x22 C:/ST/STM32CubeIDE_2.1.0/STM32CubeIDE/plugins/com.st.stm32cube.ide.mcu.externaltools.gnu-tools-for-stm32.14.3.rel1.win32_1.0.100.202602081740/tools/bin/../lib/gcc/arm-none-eabi/14.3.1/thumb/v7e-m+fp/hard\libgcc.a(_dvmd_tls.o)
 .ARM.attributes
                0x0000072c       0x22 C:/ST/STM32CubeIDE_2.1.0/STM32CubeIDE/plugins/com.st.stm32cube.ide.mcu.externaltools.gnu-tools-for-stm32.14.3.rel1.win32_1.0.100.202602081740/tools/bin/../lib/gcc/arm-none-eabi/14.3.1/thumb/v7e-m+fp/hard/crtn.o
OUTPUT(proyecto2_erick_jose.elf elf32-littlearm)
LOAD linker stubs
LOAD C:/ST/STM32CubeIDE_2.1.0/STM32CubeIDE/plugins/com.st.stm32cube.ide.mcu.externaltools.gnu-tools-for-stm32.14.3.rel1.win32_1.0.100.202602081740/tools/bin/../lib/gcc/arm-none-eabi/14.3.1/../../../../arm-none-eabi/lib/thumb/v7e-m+fp/hard\libc.a
LOAD C:/ST/STM32CubeIDE_2.1.0/STM32CubeIDE/plugins/com.st.stm32cube.ide.mcu.externaltools.gnu-tools-for-stm32.14.3.rel1.win32_1.0.100.202602081740/tools/bin/../lib/gcc/arm-none-eabi/14.3.1/../../../../arm-none-eabi/lib/thumb/v7e-m+fp/hard\libm.a
LOAD C:/ST/STM32CubeIDE_2.1.0/STM32CubeIDE/plugins/com.st.stm32cube.ide.mcu.externaltools.gnu-tools-for-stm32.14.3.rel1.win32_1.0.100.202602081740/tools/bin/../lib/gcc/arm-none-eabi/14.3.1/thumb/v7e-m+fp/hard\libgcc.a

.debug_info     0x00000000    0x10dc0
 .debug_info    0x00000000       0xf1 ./Core/Src/font.o
 .debug_info    0x000000f1      0x11e ./Core/Src/graficos.o
 .debug_info    0x0000020f      0xeed ./Core/Src/ili9341.o
 .debug_info    0x000010fc     0x2131 ./Core/Src/main.o
 .debug_info    0x0000322d     0x1347 ./Core/Src/stm32f4xx_hal_msp.o
 .debug_info    0x00004574      0x651 ./Core/Src/stm32f4xx_it.o
 .debug_info    0x00004bc5      0x54a ./Core/Src/system_stm32f4xx.o
 .debug_info    0x0000510f       0x30 ./Core/Startup/startup_stm32f446retx.o
 .debug_info    0x0000513f      0x99a ./Drivers/STM32F4xx_HAL_Driver/Src/stm32f4xx_hal.o
 .debug_info    0x00005ad9      0xdaa ./Drivers/STM32F4xx_HAL_Driver/Src/stm32f4xx_hal_cortex.o
 .debug_info    0x00006883      0x8e7 ./Drivers/STM32F4xx_HAL_Driver/Src/stm32f4xx_hal_dma.o
 .debug_info    0x0000716a      0x70b ./Drivers/STM32F4xx_HAL_Driver/Src/stm32f4xx_hal_gpio.o
 .debug_info    0x00007875      0x8ff ./Drivers/STM32F4xx_HAL_Driver/Src/stm32f4xx_hal_rcc.o
 .debug_info    0x00008174      0x960 ./Drivers/STM32F4xx_HAL_Driver/Src/stm32f4xx_hal_rcc_ex.o
 .debug_info    0x00008ad4     0x1525 ./Drivers/STM32F4xx_HAL_Driver/Src/stm32f4xx_hal_spi.o
 .debug_info    0x00009ff9     0x299d ./Drivers/STM32F4xx_HAL_Driver/Src/stm32f4xx_hal_tim.o
 .debug_info    0x0000c996     0x14db ./Drivers/STM32F4xx_HAL_Driver/Src/stm32f4xx_hal_tim_ex.o
 .debug_info    0x0000de71     0x2f4f ./Drivers/STM32F4xx_HAL_Driver/Src/stm32f4xx_hal_uart.o

.debug_abbrev   0x00000000     0x24e3
 .debug_abbrev  0x00000000       0x64 ./Core/Src/font.o
 .debug_abbrev  0x00000064       0x79 ./Core/Src/graficos.o
 .debug_abbrev  0x000000dd      0x290 ./Core/Src/ili9341.o
 .debug_abbrev  0x0000036d      0x3d2 ./Core/Src/main.o
 .debug_abbrev  0x0000073f      0x23b ./Core/Src/stm32f4xx_hal_msp.o
 .debug_abbrev  0x0000097a      0x177 ./Core/Src/stm32f4xx_it.o
 .debug_abbrev  0x00000af1      0x11a ./Core/Src/system_stm32f4xx.o
 .debug_abbrev  0x00000c0b       0x24 ./Core/Startup/startup_stm32f446retx.o
 .debug_abbrev  0x00000c2f      0x214 ./Drivers/STM32F4xx_HAL_Driver/Src/stm32f4xx_hal.o
 .debug_abbrev  0x00000e43      0x31d ./Drivers/STM32F4xx_HAL_Driver/Src/stm32f4xx_hal_cortex.o
 .debug_abbrev  0x00001160      0x264 ./Drivers/STM32F4xx_HAL_Driver/Src/stm32f4xx_hal_dma.o
 .debug_abbrev  0x000013c4      0x1d4 ./Drivers/STM32F4xx_HAL_Driver/Src/stm32f4xx_hal_gpio.o
 .debug_abbrev  0x00001598      0x2b7 ./Drivers/STM32F4xx_HAL_Driver/Src/stm32f4xx_hal_rcc.o
 .debug_abbrev  0x0000184f      0x211 ./Drivers/STM32F4xx_HAL_Driver/Src/stm32f4xx_hal_rcc_ex.o
 .debug_abbrev  0x00001a60      0x27a ./Drivers/STM32F4xx_HAL_Driver/Src/stm32f4xx_hal_spi.o
 .debug_abbrev  0x00001cda      0x278 ./Drivers/STM32F4xx_HAL_Driver/Src/stm32f4xx_hal_tim.o
 .debug_abbrev  0x00001f52      0x283 ./Drivers/STM32F4xx_HAL_Driver/Src/stm32f4xx_hal_tim_ex.o
 .debug_abbrev  0x000021d5      0x30e ./Drivers/STM32F4xx_HAL_Driver/Src/stm32f4xx_hal_uart.o

.debug_aranges  0x00000000      0xfd8
 .debug_aranges
                0x00000000       0x18 ./Core/Src/font.o
 .debug_aranges
                0x00000018       0x18 ./Core/Src/graficos.o
 .debug_aranges
                0x00000030       0x88 ./Core/Src/ili9341.o
 .debug_aranges
                0x000000b8       0xf0 ./Core/Src/main.o
 .debug_aranges
                0x000001a8       0x58 ./Core/Src/stm32f4xx_hal_msp.o
 .debug_aranges
                0x00000200       0x70 ./Core/Src/stm32f4xx_it.o
 .debug_aranges
                0x00000270       0x28 ./Core/Src/system_stm32f4xx.o
 .debug_aranges
                0x00000298       0x28 ./Core/Startup/startup_stm32f446retx.o
 .debug_aranges
                0x000002c0       0xf0 ./Drivers/STM32F4xx_HAL_Driver/Src/stm32f4xx_hal.o
 .debug_aranges
                0x000003b0      0x130 ./Drivers/STM32F4xx_HAL_Driver/Src/stm32f4xx_hal_cortex.o
 .debug_aranges
                0x000004e0       0x90 ./Drivers/STM32F4xx_HAL_Driver/Src/stm32f4xx_hal_dma.o
 .debug_aranges
                0x00000570       0x58 ./Drivers/STM32F4xx_HAL_Driver/Src/stm32f4xx_hal_gpio.o
 .debug_aranges
                0x000005c8       0x88 ./Drivers/STM32F4xx_HAL_Driver/Src/stm32f4xx_hal_rcc.o
 .debug_aranges
                0x00000650       0x78 ./Drivers/STM32F4xx_HAL_Driver/Src/stm32f4xx_hal_rcc_ex.o
 .debug_aranges
                0x000006c8      0x1d0 ./Drivers/STM32F4xx_HAL_Driver/Src/stm32f4xx_hal_spi.o
 .debug_aranges
                0x00000898      0x3d0 ./Drivers/STM32F4xx_HAL_Driver/Src/stm32f4xx_hal_tim.o
 .debug_aranges
                0x00000c68      0x168 ./Drivers/STM32F4xx_HAL_Driver/Src/stm32f4xx_hal_tim_ex.o
 .debug_aranges
                0x00000dd0      0x208 ./Drivers/STM32F4xx_HAL_Driver/Src/stm32f4xx_hal_uart.o

.debug_macro    0x00000000    0x23c2c
 .debug_macro   0x00000000       0x72 ./Core/Src/font.o
 .debug_macro   0x00000072      0xad8 ./Core/Src/font.o
 .debug_macro   0x00000b4a       0x22 ./Core/Src/font.o
 .debug_macro   0x00000b6c       0x8e ./Core/Src/font.o
 .debug_macro   0x00000bfa       0x51 ./Core/Src/font.o
 .debug_macro   0x00000c4b      0x103 ./Core/Src/font.o
 .debug_macro   0x00000d4e       0x6a ./Core/Src/font.o
 .debug_macro   0x00000db8      0x1df ./Core/Src/font.o
 .debug_macro   0x00000f97       0x34 ./Core/Src/font.o
 .debug_macro   0x00000fcb       0xbe ./Core/Src/graficos.o
 .debug_macro   0x00001089       0x5b ./Core/Src/graficos.o
 .debug_macro   0x000010e4       0x2a ./Core/Src/graficos.o
 .debug_macro   0x0000110e       0x94 ./Core/Src/graficos.o
 .debug_macro   0x000011a2       0x43 ./Core/Src/graficos.o
 .debug_macro   0x000011e5       0x3a ./Core/Src/graficos.o
 .debug_macro   0x0000121f       0x57 ./Core/Src/graficos.o
 .debug_macro   0x00001276       0x89 ./Core/Src/graficos.o
 .debug_macro   0x000012ff      0x460 ./Core/Src/graficos.o
 .debug_macro   0x0000175f      0x1a7 ./Core/Src/graficos.o
 .debug_macro   0x00001906      0x36e ./Core/Src/ili9341.o
 .debug_macro   0x00001c74       0x34 ./Core/Src/ili9341.o
 .debug_macro   0x00001ca8       0x16 ./Core/Src/ili9341.o
 .debug_macro   0x00001cbe      0x11c ./Core/Src/ili9341.o
 .debug_macro   0x00001dda       0x9b ./Core/Src/ili9341.o
 .debug_macro   0x00001e75      0x364 ./Core/Src/ili9341.o
 .debug_macro   0x000021d9       0x16 ./Core/Src/ili9341.o
 .debug_macro   0x000021ef       0x4a ./Core/Src/ili9341.o
 .debug_macro   0x00002239       0x34 ./Core/Src/ili9341.o
 .debug_macro   0x0000226d       0x10 ./Core/Src/ili9341.o
 .debug_macro   0x0000227d       0x58 ./Core/Src/ili9341.o
 .debug_macro   0x000022d5       0x8e ./Core/Src/ili9341.o
 .debug_macro   0x00002363       0x1c ./Core/Src/ili9341.o
 .debug_macro   0x0000237f      0x17e ./Core/Src/ili9341.o
 .debug_macro   0x000024fd       0x16 ./Core/Src/ili9341.o
 .debug_macro   0x00002513       0x29 ./Core/Src/ili9341.o
 .debug_macro   0x0000253c       0x16 ./Core/Src/ili9341.o
 .debug_macro   0x00002552       0x3c ./Core/Src/ili9341.o
 .debug_macro   0x0000258e       0x20 ./Core/Src/ili9341.o
 .debug_macro   0x000025ae       0x2e ./Core/Src/ili9341.o
 .debug_macro   0x000025dc       0x28 ./Core/Src/ili9341.o
 .debug_macro   0x00002604       0x1c ./Core/Src/ili9341.o
 .debug_macro   0x00002620       0x22 ./Core/Src/ili9341.o
 .debug_macro   0x00002642       0xfb ./Core/Src/ili9341.o
 .debug_macro   0x0000273d     0x1011 ./Core/Src/ili9341.o
 .debug_macro   0x0000374e      0x11f ./Core/Src/ili9341.o
 .debug_macro   0x0000386d    0x1675e ./Core/Src/ili9341.o
 .debug_macro   0x00019fcb       0x6d ./Core/Src/ili9341.o
 .debug_macro   0x0001a038      0x2a1 ./Core/Src/ili9341.o
 .debug_macro   0x0001a2d9     0x3693 ./Core/Src/ili9341.o
 .debug_macro   0x0001d96c       0x56 ./Core/Src/ili9341.o
 .debug_macro   0x0001d9c2      0xca5 ./Core/Src/ili9341.o
 .debug_macro   0x0001e667      0x9e9 ./Core/Src/ili9341.o
 .debug_macro   0x0001f050      0x115 ./Core/Src/ili9341.o
 .debug_macro   0x0001f165      0x1a0 ./Core/Src/ili9341.o
 .debug_macro   0x0001f305       0xa5 ./Core/Src/ili9341.o
 .debug_macro   0x0001f3aa      0x16d ./Core/Src/ili9341.o
 .debug_macro   0x0001f517      0x287 ./Core/Src/ili9341.o
 .debug_macro   0x0001f79e       0x5f ./Core/Src/ili9341.o
 .debug_macro   0x0001f7fd      0x236 ./Core/Src/ili9341.o
 .debug_macro   0x0001fa33      0x132 ./Core/Src/ili9341.o
 .debug_macro   0x0001fb65      0x29c ./Core/Src/ili9341.o
 .debug_macro   0x0001fe01       0x2e ./Core/Src/ili9341.o
 .debug_macro   0x0001fe2f      0x127 ./Core/Src/ili9341.o
 .debug_macro   0x0001ff56       0xe8 ./Core/Src/ili9341.o
 .debug_macro   0x0002003e       0x89 ./Core/Src/ili9341.o
 .debug_macro   0x000200c7      0x225 ./Core/Src/ili9341.o
 .debug_macro   0x000202ec      0x8ed ./Core/Src/ili9341.o
 .debug_macro   0x00020bd9       0x53 ./Core/Src/ili9341.o
 .debug_macro   0x00020c2c      0x2aa ./Core/Src/ili9341.o
 .debug_macro   0x00020ed6      0x126 ./Core/Src/ili9341.o
 .debug_macro   0x00020ffc      0x1d9 ./Core/Src/ili9341.o
 .debug_macro   0x000211d5      0x1db ./Core/Src/ili9341.o
 .debug_macro   0x000213b0      0x149 ./Core/Src/ili9341.o
 .debug_macro   0x000214f9       0x10 ./Core/Src/ili9341.o
 .debug_macro   0x00021509      0x118 ./Core/Src/ili9341.o
 .debug_macro   0x00021621       0x3a ./Core/Src/ili9341.o
 .debug_macro   0x0002165b       0x8e ./Core/Src/ili9341.o
 .debug_macro   0x000216e9      0x397 ./Core/Src/main.o
 .debug_macro   0x00021a80      0x190 ./Core/Src/main.o
 .debug_macro   0x00021c10       0x5c ./Core/Src/main.o
 .debug_macro   0x00021c6c       0x88 ./Core/Src/main.o
 .debug_macro   0x00021cf4       0x61 ./Core/Src/main.o
 .debug_macro   0x00021d55       0x16 ./Core/Src/main.o
 .debug_macro   0x00021d6b       0x10 ./Core/Src/main.o
 .debug_macro   0x00021d7b       0x16 ./Core/Src/main.o
 .debug_macro   0x00021d91       0x16 ./Core/Src/main.o
 .debug_macro   0x00021da7      0x146 ./Core/Src/main.o
 .debug_macro   0x00021eed      0x19b ./Core/Src/main.o
 .debug_macro   0x00022088      0x2e3 ./Core/Src/main.o
 .debug_macro   0x0002236b      0x1e7 ./Core/Src/stm32f4xx_hal_msp.o
 .debug_macro   0x00022552      0x1f1 ./Core/Src/stm32f4xx_it.o
 .debug_macro   0x00022743      0x1d8 ./Core/Src/system_stm32f4xx.o
 .debug_macro   0x0002291b      0x238 ./Drivers/STM32F4xx_HAL_Driver/Src/stm32f4xx_hal.o
 .debug_macro   0x00022b53      0x1d8 ./Drivers/STM32F4xx_HAL_Driver/Src/stm32f4xx_hal_cortex.o
 .debug_macro   0x00022d2b      0x1de ./Drivers/STM32F4xx_HAL_Driver/Src/stm32f4xx_hal_dma.o
 .debug_macro   0x00022f09      0x1de ./Drivers/STM32F4xx_HAL_Driver/Src/stm32f4xx_hal_gpio.o
 .debug_macro   0x000230e7      0x1fc ./Drivers/STM32F4xx_HAL_Driver/Src/stm32f4xx_hal_rcc.o
 .debug_macro   0x000232e3      0x1d8 ./Drivers/STM32F4xx_HAL_Driver/Src/stm32f4xx_hal_rcc_ex.o
 .debug_macro   0x000234bb      0x1e7 ./Drivers/STM32F4xx_HAL_Driver/Src/stm32f4xx_hal_spi.o
 .debug_macro   0x000236a2      0x1d9 ./Drivers/STM32F4xx_HAL_Driver/Src/stm32f4xx_hal_tim.o
 .debug_macro   0x0002387b      0x1d8 ./Drivers/STM32F4xx_HAL_Driver/Src/stm32f4xx_hal_tim_ex.o
 .debug_macro   0x00023a53      0x1d9 ./Drivers/STM32F4xx_HAL_Driver/Src/stm32f4xx_hal_uart.o

.debug_line     0x00000000    0x12f72
 .debug_line    0x00000000      0x40c ./Core/Src/font.o
 .debug_line    0x0000040c      0x527 ./Core/Src/graficos.o
 .debug_line    0x00000933      0xe6f ./Core/Src/ili9341.o
 .debug_line    0x000017a2     0x140e ./Core/Src/main.o
 .debug_line    0x00002bb0      0x8ce ./Core/Src/stm32f4xx_hal_msp.o
 .debug_line    0x0000347e      0x840 ./Core/Src/stm32f4xx_it.o
 .debug_line    0x00003cbe      0x7d7 ./Core/Src/system_stm32f4xx.o
 .debug_line    0x00004495       0x7a ./Core/Startup/startup_stm32f446retx.o
 .debug_line    0x0000450f      0xa56 ./Drivers/STM32F4xx_HAL_Driver/Src/stm32f4xx_hal.o
 .debug_line    0x00004f65      0xd23 ./Drivers/STM32F4xx_HAL_Driver/Src/stm32f4xx_hal_cortex.o
 .debug_line    0x00005c88      0xfbf ./Drivers/STM32F4xx_HAL_Driver/Src/stm32f4xx_hal_dma.o
 .debug_line    0x00006c47      0xb94 ./Drivers/STM32F4xx_HAL_Driver/Src/stm32f4xx_hal_gpio.o
 .debug_line    0x000077db      0xe6e ./Drivers/STM32F4xx_HAL_Driver/Src/stm32f4xx_hal_rcc.o
 .debug_line    0x00008649     0x151f ./Drivers/STM32F4xx_HAL_Driver/Src/stm32f4xx_hal_rcc_ex.o
 .debug_line    0x00009b68     0x1cee ./Drivers/STM32F4xx_HAL_Driver/Src/stm32f4xx_hal_spi.o
 .debug_line    0x0000b856     0x37ce ./Drivers/STM32F4xx_HAL_Driver/Src/stm32f4xx_hal_tim.o
 .debug_line    0x0000f024     0x19b3 ./Drivers/STM32F4xx_HAL_Driver/Src/stm32f4xx_hal_tim_ex.o
 .debug_line    0x000109d7     0x259b ./Drivers/STM32F4xx_HAL_Driver/Src/stm32f4xx_hal_uart.o

.debug_str      0x00000000    0xd7e1a
 .debug_str     0x00000000    0xd7e1a ./Core/Src/font.o
                               0x3eaa (size before relaxing)
 .debug_str     0x000d7e1a     0x5dce ./Core/Src/graficos.o
 .debug_str     0x000d7e1a    0xd26a3 ./Core/Src/ili9341.o
 .debug_str     0x000d7e1a    0xd0d1d ./Core/Src/main.o
 .debug_str     0x000d7e1a    0xcbec6 ./Core/Src/stm32f4xx_hal_msp.o
 .debug_str     0x000d7e1a    0xcb36a ./Core/Src/stm32f4xx_it.o
 .debug_str     0x000d7e1a    0xcae0b ./Core/Src/system_stm32f4xx.o
 .debug_str     0x000d7e1a       0xbe ./Core/Startup/startup_stm32f446retx.o
 .debug_str     0x000d7e1a    0xcb9d0 ./Drivers/STM32F4xx_HAL_Driver/Src/stm32f4xx_hal.o
 .debug_str     0x000d7e1a    0xcb727 ./Drivers/STM32F4xx_HAL_Driver/Src/stm32f4xx_hal_cortex.o
 .debug_str     0x000d7e1a    0xcb200 ./Drivers/STM32F4xx_HAL_Driver/Src/stm32f4xx_hal_dma.o
 .debug_str     0x000d7e1a    0xcaf86 ./Drivers/STM32F4xx_HAL_Driver/Src/stm32f4xx_hal_gpio.o
 .debug_str     0x000d7e1a    0xcb244 ./Drivers/STM32F4xx_HAL_Driver/Src/stm32f4xx_hal_rcc.o
 .debug_str     0x000d7e1a    0xcb277 ./Drivers/STM32F4xx_HAL_Driver/Src/stm32f4xx_hal_rcc_ex.o
 .debug_str     0x000d7e1a    0xcb6a4 ./Drivers/STM32F4xx_HAL_Driver/Src/stm32f4xx_hal_spi.o
 .debug_str     0x000d7e1a    0xcc170 ./Drivers/STM32F4xx_HAL_Driver/Src/stm32f4xx_hal_tim.o
 .debug_str     0x000d7e1a    0xcb97c ./Drivers/STM32F4xx_HAL_Driver/Src/stm32f4xx_hal_tim_ex.o
 .debug_str     0x000d7e1a    0xcb7fb ./Drivers/STM32F4xx_HAL_Driver/Src/stm32f4xx_hal_uart.o

.comment        0x00000000       0x43
 .comment       0x00000000       0x43 ./Core/Src/font.o
                                 0x44 (size before relaxing)
 .comment       0x00000043       0x44 ./Core/Src/graficos.o
 .comment       0x00000043       0x44 ./Core/Src/ili9341.o
 .comment       0x00000043       0x44 ./Core/Src/main.o
 .comment       0x00000043       0x44 ./Core/Src/stm32f4xx_hal_msp.o
 .comment       0x00000043       0x44 ./Core/Src/stm32f4xx_it.o
 .comment       0x00000043       0x44 ./Core/Src/system_stm32f4xx.o
 .comment       0x00000043       0x44 ./Drivers/STM32F4xx_HAL_Driver/Src/stm32f4xx_hal.o
 .comment       0x00000043       0x44 ./Drivers/STM32F4xx_HAL_Driver/Src/stm32f4xx_hal_cortex.o
 .comment       0x00000043       0x44 ./Drivers/STM32F4xx_HAL_Driver/Src/stm32f4xx_hal_dma.o
 .comment       0x00000043       0x44 ./Drivers/STM32F4xx_HAL_Driver/Src/stm32f4xx_hal_gpio.o
 .comment       0x00000043       0x44 ./Drivers/STM32F4xx_HAL_Driver/Src/stm32f4xx_hal_rcc.o
 .comment       0x00000043       0x44 ./Drivers/STM32F4xx_HAL_Driver/Src/stm32f4xx_hal_rcc_ex.o
 .comment       0x00000043       0x44 ./Drivers/STM32F4xx_HAL_Driver/Src/stm32f4xx_hal_spi.o
 .comment       0x00000043       0x44 ./Drivers/STM32F4xx_HAL_Driver/Src/stm32f4xx_hal_tim.o
 .comment       0x00000043       0x44 ./Drivers/STM32F4xx_HAL_Driver/Src/stm32f4xx_hal_tim_ex.o
 .comment       0x00000043       0x44 ./Drivers/STM32F4xx_HAL_Driver/Src/stm32f4xx_hal_uart.o

.debug_rnglists
                0x00000000      0xc56
 .debug_rnglists
                0x00000000       0x69 ./Core/Src/ili9341.o
 .debug_rnglists
                0x00000069       0xbf ./Core/Src/main.o
 .debug_rnglists
                0x00000128       0x40 ./Core/Src/stm32f4xx_hal_msp.o
 .debug_rnglists
                0x00000168       0x4f ./Core/Src/stm32f4xx_it.o
 .debug_rnglists
                0x000001b7       0x1a ./Core/Src/system_stm32f4xx.o
 .debug_rnglists
                0x000001d1       0x19 ./Core/Startup/startup_stm32f446retx.o
 .debug_rnglists
                0x000001ea       0xaf ./Drivers/STM32F4xx_HAL_Driver/Src/stm32f4xx_hal.o
 .debug_rnglists
                0x00000299       0xe0 ./Drivers/STM32F4xx_HAL_Driver/Src/stm32f4xx_hal_cortex.o
 .debug_rnglists
                0x00000379       0x70 ./Drivers/STM32F4xx_HAL_Driver/Src/stm32f4xx_hal_dma.o
 .debug_rnglists
                0x000003e9       0x3f ./Drivers/STM32F4xx_HAL_Driver/Src/stm32f4xx_hal_gpio.o
 .debug_rnglists
                0x00000428       0x66 ./Drivers/STM32F4xx_HAL_Driver/Src/stm32f4xx_hal_rcc.o
 .debug_rnglists
                0x0000048e       0x5e ./Drivers/STM32F4xx_HAL_Driver/Src/stm32f4xx_hal_rcc_ex.o
 .debug_rnglists
                0x000004ec      0x16f ./Drivers/STM32F4xx_HAL_Driver/Src/stm32f4xx_hal_spi.o
 .debug_rnglists
                0x0000065b      0x31a ./Drivers/STM32F4xx_HAL_Driver/Src/stm32f4xx_hal_tim.o
 .debug_rnglists
                0x00000975      0x125 ./Drivers/STM32F4xx_HAL_Driver/Src/stm32f4xx_hal_tim_ex.o
 .debug_rnglists
                0x00000a9a      0x1bc ./Drivers/STM32F4xx_HAL_Driver/Src/stm32f4xx_hal_uart.o

.debug_frame    0x00000000     0x43d0
 .debug_frame   0x00000000      0x218 ./Core/Src/ili9341.o
 .debug_frame   0x00000218      0x3a4 ./Core/Src/main.o
 .debug_frame   0x000005bc      0x130 ./Core/Src/stm32f4xx_hal_msp.o
 .debug_frame   0x000006ec      0x130 ./Core/Src/stm32f4xx_it.o
 .debug_frame   0x0000081c       0x50 ./Core/Src/system_stm32f4xx.o
 .debug_frame   0x0000086c      0x31c ./Drivers/STM32F4xx_HAL_Driver/Src/stm32f4xx_hal.o
 .debug_frame   0x00000b88      0x4b8 ./Drivers/STM32F4xx_HAL_Driver/Src/stm32f4xx_hal_cortex.o
 .debug_frame   0x00001040      0x230 ./Drivers/STM32F4xx_HAL_Driver/Src/stm32f4xx_hal_dma.o
 .debug_frame   0x00001270      0x130 ./Drivers/STM32F4xx_HAL_Driver/Src/stm32f4xx_hal_gpio.o
 .debug_frame   0x000013a0      0x1d8 ./Drivers/STM32F4xx_HAL_Driver/Src/stm32f4xx_hal_rcc.o
 .debug_frame   0x00001578      0x1d8 ./Drivers/STM32F4xx_HAL_Driver/Src/stm32f4xx_hal_rcc_ex.o
 .debug_frame   0x00001750      0x7e0 ./Drivers/STM32F4xx_HAL_Driver/Src/stm32f4xx_hal_spi.o
 .debug_frame   0x00001f30     0x10f0 ./Drivers/STM32F4xx_HAL_Driver/Src/stm32f4xx_hal_tim.o
 .debug_frame   0x00003020      0x600 ./Drivers/STM32F4xx_HAL_Driver/Src/stm32f4xx_hal_tim_ex.o
 .debug_frame   0x00003620      0x8ec ./Drivers/STM32F4xx_HAL_Driver/Src/stm32f4xx_hal_uart.o
 .debug_frame   0x00003f0c       0x20 C:/ST/STM32CubeIDE_2.1.0/STM32CubeIDE/plugins/com.st.stm32cube.ide.mcu.externaltools.gnu-tools-for-stm32.14.3.rel1.win32_1.0.100.202602081740/tools/bin/../lib/gcc/arm-none-eabi/14.3.1/../../../../arm-none-eabi/lib/thumb/v7e-m+fp/hard\libc_nano.a(libc_a-memset.o)
 .debug_frame   0x00003f2c       0x2c C:/ST/STM32CubeIDE_2.1.0/STM32CubeIDE/plugins/com.st.stm32cube.ide.mcu.externaltools.gnu-tools-for-stm32.14.3.rel1.win32_1.0.100.202602081740/tools/bin/../lib/gcc/arm-none-eabi/14.3.1/../../../../arm-none-eabi/lib/thumb/v7e-m+fp/hard\libc_nano.a(libc_a-init.o)
 .debug_frame   0x00003f58       0x20 C:/ST/STM32CubeIDE_2.1.0/STM32CubeIDE/plugins/com.st.stm32cube.ide.mcu.externaltools.gnu-tools-for-stm32.14.3.rel1.win32_1.0.100.202602081740/tools/bin/../lib/gcc/arm-none-eabi/14.3.1/../../../../arm-none-eabi/lib/thumb/v7e-m+fp/hard\libc_nano.a(libc_a-strlen.o)
 .debug_frame   0x00003f78       0x40 C:/ST/STM32CubeIDE_2.1.0/STM32CubeIDE/plugins/com.st.stm32cube.ide.mcu.externaltools.gnu-tools-for-stm32.14.3.rel1.win32_1.0.100.202602081740/tools/bin/../lib/gcc/arm-none-eabi/14.3.1/../../../../arm-none-eabi/lib/thumb/v7e-m+fp/hard\libm.a(libm_a-s_sin.o)
 .debug_frame   0x00003fb8       0x4c C:/ST/STM32CubeIDE_2.1.0/STM32CubeIDE/plugins/com.st.stm32cube.ide.mcu.externaltools.gnu-tools-for-stm32.14.3.rel1.win32_1.0.100.202602081740/tools/bin/../lib/gcc/arm-none-eabi/14.3.1/../../../../arm-none-eabi/lib/thumb/v7e-m+fp/hard\libm.a(libm_a-k_cos.o)
 .debug_frame   0x00004004       0x48 C:/ST/STM32CubeIDE_2.1.0/STM32CubeIDE/plugins/com.st.stm32cube.ide.mcu.externaltools.gnu-tools-for-stm32.14.3.rel1.win32_1.0.100.202602081740/tools/bin/../lib/gcc/arm-none-eabi/14.3.1/../../../../arm-none-eabi/lib/thumb/v7e-m+fp/hard\libm.a(libm_a-k_sin.o)
 .debug_frame   0x0000404c       0x48 C:/ST/STM32CubeIDE_2.1.0/STM32CubeIDE/plugins/com.st.stm32cube.ide.mcu.externaltools.gnu-tools-for-stm32.14.3.rel1.win32_1.0.100.202602081740/tools/bin/../lib/gcc/arm-none-eabi/14.3.1/../../../../arm-none-eabi/lib/thumb/v7e-m+fp/hard\libm.a(libm_a-e_rem_pio2.o)
 .debug_frame   0x00004094       0x20 C:/ST/STM32CubeIDE_2.1.0/STM32CubeIDE/plugins/com.st.stm32cube.ide.mcu.externaltools.gnu-tools-for-stm32.14.3.rel1.win32_1.0.100.202602081740/tools/bin/../lib/gcc/arm-none-eabi/14.3.1/../../../../arm-none-eabi/lib/thumb/v7e-m+fp/hard\libm.a(libm_a-s_fabs.o)
 .debug_frame   0x000040b4       0x58 C:/ST/STM32CubeIDE_2.1.0/STM32CubeIDE/plugins/com.st.stm32cube.ide.mcu.externaltools.gnu-tools-for-stm32.14.3.rel1.win32_1.0.100.202602081740/tools/bin/../lib/gcc/arm-none-eabi/14.3.1/../../../../arm-none-eabi/lib/thumb/v7e-m+fp/hard\libm.a(libm_a-k_rem_pio2.o)
 .debug_frame   0x0000410c       0x2c C:/ST/STM32CubeIDE_2.1.0/STM32CubeIDE/plugins/com.st.stm32cube.ide.mcu.externaltools.gnu-tools-for-stm32.14.3.rel1.win32_1.0.100.202602081740/tools/bin/../lib/gcc/arm-none-eabi/14.3.1/../../../../arm-none-eabi/lib/thumb/v7e-m+fp/hard\libm.a(libm_a-s_scalbn.o)
 .debug_frame   0x00004138       0x30 C:/ST/STM32CubeIDE_2.1.0/STM32CubeIDE/plugins/com.st.stm32cube.ide.mcu.externaltools.gnu-tools-for-stm32.14.3.rel1.win32_1.0.100.202602081740/tools/bin/../lib/gcc/arm-none-eabi/14.3.1/../../../../arm-none-eabi/lib/thumb/v7e-m+fp/hard\libm.a(libm_a-s_floor.o)
 .debug_frame   0x00004168       0xac C:/ST/STM32CubeIDE_2.1.0/STM32CubeIDE/plugins/com.st.stm32cube.ide.mcu.externaltools.gnu-tools-for-stm32.14.3.rel1.win32_1.0.100.202602081740/tools/bin/../lib/gcc/arm-none-eabi/14.3.1/thumb/v7e-m+fp/hard\libgcc.a(_arm_addsubdf3.o)
 .debug_frame   0x00004214       0x50 C:/ST/STM32CubeIDE_2.1.0/STM32CubeIDE/plugins/com.st.stm32cube.ide.mcu.externaltools.gnu-tools-for-stm32.14.3.rel1.win32_1.0.100.202602081740/tools/bin/../lib/gcc/arm-none-eabi/14.3.1/thumb/v7e-m+fp/hard\libgcc.a(_arm_muldivdf3.o)
 .debug_frame   0x00004264       0xc4 C:/ST/STM32CubeIDE_2.1.0/STM32CubeIDE/plugins/com.st.stm32cube.ide.mcu.externaltools.gnu-tools-for-stm32.14.3.rel1.win32_1.0.100.202602081740/tools/bin/../lib/gcc/arm-none-eabi/14.3.1/thumb/v7e-m+fp/hard\libgcc.a(_arm_cmpdf2.o)
 .debug_frame   0x00004328       0x24 C:/ST/STM32CubeIDE_2.1.0/STM32CubeIDE/plugins/com.st.stm32cube.ide.mcu.externaltools.gnu-tools-for-stm32.14.3.rel1.win32_1.0.100.202602081740/tools/bin/../lib/gcc/arm-none-eabi/14.3.1/thumb/v7e-m+fp/hard\libgcc.a(_arm_fixdfsi.o)
 .debug_frame   0x0000434c       0x24 C:/ST/STM32CubeIDE_2.1.0/STM32CubeIDE/plugins/com.st.stm32cube.ide.mcu.externaltools.gnu-tools-for-stm32.14.3.rel1.win32_1.0.100.202602081740/tools/bin/../lib/gcc/arm-none-eabi/14.3.1/thumb/v7e-m+fp/hard\libgcc.a(_arm_truncdfsf2.o)
 .debug_frame   0x00004370       0x2c C:/ST/STM32CubeIDE_2.1.0/STM32CubeIDE/plugins/com.st.stm32cube.ide.mcu.externaltools.gnu-tools-for-stm32.14.3.rel1.win32_1.0.100.202602081740/tools/bin/../lib/gcc/arm-none-eabi/14.3.1/thumb/v7e-m+fp/hard\libgcc.a(_aeabi_uldivmod.o)
 .debug_frame   0x0000439c       0x34 C:/ST/STM32CubeIDE_2.1.0/STM32CubeIDE/plugins/com.st.stm32cube.ide.mcu.externaltools.gnu-tools-for-stm32.14.3.rel1.win32_1.0.100.202602081740/tools/bin/../lib/gcc/arm-none-eabi/14.3.1/thumb/v7e-m+fp/hard\libgcc.a(_udivmoddi4.o)

.debug_line_str
                0x00000000       0xa2
 .debug_line_str
                0x00000000       0xa2 ./Core/Startup/startup_stm32f446retx.o
